Archive member included to satisfy reference by file (symbol)

c:/nxp/lpcxpresso_8.2.2_650/lpcxpresso/tools/bin/../lib/gcc/arm-none-eabi/5.4.1/armv7-m\libgcc.a(_arm_addsubdf3.o)
                              ./Walk/WalkingDistance.o (__aeabi_dadd)
c:/nxp/lpcxpresso_8.2.2_650/lpcxpresso/tools/bin/../lib/gcc/arm-none-eabi/5.4.1/armv7-m\libgcc.a(_arm_muldivdf3.o)
                              ./Walk/CANs/CANSender.o (__aeabi_dmul)
c:/nxp/lpcxpresso_8.2.2_650/lpcxpresso/tools/bin/../lib/gcc/arm-none-eabi/5.4.1/armv7-m\libgcc.a(_arm_cmpdf2.o)
                              ./functions.o (__aeabi_dcmplt)
c:/nxp/lpcxpresso_8.2.2_650/lpcxpresso/tools/bin/../lib/gcc/arm-none-eabi/5.4.1/armv7-m\libgcc.a(_arm_fixdfsi.o)
                              ./mbed-src/targets/hal/TARGET_NXP/TARGET_LPC176X/spi_api.o (__aeabi_d2iz)
c:/nxp/lpcxpresso_8.2.2_650/lpcxpresso/tools/bin/../lib/gcc/arm-none-eabi/5.4.1/armv7-m\libgcc.a(_arm_truncdfsf2.o)
                              ./mbed-src/targets/hal/TARGET_NXP/TARGET_LPC176X/serial_api.o (__aeabi_d2f)
c:/nxp/lpcxpresso_8.2.2_650/lpcxpresso/tools/bin/../lib/gcc/arm-none-eabi/5.4.1/armv7-m\libgcc.a(_arm_addsubsf3.o)
                              ./mbed-src/targets/hal/TARGET_NXP/TARGET_LPC176X/serial_api.o (__aeabi_fsub)
c:/nxp/lpcxpresso_8.2.2_650/lpcxpresso/tools/bin/../lib/gcc/arm-none-eabi/5.4.1/armv7-m\libgcc.a(_arm_muldivsf3.o)
                              ./mbed-src/targets/hal/TARGET_NXP/TARGET_LPC176X/analogin_api.o (__aeabi_fmul)
c:/nxp/lpcxpresso_8.2.2_650/lpcxpresso/tools/bin/../lib/gcc/arm-none-eabi/5.4.1/armv7-m\libgcc.a(_arm_cmpsf2.o)
                              ./mbed-src/targets/hal/TARGET_NXP/TARGET_LPC176X/analogout_api.o (__aeabi_fcmplt)
c:/nxp/lpcxpresso_8.2.2_650/lpcxpresso/tools/bin/../lib/gcc/arm-none-eabi/5.4.1/armv7-m\libgcc.a(_arm_fixsfsi.o)
                              ./mbed-src/targets/hal/TARGET_NXP/TARGET_LPC176X/analogout_api.o (__aeabi_f2iz)
c:/nxp/lpcxpresso_8.2.2_650/lpcxpresso/tools/bin/../lib/gcc/arm-none-eabi/5.4.1/armv7-m\libgcc.a(_arm_fixunssfsi.o)
                              ./mbed-src/targets/hal/TARGET_NXP/TARGET_LPC176X/pwmout_api.o (__aeabi_f2uiz)
c:/nxp/lpcxpresso_8.2.2_650/lpcxpresso/tools/bin/../lib/gcc/arm-none-eabi/5.4.1/armv7-m\libgcc.a(_aeabi_uldivmod.o)
                              ./mbed-src/targets/cmsis/TARGET_NXP/TARGET_LPC176X/system_LPC17xx.o (__aeabi_uldivmod)
c:/nxp/lpcxpresso_8.2.2_650/lpcxpresso/tools/bin/../lib/gcc/arm-none-eabi/5.4.1/armv7-m\libgcc.a(_udivmoddi4.o)
                              c:/nxp/lpcxpresso_8.2.2_650/lpcxpresso/tools/bin/../lib/gcc/arm-none-eabi/5.4.1/armv7-m\libgcc.a(_aeabi_uldivmod.o) (__udivmoddi4)
c:/nxp/lpcxpresso_8.2.2_650/lpcxpresso/tools/bin/../lib/gcc/arm-none-eabi/5.4.1/armv7-m\libgcc.a(_dvmd_tls.o)
                              c:/nxp/lpcxpresso_8.2.2_650/lpcxpresso/tools/bin/../lib/gcc/arm-none-eabi/5.4.1/armv7-m\libgcc.a(_aeabi_uldivmod.o) (__aeabi_ldiv0)
c:/nxp/lpcxpresso_8.2.2_650/lpcxpresso/tools/bin/../lib/gcc/arm-none-eabi/5.4.1/../../../../arm-none-eabi/lib/armv7-m\libc.a(lib_a-errno.o)
                              ./mbed-src/common/retarget.o (__errno)
c:/nxp/lpcxpresso_8.2.2_650/lpcxpresso/tools/bin/../lib/gcc/arm-none-eabi/5.4.1/../../../../arm-none-eabi/lib/armv7-m\libc.a(lib_a-fclose.o)
                              ./mbed-src/common/Stream.o (fclose)
c:/nxp/lpcxpresso_8.2.2_650/lpcxpresso/tools/bin/../lib/gcc/arm-none-eabi/5.4.1/../../../../arm-none-eabi/lib/armv7-m\libc.a(lib_a-fflush.o)
                              c:/nxp/lpcxpresso_8.2.2_650/lpcxpresso/tools/bin/../lib/gcc/arm-none-eabi/5.4.1/../../../../arm-none-eabi/lib/armv7-m\libc.a(lib_a-fclose.o) (__sflush_r)
c:/nxp/lpcxpresso_8.2.2_650/lpcxpresso/tools/bin/../lib/gcc/arm-none-eabi/5.4.1/../../../../arm-none-eabi/lib/armv7-m\libc.a(lib_a-fgetc.o)
                              ./mbed-src/common/Stream.o (fgetc)
c:/nxp/lpcxpresso_8.2.2_650/lpcxpresso/tools/bin/../lib/gcc/arm-none-eabi/5.4.1/../../../../arm-none-eabi/lib/armv7-m\libc.a(lib_a-fgets.o)
                              ./mbed-src/common/Stream.o (fgets)
c:/nxp/lpcxpresso_8.2.2_650/lpcxpresso/tools/bin/../lib/gcc/arm-none-eabi/5.4.1/../../../../arm-none-eabi/lib/armv7-m\libc.a(lib_a-findfp.o)
                              c:/nxp/lpcxpresso_8.2.2_650/lpcxpresso/tools/bin/../lib/gcc/arm-none-eabi/5.4.1/../../../../arm-none-eabi/lib/armv7-m\libc.a(lib_a-fclose.o) (__sinit)
c:/nxp/lpcxpresso_8.2.2_650/lpcxpresso/tools/bin/../lib/gcc/arm-none-eabi/5.4.1/../../../../arm-none-eabi/lib/armv7-m\libc.a(lib_a-fopen.o)
                              ./mbed-src/common/Stream.o (fopen)
c:/nxp/lpcxpresso_8.2.2_650/lpcxpresso/tools/bin/../lib/gcc/arm-none-eabi/5.4.1/../../../../arm-none-eabi/lib/armv7-m\libc.a(lib_a-fprintf.o)
                              ./mbed-src/targets/hal/TARGET_NXP/TARGET_LPC176X/analogin_api.o (fprintf)
[...]
Memory Configuration

Name             Origin             Length             Attributes
MFlash512        0x00000000         0x00080000         xr
RamLoc32         0x100000c8         0x00007f38         xrw
RamAHB32         0x2007c000         0x00008000         xrw
*default*        0x00000000         0xffffffff

Linker script and memory map

LOAD ./mbed-src/targets/hal/TARGET_NXP/TARGET_LPC176X/analogin_api.o
LOAD ./mbed-src/targets/hal/TARGET_NXP/TARGET_LPC176X/analogout_api.o
LOAD ./mbed-src/targets/hal/TARGET_NXP/TARGET_LPC176X/can_api.o
LOAD ./mbed-src/targets/hal/TARGET_NXP/TARGET_LPC176X/ethernet_api.o
LOAD ./mbed-src/targets/hal/TARGET_NXP/TARGET_LPC176X/gpio_api.o
LOAD ./mbed-src/targets/hal/TARGET_NXP/TARGET_LPC176X/gpio_irq_api.o
LOAD ./mbed-src/targets/hal/TARGET_NXP/TARGET_LPC176X/i2c_api.o
LOAD ./mbed-src/targets/hal/TARGET_NXP/TARGET_LPC176X/pinmap.o
LOAD ./mbed-src/targets/hal/TARGET_NXP/TARGET_LPC176X/port_api.o
LOAD ./mbed-src/targets/hal/TARGET_NXP/TARGET_LPC176X/pwmout_api.o
LOAD ./mbed-src/targets/hal/TARGET_NXP/TARGET_LPC176X/rtc_api.o
LOAD ./mbed-src/targets/hal/TARGET_NXP/TARGET_LPC176X/serial_api.o
LOAD ./mbed-src/targets/hal/TARGET_NXP/TARGET_LPC176X/sleep.o
LOAD ./mbed-src/targets/hal/TARGET_NXP/TARGET_LPC176X/spi_api.o
LOAD ./mbed-src/targets/hal/TARGET_NXP/TARGET_LPC176X/us_ticker.o
LOAD ./mbed-src/targets/cmsis/TARGET_NXP/TARGET_LPC176X/TOOLCHAIN_GCC_CR/startup_LPC17xx.o
LOAD ./mbed-src/targets/cmsis/TARGET_NXP/TARGET_LPC176X/cmsis_nvic.o
LOAD ./mbed-src/targets/cmsis/TARGET_NXP/TARGET_LPC176X/system_LPC17xx.o
LOAD ./mbed-src/common/BusIn.o
LOAD ./mbed-src/common/BusInOut.o
LOAD ./mbed-src/common/BusOut.o
LOAD ./mbed-src/common/CAN.o
LOAD ./mbed-src/common/CallChain.o
LOAD ./mbed-src/common/Ethernet.o
LOAD ./mbed-src/common/FileBase.o
LOAD ./mbed-src/common/FileLike.o
LOAD ./mbed-src/common/FilePath.o
LOAD ./mbed-src/common/FileSystemLike.o
LOAD ./mbed-src/common/FunctionPointer.o
LOAD ./mbed-src/common/I2C.o
LOAD ./mbed-src/common/I2CSlave.o
LOAD ./mbed-src/common/InterruptIn.o
LOAD ./mbed-src/common/InterruptManager.o
LOAD ./mbed-src/common/LocalFileSystem.o
LOAD ./mbed-src/common/RawSerial.o
LOAD ./mbed-src/common/SPI.o
LOAD ./mbed-src/common/SPISlave.o
LOAD ./mbed-src/common/Serial.o
LOAD ./mbed-src/common/SerialBase.o
LOAD ./mbed-src/common/Stream.o
LOAD ./mbed-src/common/Ticker.o
LOAD ./mbed-src/common/Timeout.o
LOAD ./mbed-src/common/Timer.o
LOAD ./mbed-src/common/TimerEvent.o
LOAD ./mbed-src/common/board.o
LOAD ./mbed-src/common/exit.o
LOAD ./mbed-src/common/mbed_interface.o
LOAD ./mbed-src/common/pinmap_common.o
LOAD ./mbed-src/common/retarget.o
LOAD ./mbed-src/common/rtc_time.o
LOAD ./mbed-src/common/semihost_api.o
LOAD ./mbed-src/common/us_ticker_api.o
LOAD ./mbed-src/common/wait_api.o
LOAD ./Walk/CANs/CANProtocol.o
LOAD ./Walk/CANs/CANReceiver.o
LOAD ./Walk/CANs/CANSender.o
LOAD ./Walk/MRMode.o
LOAD ./Walk/WalkingDistance.o
LOAD ./QEI/QEI.o
LOAD ./PhotoelectricSensor.o
LOAD ./Pins.o
LOAD ./functions.o
LOAD ./main.o
LOAD ./pspad.o
START GROUP
LOAD c:/nxp/lpcxpresso_8.2.2_650/lpcxpresso/tools/bin/../lib/gcc/arm-none-eabi/5.4.1/armv7-m\libgcc.a
LOAD c:/nxp/lpcxpresso_8.2.2_650/lpcxpresso/tools/bin/../lib/gcc/arm-none-eabi/5.4.1/../../../../arm-none-eabi/lib/armv7-m\libc.a
LOAD c:/nxp/lpcxpresso_8.2.2_650/lpcxpresso/tools/bin/../lib/gcc/arm-none-eabi/5.4.1/../../../../arm-none-eabi/lib/armv7-m\libstdc++.a
LOAD c:/nxp/lpcxpresso_8.2.2_650/lpcxpresso/tools/bin/../lib/gcc/arm-none-eabi/5.4.1/../../../../arm-none-eabi/lib/armv7-m\libm.a
LOAD c:/nxp/lpcxpresso_8.2.2_650/lpcxpresso/tools/bin/../lib/gcc/arm-none-eabi/5.4.1/../../../../arm-none-eabi/lib/armv7-m\libcr_newlib_nohost.a
LOAD c:/nxp/lpcxpresso_8.2.2_650/lpcxpresso/tools/bin/../lib/gcc/arm-none-eabi/5.4.1/armv7-m\crti.o
LOAD c:/nxp/lpcxpresso_8.2.2_650/lpcxpresso/tools/bin/../lib/gcc/arm-none-eabi/5.4.1/armv7-m\crtn.o
LOAD c:/nxp/lpcxpresso_8.2.2_650/lpcxpresso/tools/bin/../lib/gcc/arm-none-eabi/5.4.1/armv7-m\crtbegin.o
LOAD c:/nxp/lpcxpresso_8.2.2_650/lpcxpresso/tools/bin/../lib/gcc/arm-none-eabi/5.4.1/armv7-m\crtend.o
END GROUP
                0x00080000                __top_MFlash512 = 0x80000
                0x10008000                __top_RamLoc32 = 0x10008000
                0x20084000                __top_RamAHB32 = 0x20084000

.text           0x00000000    0x14704
 FILL mask 0xff
 *(.isr_vector)
 .isr_vector    0x00000000       0xcc ./mbed-src/targets/cmsis/TARGET_NXP/TARGET_LPC176X/TOOLCHAIN_GCC_CR/startup_LPC17xx.o
                0x00000000                g_pfnVectors
                0x000000cc                . = ALIGN (0x4)
                0x000000cc                __section_table_start = .
                0x000000cc                __data_section_table = .
                0x000000cc        0x4 LONG 0x14854 LOADADDR (.data)
                0x000000d0        0x4 LONG 0x100000c8 ADDR (.data)
                0x000000d4        0x4 LONG 0x8cc SIZEOF (.data)
                0x000000d8        0x4 LONG 0x14854 LOADADDR (.data_RAM2)
                0x000000dc        0x4 LONG 0x2007c000 ADDR (.data_RAM2)
                0x000000e0        0x4 LONG 0x0 SIZEOF (.data_RAM2)
                0x000000e4                __data_section_table_end = .
                0x000000e4                __bss_section_table = .
                0x000000e4        0x4 LONG 0x10000994 ADDR (.bss)
                0x000000e8        0x4 LONG 0x624 SIZEOF (.bss)
                0x000000ec        0x4 LONG 0x2007c000 ADDR (.bss_RAM2)
                0x000000f0        0x4 LONG 0x0 SIZEOF (.bss_RAM2)
                0x000000f4                __bss_section_table_end = .
                0x000000f4                __section_table_end = .
 *(.after_vectors*)
 .after_vectors
                0x000000f4      0x170 ./mbed-src/targets/cmsis/TARGET_NXP/TARGET_LPC176X/TOOLCHAIN_GCC_CR/startup_LPC17xx.o
                0x000000f4                data_init
                0x00000138                bss_init
                0x00000170                ResetISR
                0x000001ec                NMI_Handler
                0x000001f8                HardFault_Handler
                0x00000204                MemManage_Handler
                0x00000210                BusFault_Handler
                0x0000021c                UsageFault_Handler
                0x00000228                SVCall_Handler
                0x00000234                DebugMon_Handler
                0x00000240                PendSV_Handler
                0x0000024c                SysTick_Handler
                0x00000258                EINT2_IRQHandler
                0x00000258                UART1_IRQHandler
                0x00000258                EINT3_IRQHandler
                0x00000258                CANActivity_IRQHandler
                0x00000258                TIMER3_IRQHandler
                0x00000258                UART0_IRQHandler
                0x00000258                USBActivity_IRQHandler
                0x00000258                I2C1_IRQHandler
                0x00000258                IntDefaultHandler
                0x00000258                PLL0_IRQHandler
                0x00000258                I2C0_IRQHandler
                0x00000258                PLL1_IRQHandler
                0x00000258                PWM1_IRQHandler
                0x00000258                I2S_IRQHandler
                0x00000258                I2C2_IRQHandler
                0x00000258                RTC_IRQHandler
                0x00000258                TIMER0_IRQHandler
                0x00000258                SPI_IRQHandler
                0x00000258                RIT_IRQHandler
                0x00000258                EINT1_IRQHandler
                0x00000258                TIMER1_IRQHandler
                0x00000258                UART2_IRQHandler
                0x00000258                ADC_IRQHandler
                0x00000258                SSP1_IRQHandler
                0x00000258                USB_IRQHandler
                0x00000258                BOD_IRQHandler
                0x00000258                SSP0_IRQHandler
                0x00000258                WDT_IRQHandler
                0x00000258                QEI_IRQHandler
                0x00000258                EINT0_IRQHandler
                0x00000258                TIMER2_IRQHandler
                0x00000258                DMA_IRQHandler
                0x00000258                CAN_IRQHandler
                0x00000258                UART3_IRQHandler
                0x00000258                MCPWM_IRQHandler
                0x00000258                ENET_IRQHandler
 *(.text*)
 .text.NVIC_EnableIRQ
                0x00000264       0x30 ./mbed-src/targets/hal/TARGET_NXP/TARGET_LPC176X/can_api.o
 .text.NVIC_DisableIRQ
                0x00000294       0x34 ./mbed-src/targets/hal/TARGET_NXP/TARGET_LPC176X/can_api.o
 .text.can_disable
                0x000002c8       0x2c ./mbed-src/targets/hal/TARGET_NXP/TARGET_LPC176X/can_api.o
 .text.can_enable
                0x000002f4       0x30 ./mbed-src/targets/hal/TARGET_NXP/TARGET_LPC176X/can_api.o
 .text.can_irq  0x00000324      0x134 ./mbed-src/targets/hal/TARGET_NXP/TARGET_LPC176X/can_api.o
 .text.can_irq_n
                0x00000458       0x5c ./mbed-src/targets/hal/TARGET_NXP/TARGET_LPC176X/can_api.o
                0x00000458                can_irq_n
 .text.can_irq_init
                0x000004b4       0x30 ./mbed-src/targets/hal/TARGET_NXP/TARGET_LPC176X/can_api.o
                0x000004b4                can_irq_init
 .text.can_irq_free
                0x000004e4       0x48 ./mbed-src/targets/hal/TARGET_NXP/TARGET_LPC176X/can_api.o
                0x000004e4                can_irq_free
 .text.can_irq_set
                0x0000052c      0x120 ./mbed-src/targets/hal/TARGET_NXP/TARGET_LPC176X/can_api.o
                0x0000052c                can_irq_set
 .text.can_pclk
                0x0000064c       0x70 ./mbed-src/targets/hal/TARGET_NXP/TARGET_LPC176X/can_api.o
 .text.can_speed
                0x000006bc       0xcc ./mbed-src/targets/hal/TARGET_NXP/TARGET_LPC176X/can_api.o
 .text.can_init
                0x00000788      0x100 ./mbed-src/targets/hal/TARGET_NXP/TARGET_LPC176X/can_api.o
                0x00000788                can_init
 .text.can_free
                0x00000888       0x54 ./mbed-src/targets/hal/TARGET_NXP/TARGET_LPC176X/can_api.o
                0x00000888                can_free
 .text.can_frequency
                0x000008dc       0x54 ./mbed-src/targets/hal/TARGET_NXP/TARGET_LPC176X/can_api.o
                0x000008dc                can_frequency
 .text.can_write
                0x00000930      0x194 ./mbed-src/targets/hal/TARGET_NXP/TARGET_LPC176X/can_api.o
                0x00000930                can_write
 .text.can_read
                0x00000ac4       0xcc ./mbed-src/targets/hal/TARGET_NXP/TARGET_LPC176X/can_api.o
                0x00000ac4                can_read
 .text.can_reset
                0x00000b90       0x20 ./mbed-src/targets/hal/TARGET_NXP/TARGET_LPC176X/can_api.o
                0x00000b90                can_reset
 .text.gpio_set
                0x00000bb0       0x24 ./mbed-src/targets/hal/TARGET_NXP/TARGET_LPC176X/gpio_api.o
                0x00000bb0                gpio_set
 .text.gpio_init
                0x00000bd4       0x88 ./mbed-src/targets/hal/TARGET_NXP/TARGET_LPC176X/gpio_api.o
                0x00000bd4                gpio_init
 .text.gpio_mode
                0x00000c5c       0x24 ./mbed-src/targets/hal/TARGET_NXP/TARGET_LPC176X/gpio_api.o
                0x00000c5c                gpio_mode
 .text.gpio_dir
                0x00000c80       0x4c ./mbed-src/targets/hal/TARGET_NXP/TARGET_LPC176X/gpio_api.o
                0x00000c80                gpio_dir
 .text.pin_function
                0x00000ccc       0x74 ./mbed-src/targets/hal/TARGET_NXP/TARGET_LPC176X/pinmap.o
                0x00000ccc                pin_function
 .text.pin_mode
                0x00000d40       0xdc ./mbed-src/targets/hal/TARGET_NXP/TARGET_LPC176X/pinmap.o
                0x00000d40                pin_mode
 .text.pwmout_init
                0x00000e1c       0xd8 ./mbed-src/targets/hal/TARGET_NXP/TARGET_LPC176X/pwmout_api.o
                0x00000e1c                pwmout_init
 .text.pwmout_write
                0x00000ef4       0x90 ./mbed-src/targets/hal/TARGET_NXP/TARGET_LPC176X/pwmout_api.o
                0x00000ef4                pwmout_write
 .text.pwmout_period_ms
                0x00000f84       0x24 ./mbed-src/targets/hal/TARGET_NXP/TARGET_LPC176X/pwmout_api.o
                0x00000f84                pwmout_period_ms
 .text.pwmout_period_us
                0x00000fa8       0x68 ./mbed-src/targets/hal/TARGET_NXP/TARGET_LPC176X/pwmout_api.o
                0x00000fa8                pwmout_period_us
 .text.serial_init
                0x00001010      0x1a8 ./mbed-src/targets/hal/TARGET_NXP/TARGET_LPC176X/serial_api.o
                0x00001010                serial_init
 .text.serial_baud
                0x000011b8      0x2d8 ./mbed-src/targets/hal/TARGET_NXP/TARGET_LPC176X/serial_api.o
                0x000011b8                serial_baud
 .text.serial_format
                0x00001490      0x108 ./mbed-src/targets/hal/TARGET_NXP/TARGET_LPC176X/serial_api.o
                0x00001490                serial_format
 .text.serial_irq_handler
                0x00001598       0x30 ./mbed-src/targets/hal/TARGET_NXP/TARGET_LPC176X/serial_api.o
                0x00001598                serial_irq_handler
 .text.serial_getc
                0x000015c8       0x28 ./mbed-src/targets/hal/TARGET_NXP/TARGET_LPC176X/serial_api.o
                0x000015c8                serial_getc
 .text.serial_putc
                0x000015f0       0x38 ./mbed-src/targets/hal/TARGET_NXP/TARGET_LPC176X/serial_api.o
                0x000015f0                serial_putc
 .text.serial_readable
                0x00001628       0x20 ./mbed-src/targets/hal/TARGET_NXP/TARGET_LPC176X/serial_api.o
                0x00001628                serial_readable
 .text.serial_writable
                0x00001648       0x3c ./mbed-src/targets/hal/TARGET_NXP/TARGET_LPC176X/serial_api.o
                0x00001648                serial_writable
 .text.NVIC_EnableIRQ
                0x00001684       0x30 ./mbed-src/targets/hal/TARGET_NXP/TARGET_LPC176X/us_ticker.o
 .text.us_ticker_init
                0x000016b4       0x84 ./mbed-src/targets/hal/TARGET_NXP/TARGET_LPC176X/us_ticker.o
                0x000016b4                us_ticker_init
 .text.us_ticker_read
                0x00001738       0x20 ./mbed-src/targets/hal/TARGET_NXP/TARGET_LPC176X/us_ticker.o
                0x00001738                us_ticker_read
 .text.us_ticker_set_interrupt
                0x00001758       0x28 ./mbed-src/targets/hal/TARGET_NXP/TARGET_LPC176X/us_ticker.o
                0x00001758                us_ticker_set_interrupt
 .text.us_ticker_disable_interrupt
                0x00001780       0x1c ./mbed-src/targets/hal/TARGET_NXP/TARGET_LPC176X/us_ticker.o
                0x00001780                us_ticker_disable_interrupt
 .text.us_ticker_clear_interrupt
                0x0000179c       0x18 ./mbed-src/targets/hal/TARGET_NXP/TARGET_LPC176X/us_ticker.o
                0x0000179c                us_ticker_clear_interrupt
 .text.__aeabi_atexit
                0x000017b4       0x18 ./mbed-src/targets/cmsis/TARGET_NXP/TARGET_LPC176X/TOOLCHAIN_GCC_CR/startup_LPC17xx.o
                0x000017b4                __aeabi_atexit
 .text._Znwj    0x000017cc       0x18 ./mbed-src/targets/cmsis/TARGET_NXP/TARGET_LPC176X/TOOLCHAIN_GCC_CR/startup_LPC17xx.o
                0x000017cc                operator new(unsigned int)
 .text._ZdlPv   0x000017e4       0x18 ./mbed-src/targets/cmsis/TARGET_NXP/TARGET_LPC176X/TOOLCHAIN_GCC_CR/startup_LPC17xx.o
                0x000017e4                operator delete(void*)
 .text.NVIC_SetVector
                0x000017fc       0x70 ./mbed-src/targets/cmsis/TARGET_NXP/TARGET_LPC176X/cmsis_nvic.o
                0x000017fc                NVIC_SetVector
 .text.SystemInit
                0x0000186c       0xf4 ./mbed-src/targets/cmsis/TARGET_NXP/TARGET_LPC176X/system_LPC17xx.o
                0x0000186c                SystemInit
 .text.gpio_read
                0x00001960       0x28 ./mbed-src/common/BusIn.o
 .text._ZN4mbed9DigitalInC2E7PinName
                0x00001988       0x20 ./mbed-src/common/BusIn.o
                0x00001988                mbed::DigitalIn::DigitalIn(PinName)
                0x00001988                mbed::DigitalIn::DigitalIn(PinName)
 .text._ZN4mbed9DigitalIn4readEv
                0x000019a8       0x1c ./mbed-src/common/BusIn.o
                0x000019a8                mbed::DigitalIn::read()
 .text.gpio_write
                0x000019c4       0x30 ./mbed-src/common/BusOut.o
 .text._ZN4mbed10DigitalOutC2E7PinName
                0x000019f4       0x20 ./mbed-src/common/BusOut.o
                0x000019f4                mbed::DigitalOut::DigitalOut(PinName)
                0x000019f4                mbed::DigitalOut::DigitalOut(PinName)
 .text._ZN4mbed10DigitalOut5writeEi
                0x00001a14       0x1c ./mbed-src/common/BusOut.o
                0x00001a14                mbed::DigitalOut::write(int)
 .text._ZN4mbed3CANC2E7PinNameS1_
                0x00001a30       0x5c ./mbed-src/common/CAN.o
                0x00001a30                mbed::CAN::CAN(PinName, PinName)
                0x00001a30                mbed::CAN::CAN(PinName, PinName)
 .text._ZN4mbed3CAND2Ev
                0x00001a8c       0x3c ./mbed-src/common/CAN.o
                0x00001a8c                mbed::CAN::~CAN()
                0x00001a8c                mbed::CAN::~CAN()
 .text._ZN4mbed3CAND0Ev
                0x00001ac8       0x20 ./mbed-src/common/CAN.o
                0x00001ac8                mbed::CAN::~CAN()
 .text._ZN4mbed3CAN9frequencyEi
                0x00001ae8       0x20 ./mbed-src/common/CAN.o
                0x00001ae8                mbed::CAN::frequency(int)
 .text._ZN4mbed3CAN5writeENS_10CANMessageE
                0x00001b08       0x38 ./mbed-src/common/CAN.o
                0x00001b08                mbed::CAN::write(mbed::CANMessage)
 .text._ZN4mbed3CAN4readERNS_10CANMessageEi
                0x00001b40       0x24 ./mbed-src/common/CAN.o
                0x00001b40                mbed::CAN::read(mbed::CANMessage&, int)
 .text._ZN4mbed3CAN6attachEPFvvENS0_7IrqTypeE
                0x00001b64       0x54 ./mbed-src/common/CAN.o
                0x00001b64                mbed::CAN::attach(void (*)(), mbed::CAN::IrqType)
 .text._ZN4mbed3CAN12_irq_handlerEm10CanIrqType
                0x00001bb8       0x30 ./mbed-src/common/CAN.o
                0x00001bb8                mbed::CAN::_irq_handler(unsigned long, CanIrqType)
 .text._ZN4mbed8FileBaseC2EPKcNS_8PathTypeE
                0x00001be8       0x50 ./mbed-src/common/FileBase.o
                0x00001be8                mbed::FileBase::FileBase(char const*, mbed::PathType)
                0x00001be8                mbed::FileBase::FileBase(char const*, mbed::PathType)
 .text._ZN4mbed8FileBaseD2Ev
                0x00001c38       0x68 ./mbed-src/common/FileBase.o
                0x00001c38                mbed::FileBase::~FileBase()
                0x00001c38                mbed::FileBase::~FileBase()
 .text._ZN4mbed8FileBaseD0Ev
                0x00001ca0       0x20 ./mbed-src/common/FileBase.o
                0x00001ca0                mbed::FileBase::~FileBase()
 .text._ZN4mbed8FileBase6lookupEPKcj
                0x00001cc0       0x68 ./mbed-src/common/FileBase.o
                0x00001cc0                mbed::FileBase::lookup(char const*, unsigned int)
 .text._ZN4mbed8FileBase11getPathTypeEv
                0x00001d28       0x18 ./mbed-src/common/FileBase.o
                0x00001d28                mbed::FileBase::getPathType()
 .text._ZN4mbed10FileHandle4flenEv
                0x00001d40       0x54 ./mbed-src/common/FileLike.o
                0x00001d40                mbed::FileHandle::flen()
 .text._ZN4mbed10FileHandleC2Ev
                0x00001d94       0x20 ./mbed-src/common/FileLike.o
                0x00001d94                mbed::FileHandle::FileHandle()
                0x00001d94                mbed::FileHandle::FileHandle()
 .text._ZN4mbed8FileLikeC2EPKc
                0x00001db4       0x40 ./mbed-src/common/FileLike.o
                0x00001db4                mbed::FileLike::FileLike(char const*)
                0x00001db4                mbed::FileLike::FileLike(char const*)
 .text._ZN4mbed8FileLikeD2Ev
                0x00001df4       0x44 ./mbed-src/common/FileLike.o
                0x00001df4                mbed::FileLike::~FileLike()
                0x00001df4                mbed::FileLike::~FileLike()
 .text._ZN4mbed8FilePathC2EPKc
                0x00001e38       0x88 ./mbed-src/common/FilePath.o
                0x00001e38                mbed::FilePath::FilePath(char const*)
                0x00001e38                mbed::FilePath::FilePath(char const*)
 .text._ZN4mbed8FilePath8fileNameEv
                0x00001ec0       0x18 ./mbed-src/common/FilePath.o
                0x00001ec0                mbed::FilePath::fileName()
 .text._ZN4mbed8FilePath12isFileSystemEv
                0x00001ed8       0x34 ./mbed-src/common/FilePath.o
                0x00001ed8                mbed::FilePath::isFileSystem()
 .text._ZN4mbed8FilePath10fileSystemEv
                0x00001f0c       0x24 ./mbed-src/common/FilePath.o
                0x00001f0c                mbed::FilePath::fileSystem()
 .text._ZN4mbed8FilePath6isFileEv
                0x00001f30       0x34 ./mbed-src/common/FilePath.o
                0x00001f30                mbed::FilePath::isFile()
 .text._ZN4mbed8FilePath4fileEv
                0x00001f64       0x34 ./mbed-src/common/FilePath.o
                0x00001f64                mbed::FilePath::file()
 .text._ZN4mbed8FilePath6existsEv
                0x00001f98       0x20 ./mbed-src/common/FilePath.o
                0x00001f98                mbed::FilePath::exists()
 .text._ZN4mbed15FunctionPointerC2EPFvvE
                0x00001fb8       0x1c ./mbed-src/common/FunctionPointer.o
                0x00001fb8                mbed::FunctionPointer::FunctionPointer(void (*)())
                0x00001fb8                mbed::FunctionPointer::FunctionPointer(void (*)())
 .text._ZN4mbed15FunctionPointer6attachEPFvvE
                0x00001fd4       0x20 ./mbed-src/common/FunctionPointer.o
                0x00001fd4                mbed::FunctionPointer::attach(void (*)())
 .text._ZN4mbed15FunctionPointer4callEv
                0x00001ff4       0x38 ./mbed-src/common/FunctionPointer.o
                0x00001ff4                mbed::FunctionPointer::call()
 .text._ZN4mbed6SerialC2E7PinNameS1_PKc
                0x0000202c       0x44 ./mbed-src/common/Serial.o
                0x0000202c                mbed::Serial::Serial(PinName, PinName, char const*)
                0x0000202c                mbed::Serial::Serial(PinName, PinName, char const*)
 .text._ZN4mbed6Serial5_getcEv
                0x00002070       0x1c ./mbed-src/common/Serial.o
                0x00002070                mbed::Serial::_getc()
 .text._ZN4mbed6Serial5_putcEi
                0x0000208c       0x20 ./mbed-src/common/Serial.o
                0x0000208c                mbed::Serial::_putc(int)
 .text._ZN4mbed6SerialD2Ev
                0x000020ac       0x44 ./mbed-src/common/Serial.o
                0x000020ac                mbed::Serial::~Serial()
                0x000020ac                mbed::Serial::~Serial()
                0x000020e8                non-virtual thunk to mbed::Serial::~Serial()
 .text._ZN4mbed6SerialD0Ev
                0x000020f0       0x28 ./mbed-src/common/Serial.o
                0x000020f0                mbed::Serial::~Serial()
                0x00002110                non-virtual thunk to mbed::Serial::~Serial()
 .text._ZN4mbed10SerialBaseC2E7PinNameS1_
                0x00002118       0x58 ./mbed-src/common/SerialBase.o
                0x00002118                mbed::SerialBase::SerialBase(PinName, PinName)
                0x00002118                mbed::SerialBase::SerialBase(PinName, PinName)
 .text._ZN4mbed10SerialBase4baudEi
                0x00002170       0x24 ./mbed-src/common/SerialBase.o
                0x00002170                mbed::SerialBase::baud(int)
 .text._ZN4mbed10SerialBase8readableEv
                0x00002194       0x1c ./mbed-src/common/SerialBase.o
                0x00002194                mbed::SerialBase::readable()
 .text._ZN4mbed10SerialBase12_irq_handlerEm9SerialIrq
                0x000021b0       0x30 ./mbed-src/common/SerialBase.o
                0x000021b0                mbed::SerialBase::_irq_handler(unsigned long, SerialIrq)
 .text._ZN4mbed10SerialBase10_base_getcEv
                0x000021e0       0x1c ./mbed-src/common/SerialBase.o
                0x000021e0                mbed::SerialBase::_base_getc()
 .text._ZN4mbed10SerialBase10_base_putcEi
                0x000021fc       0x20 ./mbed-src/common/SerialBase.o
                0x000021fc                mbed::SerialBase::_base_putc(int)
 .text._ZN4mbed6StreamC2EPKc
                0x0000221c       0x68 ./mbed-src/common/Stream.o
                0x0000221c                mbed::Stream::Stream(char const*)
                0x0000221c                mbed::Stream::Stream(char const*)
 .text._ZN4mbed6StreamD2Ev
                0x00002284       0x44 ./mbed-src/common/Stream.o
                0x00002284                mbed::Stream::~Stream()
                0x00002284                mbed::Stream::~Stream()
 .text._ZN4mbed6Stream5closeEv
                0x000022c8       0x14 ./mbed-src/common/Stream.o
                0x000022c8                mbed::Stream::close()
 .text._ZN4mbed6Stream5writeEPKvj
                0x000022dc       0x5c ./mbed-src/common/Stream.o
                0x000022dc                mbed::Stream::write(void const*, unsigned int)
 .text._ZN4mbed6Stream4readEPvj
                0x00002338       0x54 ./mbed-src/common/Stream.o
                0x00002338                mbed::Stream::read(void*, unsigned int)
 .text._ZN4mbed6Stream5lseekEli
                0x0000238c       0x18 ./mbed-src/common/Stream.o
                0x0000238c                mbed::Stream::lseek(long, int)
 .text._ZN4mbed6Stream6isattyEv
                0x000023a4       0x14 ./mbed-src/common/Stream.o
                0x000023a4                mbed::Stream::isatty()
 .text._ZN4mbed6Stream5fsyncEv
                0x000023b8       0x14 ./mbed-src/common/Stream.o
                0x000023b8                mbed::Stream::fsync()
 .text._ZN4mbed6Stream4flenEv
                0x000023cc       0x14 ./mbed-src/common/Stream.o
                0x000023cc                mbed::Stream::flen()
 .text._ZN4mbed6Stream6printfEPKcz
                0x000023e0       0x3c ./mbed-src/common/Stream.o
                0x000023e0                mbed::Stream::printf(char const*, ...)
 .text._ZN4mbed5TimerC2Ev
                0x0000241c       0x18 ./mbed-src/common/Timer.o
                0x0000241c                mbed::Timer::Timer()
                0x0000241c                mbed::Timer::Timer()
 .text._ZN4mbed5Timer5startEv
                0x00002434       0x20 ./mbed-src/common/Timer.o
                0x00002434                mbed::Timer::start()
 .text._ZN4mbed5Timer4stopEv
                0x00002454       0x28 ./mbed-src/common/Timer.o
                0x00002454                mbed::Timer::stop()
 .text._ZN4mbed5Timer7read_usEv
                0x0000247c       0x20 ./mbed-src/common/Timer.o
                0x0000247c                mbed::Timer::read_us()
 .text._ZN4mbed5Timer9slicetimeEv
                0x0000249c       0x28 ./mbed-src/common/Timer.o
                0x0000249c                mbed::Timer::slicetime()
 .text._ZN4mbed5Timer5resetEv
                0x000024c4       0x20 ./mbed-src/common/Timer.o
                0x000024c4                mbed::Timer::reset()
 .text.gpio_write
                0x000024e4       0x30 ./mbed-src/common/board.o
 .text.mbed_die
                0x00002514       0xb8 ./mbed-src/common/board.o
                0x00002514                mbed_die
 .text.exit     0x000025cc       0x24 ./mbed-src/common/exit.o
                0x000025cc                exit
 .text.mbed_interface_connected
                0x000025f0       0x10 ./mbed-src/common/mbed_interface.o
                0x000025f0                mbed_interface_connected
 .text.pinmap_pinout
                0x00002600       0x68 ./mbed-src/common/pinmap_common.o
                0x00002600                pinmap_pinout
 .text.pinmap_merge
                0x00002668       0x54 ./mbed-src/common/pinmap_common.o
                0x00002668                pinmap_merge
 .text.pinmap_peripheral
                0x000026bc       0x5c ./mbed-src/common/pinmap_common.o
                0x000026bc                pinmap_peripheral
 .text._ZN4mbed10FileHandleD2Ev
                0x00002718       0x58 ./mbed-src/common/retarget.o
                0x00002718                mbed::FileHandle::~FileHandle()
                0x00002718                mbed::FileHandle::~FileHandle()
 .text._ZL11init_serialv
                0x00002770       0x2c ./mbed-src/common/retarget.o
 .text._ZL17openmode_to_posixi
                0x0000279c       0x18 ./mbed-src/common/retarget.o
 .text._open    0x000027b4      0x170 ./mbed-src/common/retarget.o
                0x000027b4                _open
 .text._close   0x00002924       0x50 ./mbed-src/common/retarget.o
                0x00002924                _close
 .text._write   0x00002974       0x88 ./mbed-src/common/retarget.o
                0x00002974                _write
 .text._read    0x000029fc       0x64 ./mbed-src/common/retarget.o
                0x000029fc                _read
 .text._isatty  0x00002a60       0x44 ./mbed-src/common/retarget.o
                0x00002a60                _isatty
 .text._lseek   0x00002aa4       0x4c ./mbed-src/common/retarget.o
                0x00002aa4                _lseek
 .text._fstat   0x00002af0       0x40 ./mbed-src/common/retarget.o
                0x00002af0                _fstat
 .text.__cxa_pure_virtual
                0x00002b30        0xc ./mbed-src/common/retarget.o
                0x00002b30                __cxa_pure_virtual
 .text.__semihost
                0x00002b3c       0x24 ./mbed-src/common/semihost_api.o
 .text.semihost_exit
                0x00002b60       0x1c ./mbed-src/common/semihost_api.o
                0x00002b60                semihost_exit
 .text.semihost_connected
                0x00002b7c       0x24 ./mbed-src/common/semihost_api.o
                0x00002b7c                semihost_connected
 .text.us_ticker_irq_handler
                0x00002ba0       0x6c ./mbed-src/common/us_ticker_api.o
                0x00002ba0                us_ticker_irq_handler
 .text.wait_ms  0x00002c0c       0x20 ./mbed-src/common/wait_api.o
                0x00002c0c                wait_ms
 .text.wait_us  0x00002c2c       0x28 ./mbed-src/common/wait_api.o
                0x00002c2c                wait_us
 .text._Z14CANID_generateN5CANID4FromENS_2ToENS_8DataTypeE
                0x00002c54       0x34 ./Walk/CANs/CANProtocol.o
                0x00002c54                CANID_generate(CANID::From, CANID::To, CANID::DataType)
 .text._Z11CANID_is_toiN5CANID2ToE
                0x00002c88       0x2c ./Walk/CANs/CANProtocol.o
                0x00002c88                CANID_is_to(int, CANID::To)
 .text._Z13CANID_is_typeiN5CANID8DataTypeE
                0x00002cb4       0x2c ./Walk/CANs/CANProtocol.o
                0x00002cb4                CANID_is_type(int, CANID::DataType)
 .text._ZN11CANProtocolC2Ev
                0x00002ce0       0x14 ./Walk/CANs/CANReceiver.o
                0x00002ce0                CANProtocol::CANProtocol()
                0x00002ce0                CANProtocol::CANProtocol()
 .text._ZN11CANReceiverC2EPN4mbed3CANE
                0x00002cf4       0x24 ./Walk/CANs/CANReceiver.o
                0x00002cf4                CANReceiver::CANReceiver(mbed::CAN*)
                0x00002cf4                CANReceiver::CANReceiver(mbed::CAN*)
 .text._ZN11CANReceiver7receiveEjPh
                0x00002d18       0xfc ./Walk/CANs/CANReceiver.o
                0x00002d18                CANReceiver::receive(unsigned int, unsigned char*)
 .text._ZN11CANReceiver8get_dataEN5CANID8DataTypeE
                0x00002e14       0x28 ./Walk/CANs/CANReceiver.o
                0x00002e14                CANReceiver::get_data(CANID::DataType)
 *fill*         0x00002e3c        0x4 ff
 .text._ZN11CANReceiver19decode_from_candataEPhii
                0x00002e40      0x104 ./Walk/CANs/CANReceiver.o
                0x00002e40                CANReceiver::decode_from_candata(unsigned char*, int, int)
 .text._ZN11CAN_MessageC2Ev
                0x00002f44       0x14 ./Walk/CANs/CANSender.o
                0x00002f44                CAN_Message::CAN_Message()
                0x00002f44                CAN_Message::CAN_Message()
 .text._ZN4mbed10CANMessageC2EiPKcc7CANType9CANFormat
                0x00002f58       0x4c ./Walk/CANs/CANSender.o
                0x00002f58                mbed::CANMessage::CANMessage(int, char const*, char, CANType, CANFormat)
                0x00002f58                mbed::CANMessage::CANMessage(int, char const*, char, CANType, CANFormat)
 .text._ZN9CANSenderC2EPN4mbed3CANE
                0x00002fa4       0x24 ./Walk/CANs/CANSender.o
                0x00002fa4                CANSender::CANSender(mbed::CAN*)
                0x00002fa4                CANSender::CANSender(mbed::CAN*)
 .text._ZN9CANSender4sendEif
                0x00002fc8      0x100 ./Walk/CANs/CANSender.o
                0x00002fc8                CANSender::send(int, float)
 .text._ZN9CANSender19store_value_in_dataEN5CANID8DataTypeEfii
                0x000030c8      0x18c ./Walk/CANs/CANSender.o
                0x000030c8                CANSender::store_value_in_data(CANID::DataType, float, int, int)
 .text._ZN9CANSender16copy_data_in_msgEPN4mbed10CANMessageEN5CANID8DataTypeEi
                0x00003254       0x4c ./Walk/CANs/CANSender.o
                0x00003254                CANSender::copy_data_in_msg(mbed::CANMessage*, CANID::DataType, int)
 .text._ZN6MRModeC2ENS_4AreaEP9CANSender
                0x000032a0       0x2c ./Walk/MRMode.o
                0x000032a0                MRMode::MRMode(MRMode::Area, CANSender*)
                0x000032a0                MRMode::MRMode(MRMode::Area, CANSender*)
 .text._ZN6MRMode11set_initialEv
                0x000032cc       0x1c ./Walk/MRMode.o
                0x000032cc                MRMode::set_initial()
 .text._ZN6MRMode3setENS_4AreaE
                0x000032e8       0x1c ./Walk/MRMode.o
                0x000032e8                MRMode::set(MRMode::Area)
 .text._ZN6MRMode7get_nowEv
                0x00003304       0x18 ./Walk/MRMode.o
                0x00003304                MRMode::get_now()
 .text._ZN15WalkingDistanceC2Ev
                0x0000331c       0x48 ./Walk/WalkingDistance.o
                0x0000331c                WalkingDistance::WalkingDistance()
                0x0000331c                WalkingDistance::WalkingDistance()
 .text._ZN15WalkingDistance17integrate_move_frEf
                0x00003364       0x34 ./Walk/WalkingDistance.o
                0x00003364                WalkingDistance::integrate_move_fr(float)
 .text._ZN15WalkingDistance17integrate_move_flEf
                0x00003398       0x34 ./Walk/WalkingDistance.o
                0x00003398                WalkingDistance::integrate_move_fl(float)
 .text._ZN15WalkingDistance17integrate_move_rrEf
                0x000033cc       0x34 ./Walk/WalkingDistance.o
                0x000033cc                WalkingDistance::integrate_move_rr(float)
 .text._ZN15WalkingDistance17integrate_move_rlEf
                0x00003400       0x34 ./Walk/WalkingDistance.o
                0x00003400                WalkingDistance::integrate_move_rl(float)
 .text._ZN15WalkingDistance13calc_positionEf
                0x00003434      0x1c0 ./Walk/WalkingDistance.o
                0x00003434                WalkingDistance::calc_position(float)
 .text._ZN15WalkingDistance14reset_positionEfff
                0x000035f4       0x2c ./Walk/WalkingDistance.o
                0x000035f4                WalkingDistance::reset_position(float, float, float)
 .text._ZN15WalkingDistance16reset_move_rightEv
                0x00003620       0x38 ./Walk/WalkingDistance.o
                0x00003620                WalkingDistance::reset_move_right()
 .text._ZN15WalkingDistance15reset_move_leftEv
                0x00003658       0x38 ./Walk/WalkingDistance.o
                0x00003658                WalkingDistance::reset_move_left()
 .text._ZN15WalkingDistance18calc_dif_directionEff
                0x00003690       0x68 ./Walk/WalkingDistance.o
                0x00003690                WalkingDistance::calc_dif_direction(float, float)
 .text._ZN15WalkingDistance5get_xEv
                0x000036f8       0x18 ./Walk/WalkingDistance.o
                0x000036f8                WalkingDistance::get_x()
 .text._ZN15WalkingDistance5get_yEv
                0x00003710       0x18 ./Walk/WalkingDistance.o
                0x00003710                WalkingDistance::get_y()
 .text._ZN15WalkingDistance13get_directionEv
                0x00003728       0x54 ./Walk/WalkingDistance.o
                0x00003728                WalkingDistance::get_direction()
 .text._ZN4mbed9DigitalIn4modeE7PinMode
                0x0000377c       0x20 ./PhotoelectricSensor.o
                0x0000377c                mbed::DigitalIn::mode(PinMode)
 .text._ZN19PhotoelectricSensorC2E7PinName
                0x0000379c       0x50 ./PhotoelectricSensor.o
                0x0000379c                PhotoelectricSensor::PhotoelectricSensor(PinName)
                0x0000379c                PhotoelectricSensor::PhotoelectricSensor(PinName)
 .text._ZN4mbed10DigitalOutaSEi
                0x000037ec       0x1c ./Pins.o
                0x000037ec                mbed::DigitalOut::operator=(int)
 .text._ZN4mbed6PwmOutC2E7PinName
                0x00003808       0x20 ./Pins.o
                0x00003808                mbed::PwmOut::PwmOut(PinName)
                0x00003808                mbed::PwmOut::PwmOut(PinName)
 .text._Z11AdjustCyclei
                0x00003828       0x80 ./Pins.o
                0x00003828                AdjustCycle(int)
 .text._Z9psCommandv
                0x000038a8       0x78 ./Pins.o
                0x000038a8                psCommand()
 .text._Z9lim_stickPiS_
                0x00003920       0xd0 ./Pins.o
                0x00003920                lim_stick(int*, int*)
 .text._Z41__static_initialization_and_destruction_0ii
                0x000039f0      0x110 ./Pins.o
 .text._GLOBAL__sub_I_pc
                0x00003b00       0x10 ./Pins.o
 .text._Z5sqrt2ff
                0x00003b10       0x54 ./functions.o
                0x00003b10                sqrt2(float, float)
 .text._Z10stick_zeroPii
                0x00003b64       0x4c ./functions.o
                0x00003b64                stick_zero(int*, int)
 .text._ZN4mbed10CANMessageC2Ev
                0x00003bb0       0x40 ./main.o
                0x00003bb0                mbed::CANMessage::CANMessage()
                0x00003bb0                mbed::CANMessage::CANMessage()
 .text.main     0x00003bf0      0x244 ./main.o
                0x00003bf0                main
 .text._Z6CANrcvv
                0x00003e34       0xa4 ./main.o
                0x00003e34                CANrcv()
 .text._Z11CANrcv_distjf
                0x00003ed8       0x7c ./main.o
                0x00003ed8                CANrcv_dist(unsigned int, float)
 .text._Z12mode_commandv
                0x00003f54      0x18c ./main.o
                0x00003f54                mode_command()
 .text._Z12walk_commandPfS_f
                0x000040e0      0x1c0 ./main.o
                0x000040e0                walk_command(float*, float*, float)
 .text._Z41__static_initialization_and_destruction_0ii
                0x000042a0       0x60 ./main.o
 .text._GLOBAL__sub_I_rcvMsg
                0x00004300       0x10 ./main.o
 .text._ZN4mbed9DigitalIncviEv
                0x00004310       0x18 ./pspad.o
                0x00004310                mbed::DigitalIn::operator int()
 .text._ZN5PspadC2E7PinNameS0_S0_S0_
                0x00004328       0x8c ./pspad.o
                0x00004328                Pspad::Pspad(PinName, PinName, PinName, PinName)
                0x00004328                Pspad::Pspad(PinName, PinName, PinName, PinName)
 .text._ZN5Pspad6PsCommEh
                0x000043b4      0x130 ./pspad.o
                0x000043b4                Pspad::PsComm(unsigned char)
 .text._ZN5Pspad6PsReadEv
                0x000044e4      0x188 ./pspad.o
                0x000044e4                Pspad::PsRead()
 .text          0x0000466c      0x370 c:/nxp/lpcxpresso_8.2.2_650/lpcxpresso/tools/bin/../lib/gcc/arm-none-eabi/5.4.1/armv7-m\libgcc.a(_arm_addsubdf3.o)
                0x0000466c                __aeabi_drsub
                0x00004674                __aeabi_dsub
                0x00004674                __subdf3
                0x00004678                __aeabi_dadd
                0x00004678                __adddf3
                0x000048f0                __floatunsidf
                0x000048f0                __aeabi_ui2d
                0x00004910                __floatsidf
                0x00004910                __aeabi_i2d
                0x00004934                __aeabi_f2d
                0x00004934                __extendsfdf2
                0x00004970                __floatundidf
                0x00004970                __aeabi_ul2d
                0x00004980                __floatdidf
                0x00004980                __aeabi_l2d
 .text          0x000049dc      0x424 c:/nxp/lpcxpresso_8.2.2_650/lpcxpresso/tools/bin/../lib/gcc/arm-none-eabi/5.4.1/armv7-m\libgcc.a(_arm_muldivdf3.o)
                0x000049dc                __aeabi_dmul
                0x000049dc                __muldf3
                0x00004c30                __divdf3
                0x00004c30                __aeabi_ddiv
 .text          0x00004e00      0x110 c:/nxp/lpcxpresso_8.2.2_650/lpcxpresso/tools/bin/../lib/gcc/arm-none-eabi/5.4.1/armv7-m\libgcc.a(_arm_cmpdf2.o)
                0x00004e00                __gtdf2
                0x00004e00                __gedf2
                0x00004e08                __ltdf2
                0x00004e08                __ledf2
                0x00004e10                __nedf2
                0x00004e10                __eqdf2
                0x00004e10                __cmpdf2
                0x00004e8c                __aeabi_cdrcmple
                0x00004e9c                __aeabi_cdcmpeq
                0x00004e9c                __aeabi_cdcmple
                0x00004eac                __aeabi_dcmpeq
                0x00004ec0                __aeabi_dcmplt
                0x00004ed4                __aeabi_dcmple
                0x00004ee8                __aeabi_dcmpge
                0x00004efc                __aeabi_dcmpgt
 .text          0x00004f10       0x50 c:/nxp/lpcxpresso_8.2.2_650/lpcxpresso/tools/bin/../lib/gcc/arm-none-eabi/5.4.1/armv7-m\libgcc.a(_arm_fixdfsi.o)
                0x00004f10                __aeabi_d2iz
                0x00004f10                __fixdfsi
 .text          0x00004f60       0xa0 c:/nxp/lpcxpresso_8.2.2_650/lpcxpresso/tools/bin/../lib/gcc/arm-none-eabi/5.4.1/armv7-m\libgcc.a(_arm_truncdfsf2.o)
                0x00004f60                __truncdfsf2
                0x00004f60                __aeabi_d2f
 .text          0x00005000      0x21c c:/nxp/lpcxpresso_8.2.2_650/lpcxpresso/tools/bin/../lib/gcc/arm-none-eabi/5.4.1/armv7-m\libgcc.a(_arm_addsubsf3.o)
                0x00005000                __aeabi_frsub
                0x00005008                __subsf3
                0x00005008                __aeabi_fsub
                0x0000500c                __aeabi_fadd
                0x0000500c                __addsf3
                0x0000516c                __aeabi_ui2f
                0x0000516c                __floatunsisf
                0x00005174                __aeabi_i2f
                0x00005174                __floatsisf
                0x00005190                __aeabi_ul2f
                0x00005190                __floatundisf
                0x000051a0                __aeabi_l2f
                0x000051a0                __floatdisf
 .text          0x0000521c      0x2a0 c:/nxp/lpcxpresso_8.2.2_650/lpcxpresso/tools/bin/../lib/gcc/arm-none-eabi/5.4.1/armv7-m\libgcc.a(_arm_muldivsf3.o)
                0x0000521c                __mulsf3
                0x0000521c                __aeabi_fmul
                0x00005384                __aeabi_fdiv
                0x00005384                __divsf3
 .text          0x000054bc       0xec c:/nxp/lpcxpresso_8.2.2_650/lpcxpresso/tools/bin/../lib/gcc/arm-none-eabi/5.4.1/armv7-m\libgcc.a(_arm_cmpsf2.o)
                0x000054bc                __gesf2
                0x000054bc                __gtsf2
                0x000054c4                __lesf2
                0x000054c4                __ltsf2
                0x000054cc                __nesf2
                0x000054cc                __eqsf2
                0x000054cc                __cmpsf2
                0x0000552c                __aeabi_cfrcmple
                0x00005534                __aeabi_cfcmpeq
                0x00005534                __aeabi_cfcmple
                0x00005544                __aeabi_fcmpeq
                0x00005558                __aeabi_fcmplt
                0x0000556c                __aeabi_fcmple
                0x00005580                __aeabi_fcmpge
                0x00005594                __aeabi_fcmpgt
 .text          0x000055a8       0x40 c:/nxp/lpcxpresso_8.2.2_650/lpcxpresso/tools/bin/../lib/gcc/arm-none-eabi/5.4.1/armv7-m\libgcc.a(_arm_fixunssfsi.o)
                0x000055a8                __fixunssfsi
                0x000055a8                __aeabi_f2uiz
 .text          0x000055e8       0x30 c:/nxp/lpcxpresso_8.2.2_650/lpcxpresso/tools/bin/../lib/gcc/arm-none-eabi/5.4.1/armv7-m\libgcc.a(_aeabi_uldivmod.o)
                0x000055e8                __aeabi_uldivmod
 .text          0x00005618      0x2ec c:/nxp/lpcxpresso_8.2.2_650/lpcxpresso/tools/bin/../lib/gcc/arm-none-eabi/5.4.1/armv7-m\libgcc.a(_udivmoddi4.o)
                0x00005618                __udivmoddi4
 .text          0x00005904        0x4 c:/nxp/lpcxpresso_8.2.2_650/lpcxpresso/tools/bin/../lib/gcc/arm-none-eabi/5.4.1/armv7-m\libgcc.a(_dvmd_tls.o)
                0x00005904                __aeabi_idiv0
                0x00005904                __aeabi_ldiv0
 .text.__errno  0x00005908        0xc c:/nxp/lpcxpresso_8.2.2_650/lpcxpresso/tools/bin/../lib/gcc/arm-none-eabi/5.4.1/../../../../arm-none-eabi/lib/armv7-m\libc.a(lib_a-errno.o)
                0x00005908                __errno
 .text._fclose_r
                0x00005914       0x84 c:/nxp/lpcxpresso_8.2.2_650/lpcxpresso/tools/bin/../lib/gcc/arm-none-eabi/5.4.1/../../../../arm-none-eabi/lib/armv7-m\libc.a(lib_a-fclose.o)
                0x00005914                _fclose_r
 .text.fclose   0x00005998       0x10 c:/nxp/lpcxpresso_8.2.2_650/lpcxpresso/tools/bin/../lib/gcc/arm-none-eabi/5.4.1/../../../../arm-none-eabi/lib/armv7-m\libc.a(lib_a-fclose.o)
                0x00005998                fclose
 .text.__sflush_r
                0x000059a8      0x148 c:/nxp/lpcxpresso_8.2.2_650/lpcxpresso/tools/bin/../lib/gcc/arm-none-eabi/5.4.1/../../../../arm-none-eabi/lib/armv7-m\libc.a(lib_a-fflush.o)
                0x000059a8                __sflush_r
 .text._fflush_r
                0x00005af0       0x2c c:/nxp/lpcxpresso_8.2.2_650/lpcxpresso/tools/bin/../lib/gcc/arm-none-eabi/5.4.1/../../../../arm-none-eabi/lib/armv7-m\libc.a(lib_a-fflush.o)
                0x00005af0                _fflush_r
 .text.fflush   0x00005b1c       0x24 c:/nxp/lpcxpresso_8.2.2_650/lpcxpresso/tools/bin/../lib/gcc/arm-none-eabi/5.4.1/../../../../arm-none-eabi/lib/armv7-m\libc.a(lib_a-fflush.o)
                0x00005b1c                fflush
 .text._cleanup_r
                0x00005b40        0xc c:/nxp/lpcxpresso_8.2.2_650/lpcxpresso/tools/bin/../lib/gcc/arm-none-eabi/5.4.1/../../../../arm-none-eabi/lib/armv7-m\libc.a(lib_a-findfp.o)
                0x00005b40                _cleanup_r
 .text.__sinit.part.1
                0x00005b4c       0xf0 c:/nxp/lpcxpresso_8.2.2_650/lpcxpresso/tools/bin/../lib/gcc/arm-none-eabi/5.4.1/../../../../arm-none-eabi/lib/armv7-m\libc.a(lib_a-findfp.o)
 .text.__sfmoreglue
                0x00005c3c       0x30 c:/nxp/lpcxpresso_8.2.2_650/lpcxpresso/tools/bin/../lib/gcc/arm-none-eabi/5.4.1/../../../../arm-none-eabi/lib/armv7-m\libc.a(lib_a-findfp.o)
                0x00005c3c                __sfmoreglue
 .text.__sfp    0x00005c6c       0x88 c:/nxp/lpcxpresso_8.2.2_650/lpcxpresso/tools/bin/../lib/gcc/arm-none-eabi/5.4.1/../../../../arm-none-eabi/lib/armv7-m\libc.a(lib_a-findfp.o)
                0x00005c6c                __sfp
 .text.__sinit  0x00005cf4        0xc c:/nxp/lpcxpresso_8.2.2_650/lpcxpresso/tools/bin/../lib/gcc/arm-none-eabi/5.4.1/../../../../arm-none-eabi/lib/armv7-m\libc.a(lib_a-findfp.o)
                0x00005cf4                __sinit
 .text.__sfp_lock_acquire
                0x00005d00        0x4 c:/nxp/lpcxpresso_8.2.2_650/lpcxpresso/tools/bin/../lib/gcc/arm-none-eabi/5.4.1/../../../../arm-none-eabi/lib/armv7-m\libc.a(lib_a-findfp.o)
                0x00005d00                __sfp_lock_acquire
 .text.__sfp_lock_release
                0x00005d04        0x4 c:/nxp/lpcxpresso_8.2.2_650/lpcxpresso/tools/bin/../lib/gcc/arm-none-eabi/5.4.1/../../../../arm-none-eabi/lib/armv7-m\libc.a(lib_a-findfp.o)
                0x00005d04                __sfp_lock_release
 .text._fopen_r
                0x00005d08       0x8c c:/nxp/lpcxpresso_8.2.2_650/lpcxpresso/tools/bin/../lib/gcc/arm-none-eabi/5.4.1/../../../../arm-none-eabi/lib/armv7-m\libc.a(lib_a-fopen.o)
                0x00005d08                _fopen_r
 .text.fopen    0x00005d94       0x10 c:/nxp/lpcxpresso_8.2.2_650/lpcxpresso/tools/bin/../lib/gcc/arm-none-eabi/5.4.1/../../../../arm-none-eabi/lib/armv7-m\libc.a(lib_a-fopen.o)
                0x00005d94                fopen
 .text.fprintf  0x00005da4       0x28 c:/nxp/lpcxpresso_8.2.2_650/lpcxpresso/tools/bin/../lib/gcc/arm-none-eabi/5.4.1/../../../../arm-none-eabi/lib/armv7-m\libc.a(lib_a-fprintf.o)
                0x00005da4                fprintf
 .text._malloc_trim_r
                0x00005dcc       0x9c c:/nxp/lpcxpresso_8.2.2_650/lpcxpresso/tools/bin/../lib/gcc/arm-none-eabi/5.4.1/../../../../arm-none-eabi/lib/armv7-m\libc.a(lib_a-freer.o)
                0x00005dcc                _malloc_trim_r
 .text._free_r  0x00005e68      0x1d0 c:/nxp/lpcxpresso_8.2.2_650/lpcxpresso/tools/bin/../lib/gcc/arm-none-eabi/5.4.1/../../../../arm-none-eabi/lib/armv7-m\libc.a(lib_a-freer.o)
                0x00005e68                _free_r
 .text._fseek_r
                0x00006038        0x4 c:/nxp/lpcxpresso_8.2.2_650/lpcxpresso/tools/bin/../lib/gcc/arm-none-eabi/5.4.1/../../../../arm-none-eabi/lib/armv7-m\libc.a(lib_a-fseek.o)
                0x00006038                _fseek_r
 .text._fseeko_r
                0x0000603c      0x2c4 c:/nxp/lpcxpresso_8.2.2_650/lpcxpresso/tools/bin/../lib/gcc/arm-none-eabi/5.4.1/../../../../arm-none-eabi/lib/armv7-m\libc.a(lib_a-fseeko.o)
                0x0000603c                _fseeko_r
 .text._fstat_r
                0x00006300       0x28 c:/nxp/lpcxpresso_8.2.2_650/lpcxpresso/tools/bin/../lib/gcc/arm-none-eabi/5.4.1/../../../../arm-none-eabi/lib/armv7-m\libc.a(lib_a-fstatr.o)
                0x00006300                _fstat_r
 .text.__sfvwrite_r
                0x00006328      0x308 c:/nxp/lpcxpresso_8.2.2_650/lpcxpresso/tools/bin/../lib/gcc/arm-none-eabi/5.4.1/../../../../arm-none-eabi/lib/armv7-m\libc.a(lib_a-fvwrite.o)
                0x00006328                __sfvwrite_r
 .text._fwalk   0x00006630       0x48 c:/nxp/lpcxpresso_8.2.2_650/lpcxpresso/tools/bin/../lib/gcc/arm-none-eabi/5.4.1/../../../../arm-none-eabi/lib/armv7-m\libc.a(lib_a-fwalk.o)
                0x00006630                _fwalk
 .text._fwalk_reent
                0x00006678       0x50 c:/nxp/lpcxpresso_8.2.2_650/lpcxpresso/tools/bin/../lib/gcc/arm-none-eabi/5.4.1/../../../../arm-none-eabi/lib/armv7-m\libc.a(lib_a-fwalk.o)
                0x00006678                _fwalk_reent
 .text.__libc_init_array
                0x000066c8       0x50 c:/nxp/lpcxpresso_8.2.2_650/lpcxpresso/tools/bin/../lib/gcc/arm-none-eabi/5.4.1/../../../../arm-none-eabi/lib/armv7-m\libc.a(lib_a-init.o)
                0x000066c8                __libc_init_array
 .text.__swhatbuf_r
                0x00006718       0x60 c:/nxp/lpcxpresso_8.2.2_650/lpcxpresso/tools/bin/../lib/gcc/arm-none-eabi/5.4.1/../../../../arm-none-eabi/lib/armv7-m\libc.a(lib_a-makebuf.o)
                0x00006718                __swhatbuf_r
 .text.__smakebuf_r
                0x00006778       0x88 c:/nxp/lpcxpresso_8.2.2_650/lpcxpresso/tools/bin/../lib/gcc/arm-none-eabi/5.4.1/../../../../arm-none-eabi/lib/armv7-m\libc.a(lib_a-makebuf.o)
                0x00006778                __smakebuf_r
 .text.malloc   0x00006800       0x10 c:/nxp/lpcxpresso_8.2.2_650/lpcxpresso/tools/bin/../lib/gcc/arm-none-eabi/5.4.1/../../../../arm-none-eabi/lib/armv7-m\libc.a(lib_a-malloc.o)
                0x00006800                malloc
 .text.free     0x00006810       0x10 c:/nxp/lpcxpresso_8.2.2_650/lpcxpresso/tools/bin/../lib/gcc/arm-none-eabi/5.4.1/../../../../arm-none-eabi/lib/armv7-m\libc.a(lib_a-malloc.o)
                0x00006810                free
 .text._malloc_r
                0x00006820      0x558 c:/nxp/lpcxpresso_8.2.2_650/lpcxpresso/tools/bin/../lib/gcc/arm-none-eabi/5.4.1/../../../../arm-none-eabi/lib/armv7-m\libc.a(lib_a-mallocr.o)
                0x00006820                _malloc_r
 .text.memchr   0x00006d78       0x8c c:/nxp/lpcxpresso_8.2.2_650/lpcxpresso/tools/bin/../lib/gcc/arm-none-eabi/5.4.1/../../../../arm-none-eabi/lib/armv7-m\libc.a(lib_a-memchr-stub.o)
                0x00006d78                memchr
 .text          0x00006e04       0xec c:/nxp/lpcxpresso_8.2.2_650/lpcxpresso/tools/bin/../lib/gcc/arm-none-eabi/5.4.1/../../../../arm-none-eabi/lib/armv7-m\libc.a(lib_a-memcpy.o)
                0x00006e04                memcpy
 .text.memmove  0x00006ef0       0xc8 c:/nxp/lpcxpresso_8.2.2_650/lpcxpresso/tools/bin/../lib/gcc/arm-none-eabi/5.4.1/../../../../arm-none-eabi/lib/armv7-m\libc.a(lib_a-memmove.o)
                0x00006ef0                memmove
 .text.memset   0x00006fb8       0x9c c:/nxp/lpcxpresso_8.2.2_650/lpcxpresso/tools/bin/../lib/gcc/arm-none-eabi/5.4.1/../../../../arm-none-eabi/lib/armv7-m\libc.a(lib_a-memset.o)
                0x00006fb8                memset
 .text.__malloc_lock
                0x00007054        0x4 c:/nxp/lpcxpresso_8.2.2_650/lpcxpresso/tools/bin/../lib/gcc/arm-none-eabi/5.4.1/../../../../arm-none-eabi/lib/armv7-m\libc.a(lib_a-mlock.o)
                0x00007054                __malloc_lock
 .text.__malloc_unlock
                0x00007058        0x4 c:/nxp/lpcxpresso_8.2.2_650/lpcxpresso/tools/bin/../lib/gcc/arm-none-eabi/5.4.1/../../../../arm-none-eabi/lib/armv7-m\libc.a(lib_a-mlock.o)
                0x00007058                __malloc_unlock
 .text._open_r  0x0000705c       0x2c c:/nxp/lpcxpresso_8.2.2_650/lpcxpresso/tools/bin/../lib/gcc/arm-none-eabi/5.4.1/../../../../arm-none-eabi/lib/armv7-m\libc.a(lib_a-openr.o)
                0x0000705c                _open_r
 .text._realloc_r
                0x00007088      0x3d4 c:/nxp/lpcxpresso_8.2.2_650/lpcxpresso/tools/bin/../lib/gcc/arm-none-eabi/5.4.1/../../../../arm-none-eabi/lib/armv7-m\libc.a(lib_a-reallocr.o)
                0x00007088                _realloc_r
 .text.lflush   0x0000745c       0x14 c:/nxp/lpcxpresso_8.2.2_650/lpcxpresso/tools/bin/../lib/gcc/arm-none-eabi/5.4.1/../../../../arm-none-eabi/lib/armv7-m\libc.a(lib_a-refill.o)
 .text.__srefill_r
                0x00007470      0x114 c:/nxp/lpcxpresso_8.2.2_650/lpcxpresso/tools/bin/../lib/gcc/arm-none-eabi/5.4.1/../../../../arm-none-eabi/lib/armv7-m\libc.a(lib_a-refill.o)
                0x00007470                __srefill_r
 .text._sbrk_r  0x00007584       0x24 c:/nxp/lpcxpresso_8.2.2_650/lpcxpresso/tools/bin/../lib/gcc/arm-none-eabi/5.4.1/../../../../arm-none-eabi/lib/armv7-m\libc.a(lib_a-sbrkr.o)
                0x00007584                _sbrk_r
 .text.setbuf   0x000075a8       0x10 c:/nxp/lpcxpresso_8.2.2_650/lpcxpresso/tools/bin/../lib/gcc/arm-none-eabi/5.4.1/../../../../arm-none-eabi/lib/armv7-m\libc.a(lib_a-setbuf.o)
                0x000075a8                setbuf
 .text.setvbuf  0x000075b8      0x150 c:/nxp/lpcxpresso_8.2.2_650/lpcxpresso/tools/bin/../lib/gcc/arm-none-eabi/5.4.1/../../../../arm-none-eabi/lib/armv7-m\libc.a(lib_a-setvbuf.o)
                0x000075b8                setvbuf
 .text.sprintf  0x00007708       0x4c c:/nxp/lpcxpresso_8.2.2_650/lpcxpresso/tools/bin/../lib/gcc/arm-none-eabi/5.4.1/../../../../arm-none-eabi/lib/armv7-m\libc.a(lib_a-sprintf.o)
                0x00007708                sprintf
 .text.sscanf   0x00007754       0x58 c:/nxp/lpcxpresso_8.2.2_650/lpcxpresso/tools/bin/../lib/gcc/arm-none-eabi/5.4.1/../../../../arm-none-eabi/lib/armv7-m\libc.a(lib_a-sscanf.o)
                0x00007754                sscanf
 .text.__sread  0x000077ac       0x24 c:/nxp/lpcxpresso_8.2.2_650/lpcxpresso/tools/bin/../lib/gcc/arm-none-eabi/5.4.1/../../../../arm-none-eabi/lib/armv7-m\libc.a(lib_a-stdio.o)
                0x000077ac                __sread
 .text.__seofread
                0x000077d0        0x4 c:/nxp/lpcxpresso_8.2.2_650/lpcxpresso/tools/bin/../lib/gcc/arm-none-eabi/5.4.1/../../../../arm-none-eabi/lib/armv7-m\libc.a(lib_a-stdio.o)
                0x000077d0                __seofread
 .text.__swrite
                0x000077d4       0x3c c:/nxp/lpcxpresso_8.2.2_650/lpcxpresso/tools/bin/../lib/gcc/arm-none-eabi/5.4.1/../../../../arm-none-eabi/lib/armv7-m\libc.a(lib_a-stdio.o)
                0x000077d4                __swrite
 .text.__sseek  0x00007810       0x20 c:/nxp/lpcxpresso_8.2.2_650/lpcxpresso/tools/bin/../lib/gcc/arm-none-eabi/5.4.1/../../../../arm-none-eabi/lib/armv7-m\libc.a(lib_a-stdio.o)
                0x00007810                __sseek
 .text.__sclose
                0x00007830        0x8 c:/nxp/lpcxpresso_8.2.2_650/lpcxpresso/tools/bin/../lib/gcc/arm-none-eabi/5.4.1/../../../../arm-none-eabi/lib/armv7-m\libc.a(lib_a-stdio.o)
                0x00007830                __sclose
 .text          0x00007838      0x1bc c:/nxp/lpcxpresso_8.2.2_650/lpcxpresso/tools/bin/../lib/gcc/arm-none-eabi/5.4.1/../../../../arm-none-eabi/lib/armv7-m\libc.a(lib_a-strcmp.o)
                0x00007838                strcmp
 .text.strlen   0x000079f4       0x5c c:/nxp/lpcxpresso_8.2.2_650/lpcxpresso/tools/bin/../lib/gcc/arm-none-eabi/5.4.1/../../../../arm-none-eabi/lib/armv7-m\libc.a(lib_a-strlen-stub.o)
                0x000079f4                strlen
 .text.strncmp  0x00007a50       0x9c c:/nxp/lpcxpresso_8.2.2_650/lpcxpresso/tools/bin/../lib/gcc/arm-none-eabi/5.4.1/../../../../arm-none-eabi/lib/armv7-m\libc.a(lib_a-strncmp.o)
                0x00007a50                strncmp
 .text._svfprintf_r
                0x00007aec     0x175c c:/nxp/lpcxpresso_8.2.2_650/lpcxpresso/tools/bin/../lib/gcc/arm-none-eabi/5.4.1/../../../../arm-none-eabi/lib/armv7-m\libc.a(lib_a-svfprintf.o)
                0x00007aec                _svfprintf_r
 .text.__ssvfscanf_r
                0x00009248      0xeac c:/nxp/lpcxpresso_8.2.2_650/lpcxpresso/tools/bin/../lib/gcc/arm-none-eabi/5.4.1/../../../../arm-none-eabi/lib/armv7-m\libc.a(lib_a-svfscanf.o)
                0x00009248                __ssvfscanf_r
 .text._vfprintf_r
                0x0000a0f4     0x1788 c:/nxp/lpcxpresso_8.2.2_650/lpcxpresso/tools/bin/../lib/gcc/arm-none-eabi/5.4.1/../../../../arm-none-eabi/lib/armv7-m\libc.a(lib_a-vfprintf.o)
                0x0000a0f4                _vfprintf_r
 .text.vfprintf
                0x0000b87c       0x18 c:/nxp/lpcxpresso_8.2.2_650/lpcxpresso/tools/bin/../lib/gcc/arm-none-eabi/5.4.1/../../../../arm-none-eabi/lib/armv7-m\libc.a(lib_a-vfprintf.o)
                0x0000b87c                vfprintf
 .text.__sbprintf
                0x0000b894       0x6c c:/nxp/lpcxpresso_8.2.2_650/lpcxpresso/tools/bin/../lib/gcc/arm-none-eabi/5.4.1/../../../../arm-none-eabi/lib/armv7-m\libc.a(lib_a-vfprintf.o)
 .text.__swbuf_r
                0x0000b900       0xac c:/nxp/lpcxpresso_8.2.2_650/lpcxpresso/tools/bin/../lib/gcc/arm-none-eabi/5.4.1/../../../../arm-none-eabi/lib/armv7-m\libc.a(lib_a-wbuf.o)
                0x0000b900                __swbuf_r
 .text._write_r
                0x0000b9ac       0x2c c:/nxp/lpcxpresso_8.2.2_650/lpcxpresso/tools/bin/../lib/gcc/arm-none-eabi/5.4.1/../../../../arm-none-eabi/lib/armv7-m\libc.a(lib_a-writer.o)
                0x0000b9ac                _write_r
 .text.__swsetup_r
                0x0000b9d8       0xc8 c:/nxp/lpcxpresso_8.2.2_650/lpcxpresso/tools/bin/../lib/gcc/arm-none-eabi/5.4.1/../../../../arm-none-eabi/lib/armv7-m\libc.a(lib_a-wsetup.o)
                0x0000b9d8                __swsetup_r
 .text._close_r
                0x0000baa0       0x24 c:/nxp/lpcxpresso_8.2.2_650/lpcxpresso/tools/bin/../lib/gcc/arm-none-eabi/5.4.1/../../../../arm-none-eabi/lib/armv7-m\libc.a(lib_a-closer.o)
                0x0000baa0                _close_r
 .text.quorem   0x0000bac4      0x12c c:/nxp/lpcxpresso_8.2.2_650/lpcxpresso/tools/bin/../lib/gcc/arm-none-eabi/5.4.1/../../../../arm-none-eabi/lib/armv7-m\libc.a(lib_a-dtoa.o)
 .text._dtoa_r  0x0000bbf0      0xe4c c:/nxp/lpcxpresso_8.2.2_650/lpcxpresso/tools/bin/../lib/gcc/arm-none-eabi/5.4.1/../../../../arm-none-eabi/lib/armv7-m\libc.a(lib_a-dtoa.o)
                0x0000bbf0                _dtoa_r
 .text.__sflags
                0x0000ca3c       0x74 c:/nxp/lpcxpresso_8.2.2_650/lpcxpresso/tools/bin/../lib/gcc/arm-none-eabi/5.4.1/../../../../arm-none-eabi/lib/armv7-m\libc.a(lib_a-flags.o)
                0x0000ca3c                __sflags
 .text._isatty_r
                0x0000cab0       0x24 c:/nxp/lpcxpresso_8.2.2_650/lpcxpresso/tools/bin/../lib/gcc/arm-none-eabi/5.4.1/../../../../arm-none-eabi/lib/armv7-m\libc.a(lib_a-isattyr.o)
                0x0000cab0                _isatty_r
 .text.iswspace
                0x0000cad4       0x1c c:/nxp/lpcxpresso_8.2.2_650/lpcxpresso/tools/bin/../lib/gcc/arm-none-eabi/5.4.1/../../../../arm-none-eabi/lib/armv7-m\libc.a(lib_a-iswspace.o)
                0x0000cad4                iswspace
 .text.__locale_charset
                0x0000caf0        0x8 c:/nxp/lpcxpresso_8.2.2_650/lpcxpresso/tools/bin/../lib/gcc/arm-none-eabi/5.4.1/../../../../arm-none-eabi/lib/armv7-m\libc.a(lib_a-locale.o)
                0x0000caf0                __locale_charset
 .text.__locale_mb_cur_max
                0x0000caf8        0xc c:/nxp/lpcxpresso_8.2.2_650/lpcxpresso/tools/bin/../lib/gcc/arm-none-eabi/5.4.1/../../../../arm-none-eabi/lib/armv7-m\libc.a(lib_a-locale.o)
                0x0000caf8                __locale_mb_cur_max
 .text._localeconv_r
                0x0000cb04        0x8 c:/nxp/lpcxpresso_8.2.2_650/lpcxpresso/tools/bin/../lib/gcc/arm-none-eabi/5.4.1/../../../../arm-none-eabi/lib/armv7-m\libc.a(lib_a-locale.o)
                0x0000cb04                _localeconv_r
 .text._lseek_r
                0x0000cb0c       0x2c c:/nxp/lpcxpresso_8.2.2_650/lpcxpresso/tools/bin/../lib/gcc/arm-none-eabi/5.4.1/../../../../arm-none-eabi/lib/armv7-m\libc.a(lib_a-lseekr.o)
                0x0000cb0c                _lseek_r
 .text._mbrtowc_r
                0x0000cb38       0x5c c:/nxp/lpcxpresso_8.2.2_650/lpcxpresso/tools/bin/../lib/gcc/arm-none-eabi/5.4.1/../../../../arm-none-eabi/lib/armv7-m\libc.a(lib_a-mbrtowc.o)
                0x0000cb38                _mbrtowc_r
 .text.__ascii_mbtowc
                0x0000cb94       0x2c c:/nxp/lpcxpresso_8.2.2_650/lpcxpresso/tools/bin/../lib/gcc/arm-none-eabi/5.4.1/../../../../arm-none-eabi/lib/armv7-m\libc.a(lib_a-mbtowc_r.o)
                0x0000cb94                __ascii_mbtowc
 .text._Balloc  0x0000cbc0       0x50 c:/nxp/lpcxpresso_8.2.2_650/lpcxpresso/tools/bin/../lib/gcc/arm-none-eabi/5.4.1/../../../../arm-none-eabi/lib/armv7-m\libc.a(lib_a-mprec.o)
                0x0000cbc0                _Balloc
 .text._Bfree   0x0000cc10       0x14 c:/nxp/lpcxpresso_8.2.2_650/lpcxpresso/tools/bin/../lib/gcc/arm-none-eabi/5.4.1/../../../../arm-none-eabi/lib/armv7-m\libc.a(lib_a-mprec.o)
                0x0000cc10                _Bfree
 .text.__multadd
                0x0000cc24       0x80 c:/nxp/lpcxpresso_8.2.2_650/lpcxpresso/tools/bin/../lib/gcc/arm-none-eabi/5.4.1/../../../../arm-none-eabi/lib/armv7-m\libc.a(lib_a-mprec.o)
                0x0000cc24                __multadd
 .text.__s2b    0x0000cca4       0x98 c:/nxp/lpcxpresso_8.2.2_650/lpcxpresso/tools/bin/../lib/gcc/arm-none-eabi/5.4.1/../../../../arm-none-eabi/lib/armv7-m\libc.a(lib_a-mprec.o)
                0x0000cca4                __s2b
 .text.__hi0bits
                0x0000cd3c       0x40 c:/nxp/lpcxpresso_8.2.2_650/lpcxpresso/tools/bin/../lib/gcc/arm-none-eabi/5.4.1/../../../../arm-none-eabi/lib/armv7-m\libc.a(lib_a-mprec.o)
                0x0000cd3c                __hi0bits
 .text.__lo0bits
                0x0000cd7c       0x5c c:/nxp/lpcxpresso_8.2.2_650/lpcxpresso/tools/bin/../lib/gcc/arm-none-eabi/5.4.1/../../../../arm-none-eabi/lib/armv7-m\libc.a(lib_a-mprec.o)
                0x0000cd7c                __lo0bits
 .text.__i2b    0x0000cdd8       0x14 c:/nxp/lpcxpresso_8.2.2_650/lpcxpresso/tools/bin/../lib/gcc/arm-none-eabi/5.4.1/../../../../arm-none-eabi/lib/armv7-m\libc.a(lib_a-mprec.o)
                0x0000cdd8                __i2b
 .text.__multiply
                0x0000cdec      0x13c c:/nxp/lpcxpresso_8.2.2_650/lpcxpresso/tools/bin/../lib/gcc/arm-none-eabi/5.4.1/../../../../arm-none-eabi/lib/armv7-m\libc.a(lib_a-mprec.o)
                0x0000cdec                __multiply
 .text.__pow5mult
                0x0000cf28       0xa0 c:/nxp/lpcxpresso_8.2.2_650/lpcxpresso/tools/bin/../lib/gcc/arm-none-eabi/5.4.1/../../../../arm-none-eabi/lib/armv7-m\libc.a(lib_a-mprec.o)
                0x0000cf28                __pow5mult
 .text.__lshift
                0x0000cfc8       0xac c:/nxp/lpcxpresso_8.2.2_650/lpcxpresso/tools/bin/../lib/gcc/arm-none-eabi/5.4.1/../../../../arm-none-eabi/lib/armv7-m\libc.a(lib_a-mprec.o)
                0x0000cfc8                __lshift
 .text.__mcmp   0x0000d074       0x40 c:/nxp/lpcxpresso_8.2.2_650/lpcxpresso/tools/bin/../lib/gcc/arm-none-eabi/5.4.1/../../../../arm-none-eabi/lib/armv7-m\libc.a(lib_a-mprec.o)
                0x0000d074                __mcmp
 .text.__mdiff  0x0000d0b4      0x128 c:/nxp/lpcxpresso_8.2.2_650/lpcxpresso/tools/bin/../lib/gcc/arm-none-eabi/5.4.1/../../../../arm-none-eabi/lib/armv7-m\libc.a(lib_a-mprec.o)
                0x0000d0b4                __mdiff
 .text.__ulp    0x0000d1dc       0x44 c:/nxp/lpcxpresso_8.2.2_650/lpcxpresso/tools/bin/../lib/gcc/arm-none-eabi/5.4.1/../../../../arm-none-eabi/lib/armv7-m\libc.a(lib_a-mprec.o)
                0x0000d1dc                __ulp
 .text.__b2d    0x0000d220       0xd4 c:/nxp/lpcxpresso_8.2.2_650/lpcxpresso/tools/bin/../lib/gcc/arm-none-eabi/5.4.1/../../../../arm-none-eabi/lib/armv7-m\libc.a(lib_a-mprec.o)
                0x0000d220                __b2d
 .text.__d2b    0x0000d2f4       0xa8 c:/nxp/lpcxpresso_8.2.2_650/lpcxpresso/tools/bin/../lib/gcc/arm-none-eabi/5.4.1/../../../../arm-none-eabi/lib/armv7-m\libc.a(lib_a-mprec.o)
                0x0000d2f4                __d2b
 .text.__ratio  0x0000d39c       0x54 c:/nxp/lpcxpresso_8.2.2_650/lpcxpresso/tools/bin/../lib/gcc/arm-none-eabi/5.4.1/../../../../arm-none-eabi/lib/armv7-m\libc.a(lib_a-mprec.o)
                0x0000d39c                __ratio
 .text.__copybits
                0x0000d3f0       0x48 c:/nxp/lpcxpresso_8.2.2_650/lpcxpresso/tools/bin/../lib/gcc/arm-none-eabi/5.4.1/../../../../arm-none-eabi/lib/armv7-m\libc.a(lib_a-mprec.o)
                0x0000d3f0                __copybits
 .text.__any_on
                0x0000d438       0x5c c:/nxp/lpcxpresso_8.2.2_650/lpcxpresso/tools/bin/../lib/gcc/arm-none-eabi/5.4.1/../../../../arm-none-eabi/lib/armv7-m\libc.a(lib_a-mprec.o)
                0x0000d438                __any_on
 .text._read_r  0x0000d494       0x2c c:/nxp/lpcxpresso_8.2.2_650/lpcxpresso/tools/bin/../lib/gcc/arm-none-eabi/5.4.1/../../../../arm-none-eabi/lib/armv7-m\libc.a(lib_a-readr.o)
                0x0000d494                _read_r
 .text.__sccl   0x0000d4c0       0x74 c:/nxp/lpcxpresso_8.2.2_650/lpcxpresso/tools/bin/../lib/gcc/arm-none-eabi/5.4.1/../../../../arm-none-eabi/lib/armv7-m\libc.a(lib_a-sccl.o)
                0x0000d4c0                __sccl
 .text.nanf     0x0000d534        0x8 c:/nxp/lpcxpresso_8.2.2_650/lpcxpresso/tools/bin/../lib/gcc/arm-none-eabi/5.4.1/../../../../arm-none-eabi/lib/armv7-m\libc.a(lib_a-sf_nan.o)
                0x0000d534                nanf
 .text.sulp     0x0000d53c       0x44 c:/nxp/lpcxpresso_8.2.2_650/lpcxpresso/tools/bin/../lib/gcc/arm-none-eabi/5.4.1/../../../../arm-none-eabi/lib/armv7-m\libc.a(lib_a-strtod.o)
 .text._strtod_r
                0x0000d580      0xecc c:/nxp/lpcxpresso_8.2.2_650/lpcxpresso/tools/bin/../lib/gcc/arm-none-eabi/5.4.1/../../../../arm-none-eabi/lib/armv7-m\libc.a(lib_a-strtod.o)
                0x0000d580                _strtod_r
 .text._strtol_r
                0x0000e44c      0x128 c:/nxp/lpcxpresso_8.2.2_650/lpcxpresso/tools/bin/../lib/gcc/arm-none-eabi/5.4.1/../../../../arm-none-eabi/lib/armv7-m\libc.a(lib_a-strtol.o)
                0x0000e44c                _strtol_r
 .text._strtoll_r
                0x0000e574      0x1b4 c:/nxp/lpcxpresso_8.2.2_650/lpcxpresso/tools/bin/../lib/gcc/arm-none-eabi/5.4.1/../../../../arm-none-eabi/lib/armv7-m\libc.a(lib_a-strtoll_r.o)
                0x0000e574                _strtoll_r
 .text._strtoul_r
                0x0000e728      0x134 c:/nxp/lpcxpresso_8.2.2_650/lpcxpresso/tools/bin/../lib/gcc/arm-none-eabi/5.4.1/../../../../arm-none-eabi/lib/armv7-m\libc.a(lib_a-strtoul.o)
                0x0000e728                _strtoul_r
 .text._strtoull_r
                0x0000e85c      0x1c8 c:/nxp/lpcxpresso_8.2.2_650/lpcxpresso/tools/bin/../lib/gcc/arm-none-eabi/5.4.1/../../../../arm-none-eabi/lib/armv7-m\libc.a(lib_a-strtoull_r.o)
                0x0000e85c                _strtoull_r
 .text.__ssprint_r
                0x0000ea24      0x100 c:/nxp/lpcxpresso_8.2.2_650/lpcxpresso/tools/bin/../lib/gcc/arm-none-eabi/5.4.1/../../../../arm-none-eabi/lib/armv7-m\libc.a(lib_a-svfiprintf.o)
                0x0000ea24                __ssprint_r
 .text._sungetc_r
                0x0000eb24       0x8c c:/nxp/lpcxpresso_8.2.2_650/lpcxpresso/tools/bin/../lib/gcc/arm-none-eabi/5.4.1/../../../../arm-none-eabi/lib/armv7-m\libc.a(lib_a-svfiscanf.o)
                0x0000eb24                _sungetc_r
 .text.__ssrefill_r
                0x0000ebb0       0x3c c:/nxp/lpcxpresso_8.2.2_650/lpcxpresso/tools/bin/../lib/gcc/arm-none-eabi/5.4.1/../../../../arm-none-eabi/lib/armv7-m\libc.a(lib_a-svfiscanf.o)
                0x0000ebb0                __ssrefill_r
 .text._sfread_r
                0x0000ebec       0x84 c:/nxp/lpcxpresso_8.2.2_650/lpcxpresso/tools/bin/../lib/gcc/arm-none-eabi/5.4.1/../../../../arm-none-eabi/lib/armv7-m\libc.a(lib_a-svfiscanf.o)
                0x0000ebec                _sfread_r
 .text.__submore
                0x0000ec70       0x7c c:/nxp/lpcxpresso_8.2.2_650/lpcxpresso/tools/bin/../lib/gcc/arm-none-eabi/5.4.1/../../../../arm-none-eabi/lib/armv7-m\libc.a(lib_a-ungetc.o)
                0x0000ec70                __submore
 .text.__sprint_r.part.0
                0x0000ecec       0x78 c:/nxp/lpcxpresso_8.2.2_650/lpcxpresso/tools/bin/../lib/gcc/arm-none-eabi/5.4.1/../../../../arm-none-eabi/lib/armv7-m\libc.a(lib_a-vfiprintf.o)
 .text.__sprint_r
                0x0000ed64       0x14 c:/nxp/lpcxpresso_8.2.2_650/lpcxpresso/tools/bin/../lib/gcc/arm-none-eabi/5.4.1/../../../../arm-none-eabi/lib/armv7-m\libc.a(lib_a-vfiprintf.o)
                0x0000ed64                __sprint_r
 .text._calloc_r
                0x0000ed78       0x60 c:/nxp/lpcxpresso_8.2.2_650/lpcxpresso/tools/bin/../lib/gcc/arm-none-eabi/5.4.1/../../../../arm-none-eabi/lib/armv7-m\libc.a(lib_a-callocr.o)
                0x0000ed78                _calloc_r
 .text.__fputwc
                0x0000edd8       0x94 c:/nxp/lpcxpresso_8.2.2_650/lpcxpresso/tools/bin/../lib/gcc/arm-none-eabi/5.4.1/../../../../arm-none-eabi/lib/armv7-m\libc.a(lib_a-fputwc.o)
                0x0000edd8                __fputwc
 .text._fputwc_r
                0x0000ee6c       0x24 c:/nxp/lpcxpresso_8.2.2_650/lpcxpresso/tools/bin/../lib/gcc/arm-none-eabi/5.4.1/../../../../arm-none-eabi/lib/armv7-m\libc.a(lib_a-fputwc.o)
                0x0000ee6c                _fputwc_r
 .text.rshift   0x0000ee90       0xa8 c:/nxp/lpcxpresso_8.2.2_650/lpcxpresso/tools/bin/../lib/gcc/arm-none-eabi/5.4.1/../../../../arm-none-eabi/lib/armv7-m\libc.a(lib_a-gdtoa-gethex.o)
 .text.__gethex
                0x0000ef38      0x50c c:/nxp/lpcxpresso_8.2.2_650/lpcxpresso/tools/bin/../lib/gcc/arm-none-eabi/5.4.1/../../../../arm-none-eabi/lib/armv7-m\libc.a(lib_a-gdtoa-gethex.o)
                0x0000ef38                __gethex
 .text.__match  0x0000f444       0x30 c:/nxp/lpcxpresso_8.2.2_650/lpcxpresso/tools/bin/../lib/gcc/arm-none-eabi/5.4.1/../../../../arm-none-eabi/lib/armv7-m\libc.a(lib_a-gdtoa-hexnan.o)
                0x0000f444                __match
 .text.__hexnan
                0x0000f474      0x180 c:/nxp/lpcxpresso_8.2.2_650/lpcxpresso/tools/bin/../lib/gcc/arm-none-eabi/5.4.1/../../../../arm-none-eabi/lib/armv7-m\libc.a(lib_a-gdtoa-hexnan.o)
                0x0000f474                __hexnan
 .text._wcrtomb_r
                0x0000f5f4       0x54 c:/nxp/lpcxpresso_8.2.2_650/lpcxpresso/tools/bin/../lib/gcc/arm-none-eabi/5.4.1/../../../../arm-none-eabi/lib/armv7-m\libc.a(lib_a-wcrtomb.o)
                0x0000f5f4                _wcrtomb_r
 .text.__ascii_wctomb
                0x0000f648       0x1c c:/nxp/lpcxpresso_8.2.2_650/lpcxpresso/tools/bin/../lib/gcc/arm-none-eabi/5.4.1/../../../../arm-none-eabi/lib/armv7-m\libc.a(lib_a-wctomb_r.o)
                0x0000f648                __ascii_wctomb
 .text._ZN10__cxxabiv120__si_class_type_infoD2Ev
                0x0000f664       0x14 c:/nxp/lpcxpresso_8.2.2_650/lpcxpresso/tools/bin/../lib/gcc/arm-none-eabi/5.4.1/../../../../arm-none-eabi/lib/armv7-m\libstdc++.a(si_class_type_info.o)
                0x0000f664                __cxxabiv1::__si_class_type_info::~__si_class_type_info()
                0x0000f664                __cxxabiv1::__si_class_type_info::~__si_class_type_info()
 .text._ZN10__cxxabiv120__si_class_type_infoD0Ev
                0x0000f678       0x1c c:/nxp/lpcxpresso_8.2.2_650/lpcxpresso/tools/bin/../lib/gcc/arm-none-eabi/5.4.1/../../../../arm-none-eabi/lib/armv7-m\libstdc++.a(si_class_type_info.o)
                0x0000f678                __cxxabiv1::__si_class_type_info::~__si_class_type_info()
 .text._ZNK10__cxxabiv120__si_class_type_info12__do_dyncastEiNS_17__class_type_info10__sub_kindEPKS1_PKvS4_S6_RNS1_16__dyncast_resultE
                0x0000f694       0x98 c:/nxp/lpcxpresso_8.2.2_650/lpcxpresso/tools/bin/../lib/gcc/arm-none-eabi/5.4.1/../../../../arm-none-eabi/lib/armv7-m\libstdc++.a(si_class_type_info.o)
                0x0000f694                __cxxabiv1::__si_class_type_info::__do_dyncast(int, __cxxabiv1::__class_type_info::__sub_kind, __cxxabiv1::__class_type_info const*, void const*, __cxxabiv1::__class_type_info const*, void const*, __cxxabiv1::__class_type_info::__dyncast_result&) const
 .text._ZNK10__cxxabiv120__si_class_type_info20__do_find_public_srcEiPKvPKNS_17__class_type_infoES2_
                0x0000f72c       0x3c c:/nxp/lpcxpresso_8.2.2_650/lpcxpresso/tools/bin/../lib/gcc/arm-none-eabi/5.4.1/../../../../arm-none-eabi/lib/armv7-m\libstdc++.a(si_class_type_info.o)
                0x0000f72c                __cxxabiv1::__si_class_type_info::__do_find_public_src(int, void const*, __cxxabiv1::__class_type_info const*, void const*) const
 .text._ZNK10__cxxabiv120__si_class_type_info11__do_upcastEPKNS_17__class_type_infoEPKvRNS1_15__upcast_resultE
                0x0000f768       0x2c c:/nxp/lpcxpresso_8.2.2_650/lpcxpresso/tools/bin/../lib/gcc/arm-none-eabi/5.4.1/../../../../arm-none-eabi/lib/armv7-m\libstdc++.a(si_class_type_info.o)
                0x0000f768                __cxxabiv1::__si_class_type_info::__do_upcast(__cxxabiv1::__class_type_info const*, void const*, __cxxabiv1::__class_type_info::__upcast_result&) const
 .text._ZN10__cxxabiv121__vmi_class_type_infoD2Ev
                0x0000f794       0x14 c:/nxp/lpcxpresso_8.2.2_650/lpcxpresso/tools/bin/../lib/gcc/arm-none-eabi/5.4.1/../../../../arm-none-eabi/lib/armv7-m\libstdc++.a(vmi_class_type_info.o)
                0x0000f794                __cxxabiv1::__vmi_class_type_info::~__vmi_class_type_info()
                0x0000f794                __cxxabiv1::__vmi_class_type_info::~__vmi_class_type_info()
 .text._ZN10__cxxabiv121__vmi_class_type_infoD0Ev
                0x0000f7a8       0x1c c:/nxp/lpcxpresso_8.2.2_650/lpcxpresso/tools/bin/../lib/gcc/arm-none-eabi/5.4.1/../../../../arm-none-eabi/lib/armv7-m\libstdc++.a(vmi_class_type_info.o)
                0x0000f7a8                __cxxabiv1::__vmi_class_type_info::~__vmi_class_type_info()
 .text._ZNK10__cxxabiv121__vmi_class_type_info20__do_find_public_srcEiPKvPKNS_17__class_type_infoES2_
                0x0000f7c4       0x7c c:/nxp/lpcxpresso_8.2.2_650/lpcxpresso/tools/bin/../lib/gcc/arm-none-eabi/5.4.1/../../../../arm-none-eabi/lib/armv7-m\libstdc++.a(vmi_class_type_info.o)
                0x0000f7c4                __cxxabiv1::__vmi_class_type_info::__do_find_public_src(int, void const*, __cxxabiv1::__class_type_info const*, void const*) const
 .text._ZNK10__cxxabiv121__vmi_class_type_info12__do_dyncastEiNS_17__class_type_info10__sub_kindEPKS1_PKvS4_S6_RNS1_16__dyncast_resultE
                0x0000f840      0x398 c:/nxp/lpcxpresso_8.2.2_650/lpcxpresso/tools/bin/../lib/gcc/arm-none-eabi/5.4.1/../../../../arm-none-eabi/lib/armv7-m\libstdc++.a(vmi_class_type_info.o)
                0x0000f840                __cxxabiv1::__vmi_class_type_info::__do_dyncast(int, __cxxabiv1::__class_type_info::__sub_kind, __cxxabiv1::__class_type_info const*, void const*, __cxxabiv1::__class_type_info const*, void const*, __cxxabiv1::__class_type_info::__dyncast_result&) const
 .text._ZNK10__cxxabiv121__vmi_class_type_info11__do_upcastEPKNS_17__class_type_infoEPKvRNS1_15__upcast_resultE
                0x0000fbd8      0x150 c:/nxp/lpcxpresso_8.2.2_650/lpcxpresso/tools/bin/../lib/gcc/arm-none-eabi/5.4.1/../../../../arm-none-eabi/lib/armv7-m\libstdc++.a(vmi_class_type_info.o)
                0x0000fbd8                __cxxabiv1::__vmi_class_type_info::__do_upcast(__cxxabiv1::__class_type_info const*, void const*, __cxxabiv1::__class_type_info::__upcast_result&) const
 .text._ZNSt9type_infoD2Ev
                0x0000fd28        0x4 c:/nxp/lpcxpresso_8.2.2_650/lpcxpresso/tools/bin/../lib/gcc/arm-none-eabi/5.4.1/../../../../arm-none-eabi/lib/armv7-m\libstdc++.a(tinfo.o)
                0x0000fd28                std::type_info::~type_info()
                0x0000fd28                std::type_info::~type_info()
 .text._ZNKSt9type_info15__is_function_pEv
                0x0000fd2c        0x4 c:/nxp/lpcxpresso_8.2.2_650/lpcxpresso/tools/bin/../lib/gcc/arm-none-eabi/5.4.1/../../../../arm-none-eabi/lib/armv7-m\libstdc++.a(tinfo.o)
                0x0000fd2c                std::type_info::__is_pointer_p() const
                0x0000fd2c                std::type_info::__is_function_p() const
 .text._ZNKSt9type_infoeqERKS_
                0x0000fd30       0x2c c:/nxp/lpcxpresso_8.2.2_650/lpcxpresso/tools/bin/../lib/gcc/arm-none-eabi/5.4.1/../../../../arm-none-eabi/lib/armv7-m\libstdc++.a(tinfo.o)
                0x0000fd30                std::type_info::operator==(std::type_info const&) const
 .text._ZNK10__cxxabiv117__class_type_info11__do_upcastEPKS0_PPv
                0x0000fd5c       0x38 c:/nxp/lpcxpresso_8.2.2_650/lpcxpresso/tools/bin/../lib/gcc/arm-none-eabi/5.4.1/../../../../arm-none-eabi/lib/armv7-m\libstdc++.a(class_type_info.o)
                0x0000fd5c                __cxxabiv1::__class_type_info::__do_upcast(__cxxabiv1::__class_type_info const*, void**) const
 .text._ZNK10__cxxabiv117__class_type_info20__do_find_public_srcEiPKvPKS0_S2_
                0x0000fd94        0xc c:/nxp/lpcxpresso_8.2.2_650/lpcxpresso/tools/bin/../lib/gcc/arm-none-eabi/5.4.1/../../../../arm-none-eabi/lib/armv7-m\libstdc++.a(class_type_info.o)
                0x0000fd94                __cxxabiv1::__class_type_info::__do_find_public_src(int, void const*, __cxxabiv1::__class_type_info const*, void const*) const
 .text._ZN10__cxxabiv117__class_type_infoD2Ev
                0x0000fda0       0x14 c:/nxp/lpcxpresso_8.2.2_650/lpcxpresso/tools/bin/../lib/gcc/arm-none-eabi/5.4.1/../../../../arm-none-eabi/lib/armv7-m\libstdc++.a(class_type_info.o)
                0x0000fda0                __cxxabiv1::__class_type_info::~__class_type_info()
                0x0000fda0                __cxxabiv1::__class_type_info::~__class_type_info()
 .text._ZN10__cxxabiv117__class_type_infoD0Ev
                0x0000fdb4       0x1c c:/nxp/lpcxpresso_8.2.2_650/lpcxpresso/tools/bin/../lib/gcc/arm-none-eabi/5.4.1/../../../../arm-none-eabi/lib/armv7-m\libstdc++.a(class_type_info.o)
                0x0000fdb4                __cxxabiv1::__class_type_info::~__class_type_info()
 .text._ZNK10__cxxabiv117__class_type_info11__do_upcastEPKS0_PKvRNS0_15__upcast_resultE
                0x0000fdd0       0x18 c:/nxp/lpcxpresso_8.2.2_650/lpcxpresso/tools/bin/../lib/gcc/arm-none-eabi/5.4.1/../../../../arm-none-eabi/lib/armv7-m\libstdc++.a(class_type_info.o)
                0x0000fdd0                __cxxabiv1::__class_type_info::__do_upcast(__cxxabiv1::__class_type_info const*, void const*, __cxxabiv1::__class_type_info::__upcast_result&) const
 .text._ZNK10__cxxabiv117__class_type_info12__do_dyncastEiNS0_10__sub_kindEPKS0_PKvS3_S5_RNS0_16__dyncast_resultE
                0x0000fde8       0x40 c:/nxp/lpcxpresso_8.2.2_650/lpcxpresso/tools/bin/../lib/gcc/arm-none-eabi/5.4.1/../../../../arm-none-eabi/lib/armv7-m\libstdc++.a(class_type_info.o)
                0x0000fde8                __cxxabiv1::__class_type_info::__do_dyncast(int, __cxxabiv1::__class_type_info::__sub_kind, __cxxabiv1::__class_type_info const*, void const*, __cxxabiv1::__class_type_info const*, void const*, __cxxabiv1::__class_type_info::__dyncast_result&) const
 .text._ZNK10__cxxabiv117__class_type_info10__do_catchEPKSt9type_infoPPvj
                0x0000fe28       0x2c c:/nxp/lpcxpresso_8.2.2_650/lpcxpresso/tools/bin/../lib/gcc/arm-none-eabi/5.4.1/../../../../arm-none-eabi/lib/armv7-m\libstdc++.a(class_type_info.o)
                0x0000fe28                __cxxabiv1::__class_type_info::__do_catch(std::type_info const*, void**, unsigned int) const
 .text.cos      0x0000fe54       0x90 c:/nxp/lpcxpresso_8.2.2_650/lpcxpresso/tools/bin/../lib/gcc/arm-none-eabi/5.4.1/../../../../arm-none-eabi/lib/armv7-m\libm.a(lib_a-s_cos.o)
                0x0000fe54                cos
 .text.fabs     0x0000fee4        0x8 c:/nxp/lpcxpresso_8.2.2_650/lpcxpresso/tools/bin/../lib/gcc/arm-none-eabi/5.4.1/../../../../arm-none-eabi/lib/armv7-m\libm.a(lib_a-s_fabs.o)
                0x0000fee4                fabs
 *fill*         0x0000feec        0x4 ff
 .text.floor    0x0000fef0      0x110 c:/nxp/lpcxpresso_8.2.2_650/lpcxpresso/tools/bin/../lib/gcc/arm-none-eabi/5.4.1/../../../../arm-none-eabi/lib/armv7-m\libm.a(lib_a-s_floor.o)
                0x0000fef0                floor
 .text.sin      0x00010000       0x90 c:/nxp/lpcxpresso_8.2.2_650/lpcxpresso/tools/bin/../lib/gcc/arm-none-eabi/5.4.1/../../../../arm-none-eabi/lib/armv7-m\libm.a(lib_a-s_sin.o)
                0x00010000                sin
 .text.atan2    0x00010090        0x4 c:/nxp/lpcxpresso_8.2.2_650/lpcxpresso/tools/bin/../lib/gcc/arm-none-eabi/5.4.1/../../../../arm-none-eabi/lib/armv7-m\libm.a(lib_a-w_atan2.o)
                0x00010090                atan2
 .text.pow      0x00010094      0x330 c:/nxp/lpcxpresso_8.2.2_650/lpcxpresso/tools/bin/../lib/gcc/arm-none-eabi/5.4.1/../../../../arm-none-eabi/lib/armv7-m\libm.a(lib_a-w_pow.o)
                0x00010094                pow
 .text.sqrt     0x000103c4       0xb8 c:/nxp/lpcxpresso_8.2.2_650/lpcxpresso/tools/bin/../lib/gcc/arm-none-eabi/5.4.1/../../../../arm-none-eabi/lib/armv7-m\libm.a(lib_a-w_sqrt.o)
                0x000103c4                sqrt
 *fill*         0x0001047c        0x4 ff
 .text.__ieee754_atan2
                0x00010480      0x194 c:/nxp/lpcxpresso_8.2.2_650/lpcxpresso/tools/bin/../lib/gcc/arm-none-eabi/5.4.1/../../../../arm-none-eabi/lib/armv7-m\libm.a(lib_a-e_atan2.o)
                0x00010480                __ieee754_atan2
 *fill*         0x00010614        0x4 ff
 .text.__ieee754_pow
                0x00010618      0xac4 c:/nxp/lpcxpresso_8.2.2_650/lpcxpresso/tools/bin/../lib/gcc/arm-none-eabi/5.4.1/../../../../arm-none-eabi/lib/armv7-m\libm.a(lib_a-e_pow.o)
                0x00010618                __ieee754_pow
 *fill*         0x000110dc        0x4 ff
 .text.__ieee754_rem_pio2
                0x000110e0      0x42c c:/nxp/lpcxpresso_8.2.2_650/lpcxpresso/tools/bin/../lib/gcc/arm-none-eabi/5.4.1/../../../../arm-none-eabi/lib/armv7-m\libm.a(lib_a-e_rem_pio2.o)
                0x000110e0                __ieee754_rem_pio2
 .text.__ieee754_sqrt
                0x0001150c      0x188 c:/nxp/lpcxpresso_8.2.2_650/lpcxpresso/tools/bin/../lib/gcc/arm-none-eabi/5.4.1/../../../../arm-none-eabi/lib/armv7-m\libm.a(lib_a-e_sqrt.o)
                0x0001150c                __ieee754_sqrt
 *fill*         0x00011694        0x4 ff
 .text.__kernel_cos
                0x00011698      0x248 c:/nxp/lpcxpresso_8.2.2_650/lpcxpresso/tools/bin/../lib/gcc/arm-none-eabi/5.4.1/../../../../arm-none-eabi/lib/armv7-m\libm.a(lib_a-k_cos.o)
                0x00011698                __kernel_cos
 .text.__kernel_rem_pio2
                0x000118e0      0x7f0 c:/nxp/lpcxpresso_8.2.2_650/lpcxpresso/tools/bin/../lib/gcc/arm-none-eabi/5.4.1/../../../../arm-none-eabi/lib/armv7-m\libm.a(lib_a-k_rem_pio2.o)
                0x000118e0                __kernel_rem_pio2
 .text.__kernel_sin
                0x000120d0      0x16c c:/nxp/lpcxpresso_8.2.2_650/lpcxpresso/tools/bin/../lib/gcc/arm-none-eabi/5.4.1/../../../../arm-none-eabi/lib/armv7-m\libm.a(lib_a-k_sin.o)
                0x000120d0                __kernel_sin
 *fill*         0x0001223c        0x4 ff
 .text.atan     0x00012240      0x33c c:/nxp/lpcxpresso_8.2.2_650/lpcxpresso/tools/bin/../lib/gcc/arm-none-eabi/5.4.1/../../../../arm-none-eabi/lib/armv7-m\libm.a(lib_a-s_atan.o)
                0x00012240                atan
 .text.finite   0x0001257c        0xc c:/nxp/lpcxpresso_8.2.2_650/lpcxpresso/tools/bin/../lib/gcc/arm-none-eabi/5.4.1/../../../../arm-none-eabi/lib/armv7-m\libm.a(lib_a-s_finite.o)
                0x0001257c                finite
 .text.matherr  0x00012588        0x4 c:/nxp/lpcxpresso_8.2.2_650/lpcxpresso/tools/bin/../lib/gcc/arm-none-eabi/5.4.1/../../../../arm-none-eabi/lib/armv7-m\libm.a(lib_a-s_matherr.o)
                0x00012588                matherr
 .text.nan      0x0001258c        0xc c:/nxp/lpcxpresso_8.2.2_650/lpcxpresso/tools/bin/../lib/gcc/arm-none-eabi/5.4.1/../../../../arm-none-eabi/lib/armv7-m\libm.a(lib_a-s_nan.o)
                0x0001258c                nan
 .text.rint     0x00012598      0x120 c:/nxp/lpcxpresso_8.2.2_650/lpcxpresso/tools/bin/../lib/gcc/arm-none-eabi/5.4.1/../../../../arm-none-eabi/lib/armv7-m\libm.a(lib_a-s_rint.o)
                0x00012598                rint
 .text.scalbn   0x000126b8       0xe4 c:/nxp/lpcxpresso_8.2.2_650/lpcxpresso/tools/bin/../lib/gcc/arm-none-eabi/5.4.1/../../../../arm-none-eabi/lib/armv7-m\libm.a(lib_a-s_scalbn.o)
                0x000126b8                scalbn
 .text.copysign
                0x0001279c       0x10 c:/nxp/lpcxpresso_8.2.2_650/lpcxpresso/tools/bin/../lib/gcc/arm-none-eabi/5.4.1/../../../../arm-none-eabi/lib/armv7-m\libm.a(lib_a-s_copysign.o)
                0x0001279c                copysign
 .text._sbrk    0x000127ac       0x3c c:/nxp/lpcxpresso_8.2.2_650/lpcxpresso/tools/bin/../lib/gcc/arm-none-eabi/5.4.1/../../../../arm-none-eabi/lib/armv7-m\libcr_newlib_nohost.a(_cr_sbrk.o)
                0x000127ac                _sbrk
 .text.__check_heap_overflow
                0x000127e8       0x18 c:/nxp/lpcxpresso_8.2.2_650/lpcxpresso/tools/bin/../lib/gcc/arm-none-eabi/5.4.1/../../../../arm-none-eabi/lib/armv7-m\libcr_newlib_nohost.a(_cr_check_heap.o)
                0x000127e8                __check_heap_overflow
 .text          0x00012800       0x5c c:/nxp/lpcxpresso_8.2.2_650/lpcxpresso/tools/bin/../lib/gcc/arm-none-eabi/5.4.1/armv7-m\crtbegin.o
 .text          0x0001285c       0x2c c:/nxp/lpcxpresso_8.2.2_650/lpcxpresso/tools/bin/../lib/gcc/arm-none-eabi/5.4.1/armv7-m\libgcc.a(_arm_unorddf2.o)
                0x0001285c                __unorddf2
                0x0001285c                __aeabi_dcmpun
 .text          0x00012888       0x40 c:/nxp/lpcxpresso_8.2.2_650/lpcxpresso/tools/bin/../lib/gcc/arm-none-eabi/5.4.1/armv7-m\libgcc.a(_arm_fixunsdfsi.o)
                0x00012888                __aeabi_d2uiz
                0x00012888                __fixunsdfsi
 .text          0x000128c8      0x9e4 c:/nxp/lpcxpresso_8.2.2_650/lpcxpresso/tools/bin/../lib/gcc/arm-none-eabi/5.4.1/armv7-m\libgcc.a(unwind-arm.o)
                0x00012b88                _Unwind_GetCFA
                0x00012b8c                __gnu_Unwind_RaiseException
                0x00012bec                __gnu_Unwind_ForcedUnwind
                0x00012c00                __gnu_Unwind_Resume
                0x00012c44                __gnu_Unwind_Resume_or_Rethrow
                0x00012c58                _Unwind_Complete
                0x00012c5c                _Unwind_DeleteException
                0x00012c68                _Unwind_VRS_Get
                0x00012cb4                _Unwind_VRS_Set
                0x00012d04                __gnu_Unwind_Backtrace
                0x00013050                __aeabi_unwind_cpp_pr0
                0x00013054                __aeabi_unwind_cpp_pr1
                0x00013058                __aeabi_unwind_cpp_pr2
                0x0001305c                _Unwind_VRS_Pop
 .text          0x000132ac      0x1ac c:/nxp/lpcxpresso_8.2.2_650/lpcxpresso/tools/bin/../lib/gcc/arm-none-eabi/5.4.1/armv7-m\libgcc.a(libunwind.o)
                0x000132ac                __restore_core_regs
                0x000132ac                restore_core_regs
                0x000132c4                __gnu_Unwind_Restore_VFP
                0x000132cc                __gnu_Unwind_Save_VFP
                0x000132d4                __gnu_Unwind_Restore_VFP_D
                0x000132dc                __gnu_Unwind_Save_VFP_D
                0x000132e4                __gnu_Unwind_Restore_VFP_D_16_to_31
                0x000132ec                __gnu_Unwind_Save_VFP_D_16_to_31
                0x000132f4                __gnu_Unwind_Restore_WMMXD
                0x00013338                __gnu_Unwind_Save_WMMXD
                0x0001337c                __gnu_Unwind_Restore_WMMXC
                0x00013390                __gnu_Unwind_Save_WMMXC
                0x000133a4                ___Unwind_RaiseException
                0x000133a4                _Unwind_RaiseException
                0x000133c8                _Unwind_Resume
                0x000133c8                ___Unwind_Resume
                0x000133ec                _Unwind_Resume_or_Rethrow
                0x000133ec                ___Unwind_Resume_or_Rethrow
                0x00013410                _Unwind_ForcedUnwind
                0x00013410                ___Unwind_ForcedUnwind
                0x00013434                ___Unwind_Backtrace
                0x00013434                _Unwind_Backtrace
 .text          0x00013458      0x354 c:/nxp/lpcxpresso_8.2.2_650/lpcxpresso/tools/bin/../lib/gcc/arm-none-eabi/5.4.1/armv7-m\libgcc.a(pr-support.o)
                0x000134b0                __gnu_unwind_execute
                0x00013754                __gnu_unwind_frame
                0x0001377c                _Unwind_GetRegionStart
                0x00013788                _Unwind_GetLanguageSpecificData
                0x0001379c                _Unwind_GetTextRelBase
                0x000137a4                _Unwind_GetDataRelBase
 .text.abort    0x000137ac       0x10 c:/nxp/lpcxpresso_8.2.2_650/lpcxpresso/tools/bin/../lib/gcc/arm-none-eabi/5.4.1/../../../../arm-none-eabi/lib/armv7-m\libc.a(lib_a-abort.o)
                0x000137ac                abort
 .text._raise_r
                0x000137bc       0x58 c:/nxp/lpcxpresso_8.2.2_650/lpcxpresso/tools/bin/../lib/gcc/arm-none-eabi/5.4.1/../../../../arm-none-eabi/lib/armv7-m\libc.a(lib_a-signal.o)
                0x000137bc                _raise_r