Archive member included to satisfy reference by file (symbol)

c:/nxp/lpcxpresso_8.2.2_650/lpcxpresso/tools/bin/../lib/gcc/arm-none-eabi/5.4.1/armv7-m\libgcc.a(_arm_addsubdf3.o)
                              ./functions.o (__aeabi_dadd)
c:/nxp/lpcxpresso_8.2.2_650/lpcxpresso/tools/bin/../lib/gcc/arm-none-eabi/5.4.1/armv7-m\libgcc.a(_arm_muldivdf3.o)
                              ./Walk/CANs/CANSender.o (__aeabi_dmul)
c:/nxp/lpcxpresso_8.2.2_650/lpcxpresso/tools/bin/../lib/gcc/arm-none-eabi/5.4.1/armv7-m\libgcc.a(_arm_cmpdf2.o)
                              ./functions.o (__aeabi_dcmplt)
c:/nxp/lpcxpresso_8.2.2_650/lpcxpresso/tools/bin/../lib/gcc/arm-none-eabi/5.4.1/armv7-m\libgcc.a(_arm_fixdfsi.o)
                              ./mbed-src/targets/hal/TARGET_NXP/TARGET_LPC176X/spi_api.o (__aeabi_d2iz)
c:/nxp/lpcxpresso_8.2.2_650/lpcxpresso/tools/bin/../lib/gcc/arm-none-eabi/5.4.1/armv7-m\libgcc.a(_arm_truncdfsf2.o)
                              ./mbed-src/targets/hal/TARGET_NXP/TARGET_LPC176X/serial_api.o (__aeabi_d2f)
c:/nxp/lpcxpresso_8.2.2_650/lpcxpresso/tools/bin/../lib/gcc/arm-none-eabi/5.4.1/armv7-m\libgcc.a(_arm_addsubsf3.o)
                              ./mbed-src/targets/hal/TARGET_NXP/TARGET_LPC176X/serial_api.o (__aeabi_fsub)
c:/nxp/lpcxpresso_8.2.2_650/lpcxpresso/tools/bin/../lib/gcc/arm-none-eabi/5.4.1/armv7-m\libgcc.a(_arm_muldivsf3.o)
                              ./mbed-src/targets/hal/TARGET_NXP/TARGET_LPC176X/analogin_api.o (__aeabi_fmul)
c:/nxp/lpcxpresso_8.2.2_650/lpcxpresso/tools/bin/../lib/gcc/arm-none-eabi/5.4.1/armv7-m\libgcc.a(_arm_cmpsf2.o)
                              ./mbed-src/targets/hal/TARGET_NXP/TARGET_LPC176X/analogout_api.o (__aeabi_fcmplt)
c:/nxp/lpcxpresso_8.2.2_650/lpcxpresso/tools/bin/../lib/gcc/arm-none-eabi/5.4.1/armv7-m\libgcc.a(_arm_fixsfsi.o)
                              ./mbed-src/targets/hal/TARGET_NXP/TARGET_LPC176X/analogout_api.o (__aeabi_f2iz)
c:/nxp/lpcxpresso_8.2.2_650/lpcxpresso/tools/bin/../lib/gcc/arm-none-eabi/5.4.1/armv7-m\libgcc.a(_arm_fixunssfsi.o)
                              ./mbed-src/targets/hal/TARGET_NXP/TARGET_LPC176X/pwmout_api.o (__aeabi_f2uiz)
c:/nxp/lpcxpresso_8.2.2_650/lpcxpresso/tools/bin/../lib/gcc/arm-none-eabi/5.4.1/armv7-m\libgcc.a(_aeabi_uldivmod.o)
                              ./mbed-src/targets/cmsis/TARGET_NXP/TARGET_LPC176X/system_LPC17xx.o (__aeabi_uldivmod)
c:/nxp/lpcxpresso_8.2.2_650/lpcxpresso/tools/bin/../lib/gcc/arm-none-eabi/5.4.1/armv7-m\libgcc.a(_udivmoddi4.o)
                              c:/nxp/lpcxpresso_8.2.2_650/lpcxpresso/tools/bin/../lib/gcc/arm-none-eabi/5.4.1/armv7-m\libgcc.a(_aeabi_uldivmod.o) (__udivmoddi4)
c:/nxp/lpcxpresso_8.2.2_650/lpcxpresso/tools/bin/../lib/gcc/arm-none-eabi/5.4.1/armv7-m\libgcc.a(_dvmd_tls.o)
                              c:/nxp/lpcxpresso_8.2.2_650/lpcxpresso/tools/bin/../lib/gcc/arm-none-eabi/5.4.1/armv7-m\libgcc.a(_aeabi_uldivmod.o) (__aeabi_ldiv0)
c:/nxp/lpcxpresso_8.2.2_650/lpcxpresso/tools/bin/../lib/gcc/arm-none-eabi/5.4.1/../../../../arm-none-eabi/lib/armv7-m\libc.a(lib_a-errno.o)
                              ./mbed-src/common/retarget.o (__errno)
c:/nxp/lpcxpresso_8.2.2_650/lpcxpresso/tools/bin/../lib/gcc/arm-none-eabi/5.4.1/../../../../arm-none-eabi/lib/armv7-m\libc.a(lib_a-fclose.o)
                              ./mbed-src/common/Stream.o (fclose)
c:/nxp/lpcxpresso_8.2.2_650/lpcxpresso/tools/bin/../lib/gcc/arm-none-eabi/5.4.1/../../../../arm-none-eabi/lib/armv7-m\libc.a(lib_a-fflush.o)
                              c:/nxp/lpcxpresso_8.2.2_650/lpcxpresso/tools/bin/../lib/gcc/arm-none-eabi/5.4.1/../../../../arm-none-eabi/lib/armv7-m\libc.a(lib_a-fclose.o) (__sflush_r)
c:/nxp/lpcxpresso_8.2.2_650/lpcxpresso/tools/bin/../lib/gcc/arm-none-eabi/5.4.1/../../../../arm-none-eabi/lib/armv7-m\libc.a(lib_a-fgetc.o)
                              ./mbed-src/common/Stream.o (fgetc)
c:/nxp/lpcxpresso_8.2.2_650/lpcxpresso/tools/bin/../lib/gcc/arm-none-eabi/5.4.1/../../../../arm-none-eabi/lib/armv7-m\libc.a(lib_a-fgets.o)
                              ./mbed-src/common/Stream.o (fgets)
c:/nxp/lpcxpresso_8.2.2_650/lpcxpresso/tools/bin/../lib/gcc/arm-none-eabi/5.4.1/../../../../arm-none-eabi/lib/armv7-m\libc.a(lib_a-findfp.o)
                              c:/nxp/lpcxpresso_8.2.2_650/lpcxpresso/tools/bin/../lib/gcc/arm-none-eabi/5.4.1/../../../../arm-none-eabi/lib/armv7-m\libc.a(lib_a-fclose.o) (__sinit)
c:/nxp/lpcxpresso_8.2.2_650/lpcxpresso/tools/bin/../lib/gcc/arm-none-eabi/5.4.1/../../../../arm-none-eabi/lib/armv7-m\libc.a(lib_a-fopen.o)
                              ./mbed-src/common/Stream.o (fopen)
c:/nxp/lpcxpresso_8.2.2_650/lpcxpresso/tools/bin/../lib/gcc/arm-none-eabi/5.4.1/../../../../arm-none-eabi/lib/armv7-m\libc.a(lib_a-fprintf.o)
                              ./mbed-src/targets/hal/TARGET_NXP/TARGET_LPC176X/analogin_api.o (fprintf)
[...]
Memory Configuration

Name             Origin             Length             Attributes
MFlash512        0x00000000         0x00080000         xr
RamLoc32         0x100000c8         0x00007f38         xrw
RamAHB32         0x2007c000         0x00008000         xrw
*default*        0x00000000         0xffffffff

Linker script and memory map

LOAD ./mbed-src/targets/hal/TARGET_NXP/TARGET_LPC176X/analogin_api.o
LOAD ./mbed-src/targets/hal/TARGET_NXP/TARGET_LPC176X/analogout_api.o
LOAD ./mbed-src/targets/hal/TARGET_NXP/TARGET_LPC176X/can_api.o
LOAD ./mbed-src/targets/hal/TARGET_NXP/TARGET_LPC176X/ethernet_api.o
LOAD ./mbed-src/targets/hal/TARGET_NXP/TARGET_LPC176X/gpio_api.o
LOAD ./mbed-src/targets/hal/TARGET_NXP/TARGET_LPC176X/gpio_irq_api.o
LOAD ./mbed-src/targets/hal/TARGET_NXP/TARGET_LPC176X/i2c_api.o
LOAD ./mbed-src/targets/hal/TARGET_NXP/TARGET_LPC176X/pinmap.o
LOAD ./mbed-src/targets/hal/TARGET_NXP/TARGET_LPC176X/port_api.o
LOAD ./mbed-src/targets/hal/TARGET_NXP/TARGET_LPC176X/pwmout_api.o
LOAD ./mbed-src/targets/hal/TARGET_NXP/TARGET_LPC176X/rtc_api.o
LOAD ./mbed-src/targets/hal/TARGET_NXP/TARGET_LPC176X/serial_api.o
LOAD ./mbed-src/targets/hal/TARGET_NXP/TARGET_LPC176X/sleep.o
LOAD ./mbed-src/targets/hal/TARGET_NXP/TARGET_LPC176X/spi_api.o
LOAD ./mbed-src/targets/hal/TARGET_NXP/TARGET_LPC176X/us_ticker.o
LOAD ./mbed-src/targets/cmsis/TARGET_NXP/TARGET_LPC176X/TOOLCHAIN_GCC_CR/startup_LPC17xx.o
LOAD ./mbed-src/targets/cmsis/TARGET_NXP/TARGET_LPC176X/cmsis_nvic.o
LOAD ./mbed-src/targets/cmsis/TARGET_NXP/TARGET_LPC176X/system_LPC17xx.o
LOAD ./mbed-src/common/BusIn.o
LOAD ./mbed-src/common/BusInOut.o
LOAD ./mbed-src/common/BusOut.o
LOAD ./mbed-src/common/CAN.o
LOAD ./mbed-src/common/CallChain.o
LOAD ./mbed-src/common/Ethernet.o
LOAD ./mbed-src/common/FileBase.o
LOAD ./mbed-src/common/FileLike.o
LOAD ./mbed-src/common/FilePath.o
LOAD ./mbed-src/common/FileSystemLike.o
LOAD ./mbed-src/common/FunctionPointer.o
LOAD ./mbed-src/common/I2C.o
LOAD ./mbed-src/common/I2CSlave.o
LOAD ./mbed-src/common/InterruptIn.o
LOAD ./mbed-src/common/InterruptManager.o
LOAD ./mbed-src/common/LocalFileSystem.o
LOAD ./mbed-src/common/RawSerial.o
LOAD ./mbed-src/common/SPI.o
LOAD ./mbed-src/common/SPISlave.o
LOAD ./mbed-src/common/Serial.o
LOAD ./mbed-src/common/SerialBase.o
LOAD ./mbed-src/common/Stream.o
LOAD ./mbed-src/common/Ticker.o
LOAD ./mbed-src/common/Timeout.o
LOAD ./mbed-src/common/Timer.o
LOAD ./mbed-src/common/TimerEvent.o
LOAD ./mbed-src/common/board.o
LOAD ./mbed-src/common/exit.o
LOAD ./mbed-src/common/mbed_interface.o
LOAD ./mbed-src/common/pinmap_common.o
LOAD ./mbed-src/common/retarget.o
LOAD ./mbed-src/common/rtc_time.o
LOAD ./mbed-src/common/semihost_api.o
LOAD ./mbed-src/common/us_ticker_api.o
LOAD ./mbed-src/common/wait_api.o
LOAD ./Walk/CANs/CANProtocol.o
LOAD ./Walk/CANs/CANReceiver.o
LOAD ./Walk/CANs/CANSender.o
LOAD ./Walk/MRMode.o
LOAD ./QEI/QEI.o
LOAD ./PhotoelectricSensor.o
LOAD ./Pins.o
LOAD ./functions.o
LOAD ./main.o
LOAD ./pspad.o
START GROUP
LOAD c:/nxp/lpcxpresso_8.2.2_650/lpcxpresso/tools/bin/../lib/gcc/arm-none-eabi/5.4.1/armv7-m\libgcc.a
LOAD c:/nxp/lpcxpresso_8.2.2_650/lpcxpresso/tools/bin/../lib/gcc/arm-none-eabi/5.4.1/../../../../arm-none-eabi/lib/armv7-m\libc.a
LOAD c:/nxp/lpcxpresso_8.2.2_650/lpcxpresso/tools/bin/../lib/gcc/arm-none-eabi/5.4.1/../../../../arm-none-eabi/lib/armv7-m\libstdc++.a
LOAD c:/nxp/lpcxpresso_8.2.2_650/lpcxpresso/tools/bin/../lib/gcc/arm-none-eabi/5.4.1/../../../../arm-none-eabi/lib/armv7-m\libm.a
LOAD c:/nxp/lpcxpresso_8.2.2_650/lpcxpresso/tools/bin/../lib/gcc/arm-none-eabi/5.4.1/../../../../arm-none-eabi/lib/armv7-m\libcr_newlib_nohost.a
LOAD c:/nxp/lpcxpresso_8.2.2_650/lpcxpresso/tools/bin/../lib/gcc/arm-none-eabi/5.4.1/armv7-m\crti.o
LOAD c:/nxp/lpcxpresso_8.2.2_650/lpcxpresso/tools/bin/../lib/gcc/arm-none-eabi/5.4.1/armv7-m\crtn.o
LOAD c:/nxp/lpcxpresso_8.2.2_650/lpcxpresso/tools/bin/../lib/gcc/arm-none-eabi/5.4.1/armv7-m\crtbegin.o
LOAD c:/nxp/lpcxpresso_8.2.2_650/lpcxpresso/tools/bin/../lib/gcc/arm-none-eabi/5.4.1/armv7-m\crtend.o
END GROUP
                0x00080000                __top_MFlash512 = 0x80000
                0x10008000                __top_RamLoc32 = 0x10008000
                0x20084000                __top_RamAHB32 = 0x20084000

.text           0x00000000    0x138c4
 FILL mask 0xff
 *(.isr_vector)
 .isr_vector    0x00000000       0xcc ./mbed-src/targets/cmsis/TARGET_NXP/TARGET_LPC176X/TOOLCHAIN_GCC_CR/startup_LPC17xx.o
                0x00000000                g_pfnVectors
                0x000000cc                . = ALIGN (0x4)
                0x000000cc                __section_table_start = .
                0x000000cc                __data_section_table = .
                0x000000cc        0x4 LONG 0x13a14 LOADADDR (.data)
                0x000000d0        0x4 LONG 0x100000c8 ADDR (.data)
                0x000000d4        0x4 LONG 0x8cc SIZEOF (.data)
                0x000000d8        0x4 LONG 0x13a14 LOADADDR (.data_RAM2)
                0x000000dc        0x4 LONG 0x2007c000 ADDR (.data_RAM2)
                0x000000e0        0x4 LONG 0x0 SIZEOF (.data_RAM2)
                0x000000e4                __data_section_table_end = .
                0x000000e4                __bss_section_table = .
                0x000000e4        0x4 LONG 0x10000994 ADDR (.bss)
                0x000000e8        0x4 LONG 0x460 SIZEOF (.bss)
                0x000000ec        0x4 LONG 0x2007c000 ADDR (.bss_RAM2)
                0x000000f0        0x4 LONG 0x0 SIZEOF (.bss_RAM2)
                0x000000f4                __bss_section_table_end = .
                0x000000f4                __section_table_end = .
 *(.after_vectors*)
 .after_vectors
                0x000000f4      0x170 ./mbed-src/targets/cmsis/TARGET_NXP/TARGET_LPC176X/TOOLCHAIN_GCC_CR/startup_LPC17xx.o
                0x000000f4                data_init
                0x00000138                bss_init
                0x00000170                ResetISR
                0x000001ec                NMI_Handler
                0x000001f8                HardFault_Handler
                0x00000204                MemManage_Handler
                0x00000210                BusFault_Handler
                0x0000021c                UsageFault_Handler
                0x00000228                SVCall_Handler
                0x00000234                DebugMon_Handler
                0x00000240                PendSV_Handler
                0x0000024c                SysTick_Handler
                0x00000258                EINT2_IRQHandler
                0x00000258                UART1_IRQHandler
                0x00000258                EINT3_IRQHandler
                0x00000258                CANActivity_IRQHandler
                0x00000258                TIMER3_IRQHandler
                0x00000258                UART0_IRQHandler
                0x00000258                USBActivity_IRQHandler
                0x00000258                I2C1_IRQHandler
                0x00000258                IntDefaultHandler
                0x00000258                PLL0_IRQHandler
                0x00000258                I2C0_IRQHandler
                0x00000258                PLL1_IRQHandler
                0x00000258                PWM1_IRQHandler
                0x00000258                I2S_IRQHandler
                0x00000258                I2C2_IRQHandler
                0x00000258                RTC_IRQHandler
                0x00000258                TIMER0_IRQHandler
                0x00000258                SPI_IRQHandler
                0x00000258                RIT_IRQHandler
                0x00000258                EINT1_IRQHandler
                0x00000258                TIMER1_IRQHandler
                0x00000258                UART2_IRQHandler
                0x00000258                ADC_IRQHandler
                0x00000258                SSP1_IRQHandler
                0x00000258                USB_IRQHandler
                0x00000258                BOD_IRQHandler
                0x00000258                SSP0_IRQHandler
                0x00000258                WDT_IRQHandler
                0x00000258                QEI_IRQHandler
                0x00000258                EINT0_IRQHandler
                0x00000258                TIMER2_IRQHandler
                0x00000258                DMA_IRQHandler
                0x00000258                CAN_IRQHandler
                0x00000258                UART3_IRQHandler
                0x00000258                MCPWM_IRQHandler
                0x00000258                ENET_IRQHandler
 *(.text*)
 .text.NVIC_DisableIRQ
                0x00000264       0x34 ./mbed-src/targets/hal/TARGET_NXP/TARGET_LPC176X/can_api.o
 .text.can_disable
                0x00000298       0x2c ./mbed-src/targets/hal/TARGET_NXP/TARGET_LPC176X/can_api.o
 .text.can_enable
                0x000002c4       0x30 ./mbed-src/targets/hal/TARGET_NXP/TARGET_LPC176X/can_api.o
 .text.can_irq_init
                0x000002f4       0x30 ./mbed-src/targets/hal/TARGET_NXP/TARGET_LPC176X/can_api.o
                0x000002f4                can_irq_init
 .text.can_irq_free
                0x00000324       0x48 ./mbed-src/targets/hal/TARGET_NXP/TARGET_LPC176X/can_api.o
                0x00000324                can_irq_free
 .text.can_pclk
                0x0000036c       0x70 ./mbed-src/targets/hal/TARGET_NXP/TARGET_LPC176X/can_api.o
 .text.can_speed
                0x000003dc       0xcc ./mbed-src/targets/hal/TARGET_NXP/TARGET_LPC176X/can_api.o
 .text.can_init
                0x000004a8      0x100 ./mbed-src/targets/hal/TARGET_NXP/TARGET_LPC176X/can_api.o
                0x000004a8                can_init
 .text.can_free
                0x000005a8       0x54 ./mbed-src/targets/hal/TARGET_NXP/TARGET_LPC176X/can_api.o
                0x000005a8                can_free
 .text.can_frequency
                0x000005fc       0x54 ./mbed-src/targets/hal/TARGET_NXP/TARGET_LPC176X/can_api.o
                0x000005fc                can_frequency
 .text.can_write
                0x00000650      0x194 ./mbed-src/targets/hal/TARGET_NXP/TARGET_LPC176X/can_api.o
                0x00000650                can_write
 .text.can_reset
                0x000007e4       0x20 ./mbed-src/targets/hal/TARGET_NXP/TARGET_LPC176X/can_api.o
                0x000007e4                can_reset
 .text.gpio_set
                0x00000804       0x24 ./mbed-src/targets/hal/TARGET_NXP/TARGET_LPC176X/gpio_api.o
                0x00000804                gpio_set
 .text.gpio_init
                0x00000828       0x88 ./mbed-src/targets/hal/TARGET_NXP/TARGET_LPC176X/gpio_api.o
                0x00000828                gpio_init
 .text.gpio_mode
                0x000008b0       0x24 ./mbed-src/targets/hal/TARGET_NXP/TARGET_LPC176X/gpio_api.o
                0x000008b0                gpio_mode
 .text.gpio_dir
                0x000008d4       0x4c ./mbed-src/targets/hal/TARGET_NXP/TARGET_LPC176X/gpio_api.o
                0x000008d4                gpio_dir
 .text.pin_function
                0x00000920       0x74 ./mbed-src/targets/hal/TARGET_NXP/TARGET_LPC176X/pinmap.o
                0x00000920                pin_function
 .text.pin_mode
                0x00000994       0xdc ./mbed-src/targets/hal/TARGET_NXP/TARGET_LPC176X/pinmap.o
                0x00000994                pin_mode
 .text.pwmout_init
                0x00000a70       0xd8 ./mbed-src/targets/hal/TARGET_NXP/TARGET_LPC176X/pwmout_api.o
                0x00000a70                pwmout_init
 .text.pwmout_write
                0x00000b48       0x90 ./mbed-src/targets/hal/TARGET_NXP/TARGET_LPC176X/pwmout_api.o
                0x00000b48                pwmout_write
 .text.pwmout_period_ms
                0x00000bd8       0x24 ./mbed-src/targets/hal/TARGET_NXP/TARGET_LPC176X/pwmout_api.o
                0x00000bd8                pwmout_period_ms
 .text.pwmout_period_us
                0x00000bfc       0x68 ./mbed-src/targets/hal/TARGET_NXP/TARGET_LPC176X/pwmout_api.o
                0x00000bfc                pwmout_period_us
 .text.serial_init
                0x00000c64      0x1a8 ./mbed-src/targets/hal/TARGET_NXP/TARGET_LPC176X/serial_api.o
                0x00000c64                serial_init
 .text.serial_baud
                0x00000e0c      0x2d8 ./mbed-src/targets/hal/TARGET_NXP/TARGET_LPC176X/serial_api.o
                0x00000e0c                serial_baud
 .text.serial_format
                0x000010e4      0x108 ./mbed-src/targets/hal/TARGET_NXP/TARGET_LPC176X/serial_api.o
                0x000010e4                serial_format
 .text.serial_irq_handler
                0x000011ec       0x30 ./mbed-src/targets/hal/TARGET_NXP/TARGET_LPC176X/serial_api.o
                0x000011ec                serial_irq_handler
 .text.serial_getc
                0x0000121c       0x28 ./mbed-src/targets/hal/TARGET_NXP/TARGET_LPC176X/serial_api.o
                0x0000121c                serial_getc
 .text.serial_putc
                0x00001244       0x38 ./mbed-src/targets/hal/TARGET_NXP/TARGET_LPC176X/serial_api.o
                0x00001244                serial_putc
 .text.serial_readable
                0x0000127c       0x20 ./mbed-src/targets/hal/TARGET_NXP/TARGET_LPC176X/serial_api.o
                0x0000127c                serial_readable
 .text.serial_writable
                0x0000129c       0x3c ./mbed-src/targets/hal/TARGET_NXP/TARGET_LPC176X/serial_api.o
                0x0000129c                serial_writable
 .text.NVIC_EnableIRQ
                0x000012d8       0x30 ./mbed-src/targets/hal/TARGET_NXP/TARGET_LPC176X/us_ticker.o
 .text.us_ticker_init
                0x00001308       0x84 ./mbed-src/targets/hal/TARGET_NXP/TARGET_LPC176X/us_ticker.o
                0x00001308                us_ticker_init
 .text.us_ticker_read
                0x0000138c       0x20 ./mbed-src/targets/hal/TARGET_NXP/TARGET_LPC176X/us_ticker.o
                0x0000138c                us_ticker_read
 .text.us_ticker_set_interrupt
                0x000013ac       0x28 ./mbed-src/targets/hal/TARGET_NXP/TARGET_LPC176X/us_ticker.o
                0x000013ac                us_ticker_set_interrupt
 .text.us_ticker_disable_interrupt
                0x000013d4       0x1c ./mbed-src/targets/hal/TARGET_NXP/TARGET_LPC176X/us_ticker.o
                0x000013d4                us_ticker_disable_interrupt
 .text.us_ticker_clear_interrupt
                0x000013f0       0x18 ./mbed-src/targets/hal/TARGET_NXP/TARGET_LPC176X/us_ticker.o
                0x000013f0                us_ticker_clear_interrupt
 .text.__aeabi_atexit
                0x00001408       0x18 ./mbed-src/targets/cmsis/TARGET_NXP/TARGET_LPC176X/TOOLCHAIN_GCC_CR/startup_LPC17xx.o
                0x00001408                __aeabi_atexit
 .text._Znwj    0x00001420       0x18 ./mbed-src/targets/cmsis/TARGET_NXP/TARGET_LPC176X/TOOLCHAIN_GCC_CR/startup_LPC17xx.o
                0x00001420                operator new(unsigned int)
 .text._ZdlPv   0x00001438       0x18 ./mbed-src/targets/cmsis/TARGET_NXP/TARGET_LPC176X/TOOLCHAIN_GCC_CR/startup_LPC17xx.o
                0x00001438                operator delete(void*)
 .text.NVIC_SetVector
                0x00001450       0x70 ./mbed-src/targets/cmsis/TARGET_NXP/TARGET_LPC176X/cmsis_nvic.o
                0x00001450                NVIC_SetVector
 .text.SystemInit
                0x000014c0       0xf4 ./mbed-src/targets/cmsis/TARGET_NXP/TARGET_LPC176X/system_LPC17xx.o
                0x000014c0                SystemInit
 .text.gpio_read
                0x000015b4       0x28 ./mbed-src/common/BusIn.o
 .text._ZN4mbed9DigitalInC2E7PinName
                0x000015dc       0x20 ./mbed-src/common/BusIn.o
                0x000015dc                mbed::DigitalIn::DigitalIn(PinName)
                0x000015dc                mbed::DigitalIn::DigitalIn(PinName)
 .text._ZN4mbed9DigitalIn4readEv
                0x000015fc       0x1c ./mbed-src/common/BusIn.o
                0x000015fc                mbed::DigitalIn::read()
 .text.gpio_write
                0x00001618       0x30 ./mbed-src/common/BusOut.o
 .text._ZN4mbed10DigitalOutC2E7PinName
                0x00001648       0x20 ./mbed-src/common/BusOut.o
                0x00001648                mbed::DigitalOut::DigitalOut(PinName)
                0x00001648                mbed::DigitalOut::DigitalOut(PinName)
 .text._ZN4mbed10DigitalOut5writeEi
                0x00001668       0x1c ./mbed-src/common/BusOut.o
                0x00001668                mbed::DigitalOut::write(int)
 .text._ZN4mbed3CANC2E7PinNameS1_
                0x00001684       0x5c ./mbed-src/common/CAN.o
                0x00001684                mbed::CAN::CAN(PinName, PinName)
                0x00001684                mbed::CAN::CAN(PinName, PinName)
 .text._ZN4mbed3CAND2Ev
                0x000016e0       0x3c ./mbed-src/common/CAN.o
                0x000016e0                mbed::CAN::~CAN()
                0x000016e0                mbed::CAN::~CAN()
 .text._ZN4mbed3CAND0Ev
                0x0000171c       0x20 ./mbed-src/common/CAN.o
                0x0000171c                mbed::CAN::~CAN()
 .text._ZN4mbed3CAN9frequencyEi
                0x0000173c       0x20 ./mbed-src/common/CAN.o
                0x0000173c                mbed::CAN::frequency(int)
 .text._ZN4mbed3CAN5writeENS_10CANMessageE
                0x0000175c       0x38 ./mbed-src/common/CAN.o
                0x0000175c                mbed::CAN::write(mbed::CANMessage)
 .text._ZN4mbed3CAN12_irq_handlerEm10CanIrqType
                0x00001794       0x30 ./mbed-src/common/CAN.o
                0x00001794                mbed::CAN::_irq_handler(unsigned long, CanIrqType)
 .text._ZN4mbed8FileBaseC2EPKcNS_8PathTypeE
                0x000017c4       0x50 ./mbed-src/common/FileBase.o
                0x000017c4                mbed::FileBase::FileBase(char const*, mbed::PathType)
                0x000017c4                mbed::FileBase::FileBase(char const*, mbed::PathType)
 .text._ZN4mbed8FileBaseD2Ev
                0x00001814       0x68 ./mbed-src/common/FileBase.o
                0x00001814                mbed::FileBase::~FileBase()
                0x00001814                mbed::FileBase::~FileBase()
 .text._ZN4mbed8FileBaseD0Ev
                0x0000187c       0x20 ./mbed-src/common/FileBase.o
                0x0000187c                mbed::FileBase::~FileBase()
 .text._ZN4mbed8FileBase6lookupEPKcj
                0x0000189c       0x68 ./mbed-src/common/FileBase.o
                0x0000189c                mbed::FileBase::lookup(char const*, unsigned int)
 .text._ZN4mbed8FileBase11getPathTypeEv
                0x00001904       0x18 ./mbed-src/common/FileBase.o
                0x00001904                mbed::FileBase::getPathType()
 .text._ZN4mbed10FileHandle4flenEv
                0x0000191c       0x54 ./mbed-src/common/FileLike.o
                0x0000191c                mbed::FileHandle::flen()
 .text._ZN4mbed10FileHandleC2Ev
                0x00001970       0x20 ./mbed-src/common/FileLike.o
                0x00001970                mbed::FileHandle::FileHandle()
                0x00001970                mbed::FileHandle::FileHandle()
 .text._ZN4mbed8FileLikeC2EPKc
                0x00001990       0x40 ./mbed-src/common/FileLike.o
                0x00001990                mbed::FileLike::FileLike(char const*)
                0x00001990                mbed::FileLike::FileLike(char const*)
 .text._ZN4mbed8FileLikeD2Ev
                0x000019d0       0x44 ./mbed-src/common/FileLike.o
                0x000019d0                mbed::FileLike::~FileLike()
                0x000019d0                mbed::FileLike::~FileLike()
 .text._ZN4mbed8FilePathC2EPKc
                0x00001a14       0x88 ./mbed-src/common/FilePath.o
                0x00001a14                mbed::FilePath::FilePath(char const*)
                0x00001a14                mbed::FilePath::FilePath(char const*)
 .text._ZN4mbed8FilePath8fileNameEv
                0x00001a9c       0x18 ./mbed-src/common/FilePath.o
                0x00001a9c                mbed::FilePath::fileName()
 .text._ZN4mbed8FilePath12isFileSystemEv
                0x00001ab4       0x34 ./mbed-src/common/FilePath.o
                0x00001ab4                mbed::FilePath::isFileSystem()
 .text._ZN4mbed8FilePath10fileSystemEv
                0x00001ae8       0x24 ./mbed-src/common/FilePath.o
                0x00001ae8                mbed::FilePath::fileSystem()
 .text._ZN4mbed8FilePath6isFileEv
                0x00001b0c       0x34 ./mbed-src/common/FilePath.o
                0x00001b0c                mbed::FilePath::isFile()
 .text._ZN4mbed8FilePath4fileEv
                0x00001b40       0x34 ./mbed-src/common/FilePath.o
                0x00001b40                mbed::FilePath::file()
 .text._ZN4mbed8FilePath6existsEv
                0x00001b74       0x20 ./mbed-src/common/FilePath.o
                0x00001b74                mbed::FilePath::exists()
 .text._ZN4mbed15FunctionPointerC2EPFvvE
                0x00001b94       0x1c ./mbed-src/common/FunctionPointer.o
                0x00001b94                mbed::FunctionPointer::FunctionPointer(void (*)())
                0x00001b94                mbed::FunctionPointer::FunctionPointer(void (*)())
 .text._ZN4mbed15FunctionPointer6attachEPFvvE
                0x00001bb0       0x20 ./mbed-src/common/FunctionPointer.o
                0x00001bb0                mbed::FunctionPointer::attach(void (*)())
 .text._ZN4mbed15FunctionPointer4callEv
                0x00001bd0       0x38 ./mbed-src/common/FunctionPointer.o
                0x00001bd0                mbed::FunctionPointer::call()
 .text._ZN4mbed6SerialC2E7PinNameS1_PKc
                0x00001c08       0x44 ./mbed-src/common/Serial.o
                0x00001c08                mbed::Serial::Serial(PinName, PinName, char const*)
                0x00001c08                mbed::Serial::Serial(PinName, PinName, char const*)
 .text._ZN4mbed6Serial5_getcEv
                0x00001c4c       0x1c ./mbed-src/common/Serial.o
                0x00001c4c                mbed::Serial::_getc()
 .text._ZN4mbed6Serial5_putcEi
                0x00001c68       0x20 ./mbed-src/common/Serial.o
                0x00001c68                mbed::Serial::_putc(int)
 .text._ZN4mbed6SerialD2Ev
                0x00001c88       0x44 ./mbed-src/common/Serial.o
                0x00001c88                mbed::Serial::~Serial()
                0x00001c88                mbed::Serial::~Serial()
                0x00001cc4                non-virtual thunk to mbed::Serial::~Serial()
 .text._ZN4mbed6SerialD0Ev
                0x00001ccc       0x28 ./mbed-src/common/Serial.o
                0x00001ccc                mbed::Serial::~Serial()
                0x00001cec                non-virtual thunk to mbed::Serial::~Serial()
 .text._ZN4mbed10SerialBaseC2E7PinNameS1_
                0x00001cf4       0x58 ./mbed-src/common/SerialBase.o
                0x00001cf4                mbed::SerialBase::SerialBase(PinName, PinName)
                0x00001cf4                mbed::SerialBase::SerialBase(PinName, PinName)
 .text._ZN4mbed10SerialBase4baudEi
                0x00001d4c       0x24 ./mbed-src/common/SerialBase.o
                0x00001d4c                mbed::SerialBase::baud(int)
 .text._ZN4mbed10SerialBase12_irq_handlerEm9SerialIrq
                0x00001d70       0x30 ./mbed-src/common/SerialBase.o
                0x00001d70                mbed::SerialBase::_irq_handler(unsigned long, SerialIrq)
 .text._ZN4mbed10SerialBase10_base_getcEv
                0x00001da0       0x1c ./mbed-src/common/SerialBase.o
                0x00001da0                mbed::SerialBase::_base_getc()
 .text._ZN4mbed10SerialBase10_base_putcEi
                0x00001dbc       0x20 ./mbed-src/common/SerialBase.o
                0x00001dbc                mbed::SerialBase::_base_putc(int)
 .text._ZN4mbed6StreamC2EPKc
                0x00001ddc       0x68 ./mbed-src/common/Stream.o
                0x00001ddc                mbed::Stream::Stream(char const*)
                0x00001ddc                mbed::Stream::Stream(char const*)
 .text._ZN4mbed6StreamD2Ev
                0x00001e44       0x44 ./mbed-src/common/Stream.o
                0x00001e44                mbed::Stream::~Stream()
                0x00001e44                mbed::Stream::~Stream()
 .text._ZN4mbed6Stream5closeEv
                0x00001e88       0x14 ./mbed-src/common/Stream.o
                0x00001e88                mbed::Stream::close()
 .text._ZN4mbed6Stream5writeEPKvj
                0x00001e9c       0x5c ./mbed-src/common/Stream.o
                0x00001e9c                mbed::Stream::write(void const*, unsigned int)
 .text._ZN4mbed6Stream4readEPvj
                0x00001ef8       0x54 ./mbed-src/common/Stream.o
                0x00001ef8                mbed::Stream::read(void*, unsigned int)
 .text._ZN4mbed6Stream5lseekEli
                0x00001f4c       0x18 ./mbed-src/common/Stream.o
                0x00001f4c                mbed::Stream::lseek(long, int)
 .text._ZN4mbed6Stream6isattyEv
                0x00001f64       0x14 ./mbed-src/common/Stream.o
                0x00001f64                mbed::Stream::isatty()
 .text._ZN4mbed6Stream5fsyncEv
                0x00001f78       0x14 ./mbed-src/common/Stream.o
                0x00001f78                mbed::Stream::fsync()
 .text._ZN4mbed6Stream4flenEv
                0x00001f8c       0x14 ./mbed-src/common/Stream.o
                0x00001f8c                mbed::Stream::flen()
 .text._ZN4mbed6Stream6printfEPKcz
                0x00001fa0       0x3c ./mbed-src/common/Stream.o
                0x00001fa0                mbed::Stream::printf(char const*, ...)
 .text._ZN4mbed5TimerC2Ev
                0x00001fdc       0x18 ./mbed-src/common/Timer.o
                0x00001fdc                mbed::Timer::Timer()
                0x00001fdc                mbed::Timer::Timer()
 .text._ZN4mbed5Timer5startEv
                0x00001ff4       0x20 ./mbed-src/common/Timer.o
                0x00001ff4                mbed::Timer::start()
 .text._ZN4mbed5Timer4stopEv
                0x00002014       0x28 ./mbed-src/common/Timer.o
                0x00002014                mbed::Timer::stop()
 .text._ZN4mbed5Timer7read_usEv
                0x0000203c       0x20 ./mbed-src/common/Timer.o
                0x0000203c                mbed::Timer::read_us()
 .text._ZN4mbed5Timer9slicetimeEv
                0x0000205c       0x28 ./mbed-src/common/Timer.o
                0x0000205c                mbed::Timer::slicetime()
 .text._ZN4mbed5Timer5resetEv
                0x00002084       0x20 ./mbed-src/common/Timer.o
                0x00002084                mbed::Timer::reset()
 .text.gpio_write
                0x000020a4       0x30 ./mbed-src/common/board.o
 .text.mbed_die
                0x000020d4       0xb8 ./mbed-src/common/board.o
                0x000020d4                mbed_die
 .text.exit     0x0000218c       0x24 ./mbed-src/common/exit.o
                0x0000218c                exit
 .text.mbed_interface_connected
                0x000021b0       0x10 ./mbed-src/common/mbed_interface.o
                0x000021b0                mbed_interface_connected
 .text.pinmap_pinout
                0x000021c0       0x68 ./mbed-src/common/pinmap_common.o
                0x000021c0                pinmap_pinout
 .text.pinmap_merge
                0x00002228       0x54 ./mbed-src/common/pinmap_common.o
                0x00002228                pinmap_merge
 .text.pinmap_peripheral
                0x0000227c       0x5c ./mbed-src/common/pinmap_common.o
                0x0000227c                pinmap_peripheral
 .text._ZN4mbed10FileHandleD2Ev
                0x000022d8       0x58 ./mbed-src/common/retarget.o
                0x000022d8                mbed::FileHandle::~FileHandle()
                0x000022d8                mbed::FileHandle::~FileHandle()
 .text._ZL11init_serialv
                0x00002330       0x2c ./mbed-src/common/retarget.o
 .text._ZL17openmode_to_posixi
                0x0000235c       0x18 ./mbed-src/common/retarget.o
 .text._open    0x00002374      0x170 ./mbed-src/common/retarget.o
                0x00002374                _open
 .text._close   0x000024e4       0x50 ./mbed-src/common/retarget.o
                0x000024e4                _close
 .text._write   0x00002534       0x88 ./mbed-src/common/retarget.o
                0x00002534                _write
 .text._read    0x000025bc       0x64 ./mbed-src/common/retarget.o
                0x000025bc                _read
 .text._isatty  0x00002620       0x44 ./mbed-src/common/retarget.o
                0x00002620                _isatty
 .text._lseek   0x00002664       0x4c ./mbed-src/common/retarget.o
                0x00002664                _lseek
 .text._fstat   0x000026b0       0x40 ./mbed-src/common/retarget.o
                0x000026b0                _fstat
 .text.__cxa_pure_virtual
                0x000026f0        0xc ./mbed-src/common/retarget.o
                0x000026f0                __cxa_pure_virtual
 .text.__semihost
                0x000026fc       0x24 ./mbed-src/common/semihost_api.o
 .text.semihost_exit
                0x00002720       0x1c ./mbed-src/common/semihost_api.o
                0x00002720                semihost_exit
 .text.semihost_connected
                0x0000273c       0x24 ./mbed-src/common/semihost_api.o
                0x0000273c                semihost_connected
 .text.us_ticker_irq_handler
                0x00002760       0x6c ./mbed-src/common/us_ticker_api.o
                0x00002760                us_ticker_irq_handler
 .text.wait_ms  0x000027cc       0x20 ./mbed-src/common/wait_api.o
                0x000027cc                wait_ms
 .text.wait_us  0x000027ec       0x28 ./mbed-src/common/wait_api.o
                0x000027ec                wait_us
 .text._Z14CANID_generateN5CANID4FromENS_2ToENS_8DataTypeE
                0x00002814       0x34 ./Walk/CANs/CANProtocol.o
                0x00002814                CANID_generate(CANID::From, CANID::To, CANID::DataType)
 .text._ZN11CANProtocolC2Ev
                0x00002848       0x14 ./Walk/CANs/CANReceiver.o
                0x00002848                CANProtocol::CANProtocol()
                0x00002848                CANProtocol::CANProtocol()
 .text._ZN11CAN_MessageC2Ev
                0x0000285c       0x14 ./Walk/CANs/CANSender.o
                0x0000285c                CAN_Message::CAN_Message()
                0x0000285c                CAN_Message::CAN_Message()
 .text._ZN4mbed10CANMessageC2EiPKcc7CANType9CANFormat
                0x00002870       0x4c ./Walk/CANs/CANSender.o
                0x00002870                mbed::CANMessage::CANMessage(int, char const*, char, CANType, CANFormat)
                0x00002870                mbed::CANMessage::CANMessage(int, char const*, char, CANType, CANFormat)
 .text._ZN9CANSenderC2EPN4mbed3CANE
                0x000028bc       0x24 ./Walk/CANs/CANSender.o
                0x000028bc                CANSender::CANSender(mbed::CAN*)
                0x000028bc                CANSender::CANSender(mbed::CAN*)
 .text._ZN9CANSender4sendEif
                0x000028e0       0xf0 ./Walk/CANs/CANSender.o
                0x000028e0                CANSender::send(int, float)
 .text._ZN9CANSender19store_value_in_dataEfii
                0x000029d0      0x170 ./Walk/CANs/CANSender.o
                0x000029d0                CANSender::store_value_in_data(float, int, int)
 .text._ZN9CANSender16copy_data_in_msgEPN4mbed10CANMessageEi
                0x00002b40       0x44 ./Walk/CANs/CANSender.o
                0x00002b40                CANSender::copy_data_in_msg(mbed::CANMessage*, int)
 .text._ZN6MRModeC2ENS_4AreaEP9CANSender
                0x00002b84       0x2c ./Walk/MRMode.o
                0x00002b84                MRMode::MRMode(MRMode::Area, CANSender*)
                0x00002b84                MRMode::MRMode(MRMode::Area, CANSender*)
 .text._ZN6MRMode11set_initialEv
                0x00002bb0       0x1c ./Walk/MRMode.o
                0x00002bb0                MRMode::set_initial()
 .text._ZN6MRMode3setENS_4AreaE
                0x00002bcc       0x1c ./Walk/MRMode.o
                0x00002bcc                MRMode::set(MRMode::Area)
 .text._ZN6MRMode7get_nowEv
                0x00002be8       0x18 ./Walk/MRMode.o
                0x00002be8                MRMode::get_now()
 .text._ZN4mbed9DigitalIn4modeE7PinMode
                0x00002c00       0x20 ./PhotoelectricSensor.o
                0x00002c00                mbed::DigitalIn::mode(PinMode)
 .text._ZN19PhotoelectricSensorC2E7PinName
                0x00002c20       0x50 ./PhotoelectricSensor.o
                0x00002c20                PhotoelectricSensor::PhotoelectricSensor(PinName)
                0x00002c20                PhotoelectricSensor::PhotoelectricSensor(PinName)
 .text._ZN4mbed10DigitalOutaSEi
                0x00002c70       0x1c ./Pins.o
                0x00002c70                mbed::DigitalOut::operator=(int)
 .text._ZN4mbed6PwmOutC2E7PinName
                0x00002c8c       0x20 ./Pins.o
                0x00002c8c                mbed::PwmOut::PwmOut(PinName)
                0x00002c8c                mbed::PwmOut::PwmOut(PinName)
 .text._Z11AdjustCyclei
                0x00002cac       0x80 ./Pins.o
                0x00002cac                AdjustCycle(int)
 .text._Z9psCommandv
                0x00002d2c       0x78 ./Pins.o
                0x00002d2c                psCommand()
 .text._Z9lim_stickPiS_
                0x00002da4       0xd0 ./Pins.o
                0x00002da4                lim_stick(int*, int*)
 .text._Z41__static_initialization_and_destruction_0ii
                0x00002e74      0x110 ./Pins.o
 .text._GLOBAL__sub_I_pc
                0x00002f84       0x10 ./Pins.o
 .text._Z5sqrt2ff
                0x00002f94       0x54 ./functions.o
                0x00002f94                sqrt2(float, float)
 .text._Z10stick_zeroPii
                0x00002fe8       0x4c ./functions.o
                0x00002fe8                stick_zero(int*, int)
 .text.main     0x00003034      0x174 ./main.o
                0x00003034                main
 .text._Z12mode_commandv
                0x000031a8      0x18c ./main.o
                0x000031a8                mode_command()
 .text._Z12walk_commandPfS_f
                0x00003334      0x194 ./main.o
                0x00003334                walk_command(float*, float*, float)
 .text._Z41__static_initialization_and_destruction_0ii
                0x000034c8       0x40 ./main.o
 .text._GLOBAL__sub_I_can_sender
                0x00003508       0x10 ./main.o
 .text._ZN4mbed9DigitalIncviEv
                0x00003518       0x18 ./pspad.o
                0x00003518                mbed::DigitalIn::operator int()
 .text._ZN5PspadC2E7PinNameS0_S0_S0_
                0x00003530       0x8c ./pspad.o
                0x00003530                Pspad::Pspad(PinName, PinName, PinName, PinName)
                0x00003530                Pspad::Pspad(PinName, PinName, PinName, PinName)
 .text._ZN5Pspad6PsCommEh
                0x000035bc      0x130 ./pspad.o
                0x000035bc                Pspad::PsComm(unsigned char)
 .text._ZN5Pspad6PsReadEv
                0x000036ec      0x188 ./pspad.o
                0x000036ec                Pspad::PsRead()
 .text          0x00003874      0x370 c:/nxp/lpcxpresso_8.2.2_650/lpcxpresso/tools/bin/../lib/gcc/arm-none-eabi/5.4.1/armv7-m\libgcc.a(_arm_addsubdf3.o)
                0x00003874                __aeabi_drsub
                0x0000387c                __aeabi_dsub
                0x0000387c                __subdf3
                0x00003880                __aeabi_dadd
                0x00003880                __adddf3
                0x00003af8                __floatunsidf
                0x00003af8                __aeabi_ui2d
                0x00003b18                __floatsidf
                0x00003b18                __aeabi_i2d
                0x00003b3c                __aeabi_f2d
                0x00003b3c                __extendsfdf2
                0x00003b78                __floatundidf
                0x00003b78                __aeabi_ul2d
                0x00003b88                __floatdidf
                0x00003b88                __aeabi_l2d
 .text          0x00003be4      0x424 c:/nxp/lpcxpresso_8.2.2_650/lpcxpresso/tools/bin/../lib/gcc/arm-none-eabi/5.4.1/armv7-m\libgcc.a(_arm_muldivdf3.o)
                0x00003be4                __aeabi_dmul
                0x00003be4                __muldf3
                0x00003e38                __divdf3
                0x00003e38                __aeabi_ddiv
 .text          0x00004008      0x110 c:/nxp/lpcxpresso_8.2.2_650/lpcxpresso/tools/bin/../lib/gcc/arm-none-eabi/5.4.1/armv7-m\libgcc.a(_arm_cmpdf2.o)
                0x00004008                __gtdf2
                0x00004008                __gedf2
                0x00004010                __ltdf2
                0x00004010                __ledf2
                0x00004018                __nedf2
                0x00004018                __eqdf2
                0x00004018                __cmpdf2
                0x00004094                __aeabi_cdrcmple
                0x000040a4                __aeabi_cdcmpeq
                0x000040a4                __aeabi_cdcmple
                0x000040b4                __aeabi_dcmpeq
                0x000040c8                __aeabi_dcmplt
                0x000040dc                __aeabi_dcmple
                0x000040f0                __aeabi_dcmpge
                0x00004104                __aeabi_dcmpgt
 .text          0x00004118       0x50 c:/nxp/lpcxpresso_8.2.2_650/lpcxpresso/tools/bin/../lib/gcc/arm-none-eabi/5.4.1/armv7-m\libgcc.a(_arm_fixdfsi.o)
                0x00004118                __aeabi_d2iz
                0x00004118                __fixdfsi
 .text          0x00004168       0xa0 c:/nxp/lpcxpresso_8.2.2_650/lpcxpresso/tools/bin/../lib/gcc/arm-none-eabi/5.4.1/armv7-m\libgcc.a(_arm_truncdfsf2.o)
                0x00004168                __truncdfsf2
                0x00004168                __aeabi_d2f
 .text          0x00004208      0x21c c:/nxp/lpcxpresso_8.2.2_650/lpcxpresso/tools/bin/../lib/gcc/arm-none-eabi/5.4.1/armv7-m\libgcc.a(_arm_addsubsf3.o)
                0x00004208                __aeabi_frsub
                0x00004210                __subsf3
                0x00004210                __aeabi_fsub
                0x00004214                __aeabi_fadd
                0x00004214                __addsf3
                0x00004374                __aeabi_ui2f
                0x00004374                __floatunsisf
                0x0000437c                __aeabi_i2f
                0x0000437c                __floatsisf
                0x00004398                __aeabi_ul2f
                0x00004398                __floatundisf
                0x000043a8                __aeabi_l2f
                0x000043a8                __floatdisf
 .text          0x00004424      0x2a0 c:/nxp/lpcxpresso_8.2.2_650/lpcxpresso/tools/bin/../lib/gcc/arm-none-eabi/5.4.1/armv7-m\libgcc.a(_arm_muldivsf3.o)
                0x00004424                __mulsf3
                0x00004424                __aeabi_fmul
                0x0000458c                __aeabi_fdiv
                0x0000458c                __divsf3
 .text          0x000046c4       0xec c:/nxp/lpcxpresso_8.2.2_650/lpcxpresso/tools/bin/../lib/gcc/arm-none-eabi/5.4.1/armv7-m\libgcc.a(_arm_cmpsf2.o)
                0x000046c4                __gesf2
                0x000046c4                __gtsf2
                0x000046cc                __lesf2
                0x000046cc                __ltsf2
                0x000046d4                __nesf2
                0x000046d4                __eqsf2
                0x000046d4                __cmpsf2
                0x00004734                __aeabi_cfrcmple
                0x0000473c                __aeabi_cfcmpeq
                0x0000473c                __aeabi_cfcmple
                0x0000474c                __aeabi_fcmpeq
                0x00004760                __aeabi_fcmplt
                0x00004774                __aeabi_fcmple
                0x00004788                __aeabi_fcmpge
                0x0000479c                __aeabi_fcmpgt
 .text          0x000047b0       0x40 c:/nxp/lpcxpresso_8.2.2_650/lpcxpresso/tools/bin/../lib/gcc/arm-none-eabi/5.4.1/armv7-m\libgcc.a(_arm_fixunssfsi.o)
                0x000047b0                __fixunssfsi
                0x000047b0                __aeabi_f2uiz
 .text          0x000047f0       0x30 c:/nxp/lpcxpresso_8.2.2_650/lpcxpresso/tools/bin/../lib/gcc/arm-none-eabi/5.4.1/armv7-m\libgcc.a(_aeabi_uldivmod.o)
                0x000047f0                __aeabi_uldivmod
 .text          0x00004820      0x2ec c:/nxp/lpcxpresso_8.2.2_650/lpcxpresso/tools/bin/../lib/gcc/arm-none-eabi/5.4.1/armv7-m\libgcc.a(_udivmoddi4.o)
                0x00004820                __udivmoddi4
 .text          0x00004b0c        0x4 c:/nxp/lpcxpresso_8.2.2_650/lpcxpresso/tools/bin/../lib/gcc/arm-none-eabi/5.4.1/armv7-m\libgcc.a(_dvmd_tls.o)
                0x00004b0c                __aeabi_idiv0
                0x00004b0c                __aeabi_ldiv0
 .text.__errno  0x00004b10        0xc c:/nxp/lpcxpresso_8.2.2_650/lpcxpresso/tools/bin/../lib/gcc/arm-none-eabi/5.4.1/../../../../arm-none-eabi/lib/armv7-m\libc.a(lib_a-errno.o)
                0x00004b10                __errno
 .text._fclose_r
                0x00004b1c       0x84 c:/nxp/lpcxpresso_8.2.2_650/lpcxpresso/tools/bin/../lib/gcc/arm-none-eabi/5.4.1/../../../../arm-none-eabi/lib/armv7-m\libc.a(lib_a-fclose.o)
                0x00004b1c                _fclose_r
 .text.fclose   0x00004ba0       0x10 c:/nxp/lpcxpresso_8.2.2_650/lpcxpresso/tools/bin/../lib/gcc/arm-none-eabi/5.4.1/../../../../arm-none-eabi/lib/armv7-m\libc.a(lib_a-fclose.o)
                0x00004ba0                fclose
 .text.__sflush_r
                0x00004bb0      0x148 c:/nxp/lpcxpresso_8.2.2_650/lpcxpresso/tools/bin/../lib/gcc/arm-none-eabi/5.4.1/../../../../arm-none-eabi/lib/armv7-m\libc.a(lib_a-fflush.o)
                0x00004bb0                __sflush_r
 .text._fflush_r
                0x00004cf8       0x2c c:/nxp/lpcxpresso_8.2.2_650/lpcxpresso/tools/bin/../lib/gcc/arm-none-eabi/5.4.1/../../../../arm-none-eabi/lib/armv7-m\libc.a(lib_a-fflush.o)
                0x00004cf8                _fflush_r
 .text.fflush   0x00004d24       0x24 c:/nxp/lpcxpresso_8.2.2_650/lpcxpresso/tools/bin/../lib/gcc/arm-none-eabi/5.4.1/../../../../arm-none-eabi/lib/armv7-m\libc.a(lib_a-fflush.o)
                0x00004d24                fflush
 .text._cleanup_r
                0x00004d48        0xc c:/nxp/lpcxpresso_8.2.2_650/lpcxpresso/tools/bin/../lib/gcc/arm-none-eabi/5.4.1/../../../../arm-none-eabi/lib/armv7-m\libc.a(lib_a-findfp.o)
                0x00004d48                _cleanup_r
 .text.__sinit.part.1
                0x00004d54       0xf0 c:/nxp/lpcxpresso_8.2.2_650/lpcxpresso/tools/bin/../lib/gcc/arm-none-eabi/5.4.1/../../../../arm-none-eabi/lib/armv7-m\libc.a(lib_a-findfp.o)
 .text.__sfmoreglue
                0x00004e44       0x30 c:/nxp/lpcxpresso_8.2.2_650/lpcxpresso/tools/bin/../lib/gcc/arm-none-eabi/5.4.1/../../../../arm-none-eabi/lib/armv7-m\libc.a(lib_a-findfp.o)
                0x00004e44                __sfmoreglue
 .text.__sfp    0x00004e74       0x88 c:/nxp/lpcxpresso_8.2.2_650/lpcxpresso/tools/bin/../lib/gcc/arm-none-eabi/5.4.1/../../../../arm-none-eabi/lib/armv7-m\libc.a(lib_a-findfp.o)
                0x00004e74                __sfp
 .text.__sinit  0x00004efc        0xc c:/nxp/lpcxpresso_8.2.2_650/lpcxpresso/tools/bin/../lib/gcc/arm-none-eabi/5.4.1/../../../../arm-none-eabi/lib/armv7-m\libc.a(lib_a-findfp.o)
                0x00004efc                __sinit
 .text.__sfp_lock_acquire
                0x00004f08        0x4 c:/nxp/lpcxpresso_8.2.2_650/lpcxpresso/tools/bin/../lib/gcc/arm-none-eabi/5.4.1/../../../../arm-none-eabi/lib/armv7-m\libc.a(lib_a-findfp.o)
                0x00004f08                __sfp_lock_acquire
 .text.__sfp_lock_release
                0x00004f0c        0x4 c:/nxp/lpcxpresso_8.2.2_650/lpcxpresso/tools/bin/../lib/gcc/arm-none-eabi/5.4.1/../../../../arm-none-eabi/lib/armv7-m\libc.a(lib_a-findfp.o)
                0x00004f0c                __sfp_lock_release
 .text._fopen_r
                0x00004f10       0x8c c:/nxp/lpcxpresso_8.2.2_650/lpcxpresso/tools/bin/../lib/gcc/arm-none-eabi/5.4.1/../../../../arm-none-eabi/lib/armv7-m\libc.a(lib_a-fopen.o)
                0x00004f10                _fopen_r
 .text.fopen    0x00004f9c       0x10 c:/nxp/lpcxpresso_8.2.2_650/lpcxpresso/tools/bin/../lib/gcc/arm-none-eabi/5.4.1/../../../../arm-none-eabi/lib/armv7-m\libc.a(lib_a-fopen.o)
                0x00004f9c                fopen
 .text.fprintf  0x00004fac       0x28 c:/nxp/lpcxpresso_8.2.2_650/lpcxpresso/tools/bin/../lib/gcc/arm-none-eabi/5.4.1/../../../../arm-none-eabi/lib/armv7-m\libc.a(lib_a-fprintf.o)
                0x00004fac                fprintf
 .text._malloc_trim_r
                0x00004fd4       0x9c c:/nxp/lpcxpresso_8.2.2_650/lpcxpresso/tools/bin/../lib/gcc/arm-none-eabi/5.4.1/../../../../arm-none-eabi/lib/armv7-m\libc.a(lib_a-freer.o)
                0x00004fd4                _malloc_trim_r
 .text._free_r  0x00005070      0x1d0 c:/nxp/lpcxpresso_8.2.2_650/lpcxpresso/tools/bin/../lib/gcc/arm-none-eabi/5.4.1/../../../../arm-none-eabi/lib/armv7-m\libc.a(lib_a-freer.o)
                0x00005070                _free_r
 .text._fseek_r
                0x00005240        0x4 c:/nxp/lpcxpresso_8.2.2_650/lpcxpresso/tools/bin/../lib/gcc/arm-none-eabi/5.4.1/../../../../arm-none-eabi/lib/armv7-m\libc.a(lib_a-fseek.o)
                0x00005240                _fseek_r
 .text._fseeko_r
                0x00005244      0x2c4 c:/nxp/lpcxpresso_8.2.2_650/lpcxpresso/tools/bin/../lib/gcc/arm-none-eabi/5.4.1/../../../../arm-none-eabi/lib/armv7-m\libc.a(lib_a-fseeko.o)
                0x00005244                _fseeko_r
 .text._fstat_r
                0x00005508       0x28 c:/nxp/lpcxpresso_8.2.2_650/lpcxpresso/tools/bin/../lib/gcc/arm-none-eabi/5.4.1/../../../../arm-none-eabi/lib/armv7-m\libc.a(lib_a-fstatr.o)
                0x00005508                _fstat_r
 .text.__sfvwrite_r
                0x00005530      0x308 c:/nxp/lpcxpresso_8.2.2_650/lpcxpresso/tools/bin/../lib/gcc/arm-none-eabi/5.4.1/../../../../arm-none-eabi/lib/armv7-m\libc.a(lib_a-fvwrite.o)
                0x00005530                __sfvwrite_r
 .text._fwalk   0x00005838       0x48 c:/nxp/lpcxpresso_8.2.2_650/lpcxpresso/tools/bin/../lib/gcc/arm-none-eabi/5.4.1/../../../../arm-none-eabi/lib/armv7-m\libc.a(lib_a-fwalk.o)
                0x00005838                _fwalk
 .text._fwalk_reent
                0x00005880       0x50 c:/nxp/lpcxpresso_8.2.2_650/lpcxpresso/tools/bin/../lib/gcc/arm-none-eabi/5.4.1/../../../../arm-none-eabi/lib/armv7-m\libc.a(lib_a-fwalk.o)
                0x00005880                _fwalk_reent
 .text.__libc_init_array
                0x000058d0       0x50 c:/nxp/lpcxpresso_8.2.2_650/lpcxpresso/tools/bin/../lib/gcc/arm-none-eabi/5.4.1/../../../../arm-none-eabi/lib/armv7-m\libc.a(lib_a-init.o)
                0x000058d0                __libc_init_array
 .text.__swhatbuf_r
                0x00005920       0x60 c:/nxp/lpcxpresso_8.2.2_650/lpcxpresso/tools/bin/../lib/gcc/arm-none-eabi/5.4.1/../../../../arm-none-eabi/lib/armv7-m\libc.a(lib_a-makebuf.o)
                0x00005920                __swhatbuf_r
 .text.__smakebuf_r
                0x00005980       0x88 c:/nxp/lpcxpresso_8.2.2_650/lpcxpresso/tools/bin/../lib/gcc/arm-none-eabi/5.4.1/../../../../arm-none-eabi/lib/armv7-m\libc.a(lib_a-makebuf.o)
                0x00005980                __smakebuf_r
 .text.malloc   0x00005a08       0x10 c:/nxp/lpcxpresso_8.2.2_650/lpcxpresso/tools/bin/../lib/gcc/arm-none-eabi/5.4.1/../../../../arm-none-eabi/lib/armv7-m\libc.a(lib_a-malloc.o)
                0x00005a08                malloc
 .text.free     0x00005a18       0x10 c:/nxp/lpcxpresso_8.2.2_650/lpcxpresso/tools/bin/../lib/gcc/arm-none-eabi/5.4.1/../../../../arm-none-eabi/lib/armv7-m\libc.a(lib_a-malloc.o)
                0x00005a18                free
 .text._malloc_r
                0x00005a28      0x558 c:/nxp/lpcxpresso_8.2.2_650/lpcxpresso/tools/bin/../lib/gcc/arm-none-eabi/5.4.1/../../../../arm-none-eabi/lib/armv7-m\libc.a(lib_a-mallocr.o)
                0x00005a28                _malloc_r
 .text.memchr   0x00005f80       0x8c c:/nxp/lpcxpresso_8.2.2_650/lpcxpresso/tools/bin/../lib/gcc/arm-none-eabi/5.4.1/../../../../arm-none-eabi/lib/armv7-m\libc.a(lib_a-memchr-stub.o)
                0x00005f80                memchr
 .text          0x0000600c       0xec c:/nxp/lpcxpresso_8.2.2_650/lpcxpresso/tools/bin/../lib/gcc/arm-none-eabi/5.4.1/../../../../arm-none-eabi/lib/armv7-m\libc.a(lib_a-memcpy.o)
                0x0000600c                memcpy
 .text.memmove  0x000060f8       0xc8 c:/nxp/lpcxpresso_8.2.2_650/lpcxpresso/tools/bin/../lib/gcc/arm-none-eabi/5.4.1/../../../../arm-none-eabi/lib/armv7-m\libc.a(lib_a-memmove.o)
                0x000060f8                memmove
 .text.memset   0x000061c0       0x9c c:/nxp/lpcxpresso_8.2.2_650/lpcxpresso/tools/bin/../lib/gcc/arm-none-eabi/5.4.1/../../../../arm-none-eabi/lib/armv7-m\libc.a(lib_a-memset.o)
                0x000061c0                memset
 .text.__malloc_lock
                0x0000625c        0x4 c:/nxp/lpcxpresso_8.2.2_650/lpcxpresso/tools/bin/../lib/gcc/arm-none-eabi/5.4.1/../../../../arm-none-eabi/lib/armv7-m\libc.a(lib_a-mlock.o)
                0x0000625c                __malloc_lock
 .text.__malloc_unlock
                0x00006260        0x4 c:/nxp/lpcxpresso_8.2.2_650/lpcxpresso/tools/bin/../lib/gcc/arm-none-eabi/5.4.1/../../../../arm-none-eabi/lib/armv7-m\libc.a(lib_a-mlock.o)
                0x00006260                __malloc_unlock
 .text._open_r  0x00006264       0x2c c:/nxp/lpcxpresso_8.2.2_650/lpcxpresso/tools/bin/../lib/gcc/arm-none-eabi/5.4.1/../../../../arm-none-eabi/lib/armv7-m\libc.a(lib_a-openr.o)
                0x00006264                _open_r
 .text._realloc_r
                0x00006290      0x3d4 c:/nxp/lpcxpresso_8.2.2_650/lpcxpresso/tools/bin/../lib/gcc/arm-none-eabi/5.4.1/../../../../arm-none-eabi/lib/armv7-m\libc.a(lib_a-reallocr.o)
                0x00006290                _realloc_r
 .text.lflush   0x00006664       0x14 c:/nxp/lpcxpresso_8.2.2_650/lpcxpresso/tools/bin/../lib/gcc/arm-none-eabi/5.4.1/../../../../arm-none-eabi/lib/armv7-m\libc.a(lib_a-refill.o)
 .text.__srefill_r
                0x00006678      0x114 c:/nxp/lpcxpresso_8.2.2_650/lpcxpresso/tools/bin/../lib/gcc/arm-none-eabi/5.4.1/../../../../arm-none-eabi/lib/armv7-m\libc.a(lib_a-refill.o)
                0x00006678                __srefill_r
 .text._sbrk_r  0x0000678c       0x24 c:/nxp/lpcxpresso_8.2.2_650/lpcxpresso/tools/bin/../lib/gcc/arm-none-eabi/5.4.1/../../../../arm-none-eabi/lib/armv7-m\libc.a(lib_a-sbrkr.o)
                0x0000678c                _sbrk_r
 .text.setbuf   0x000067b0       0x10 c:/nxp/lpcxpresso_8.2.2_650/lpcxpresso/tools/bin/../lib/gcc/arm-none-eabi/5.4.1/../../../../arm-none-eabi/lib/armv7-m\libc.a(lib_a-setbuf.o)
                0x000067b0                setbuf
 .text.setvbuf  0x000067c0      0x150 c:/nxp/lpcxpresso_8.2.2_650/lpcxpresso/tools/bin/../lib/gcc/arm-none-eabi/5.4.1/../../../../arm-none-eabi/lib/armv7-m\libc.a(lib_a-setvbuf.o)
                0x000067c0                setvbuf
 .text.sprintf  0x00006910       0x4c c:/nxp/lpcxpresso_8.2.2_650/lpcxpresso/tools/bin/../lib/gcc/arm-none-eabi/5.4.1/../../../../arm-none-eabi/lib/armv7-m\libc.a(lib_a-sprintf.o)
                0x00006910                sprintf
 .text.sscanf   0x0000695c       0x58 c:/nxp/lpcxpresso_8.2.2_650/lpcxpresso/tools/bin/../lib/gcc/arm-none-eabi/5.4.1/../../../../arm-none-eabi/lib/armv7-m\libc.a(lib_a-sscanf.o)
                0x0000695c                sscanf
 .text.__sread  0x000069b4       0x24 c:/nxp/lpcxpresso_8.2.2_650/lpcxpresso/tools/bin/../lib/gcc/arm-none-eabi/5.4.1/../../../../arm-none-eabi/lib/armv7-m\libc.a(lib_a-stdio.o)
                0x000069b4                __sread
 .text.__seofread
                0x000069d8        0x4 c:/nxp/lpcxpresso_8.2.2_650/lpcxpresso/tools/bin/../lib/gcc/arm-none-eabi/5.4.1/../../../../arm-none-eabi/lib/armv7-m\libc.a(lib_a-stdio.o)
                0x000069d8                __seofread
 .text.__swrite
                0x000069dc       0x3c c:/nxp/lpcxpresso_8.2.2_650/lpcxpresso/tools/bin/../lib/gcc/arm-none-eabi/5.4.1/../../../../arm-none-eabi/lib/armv7-m\libc.a(lib_a-stdio.o)
                0x000069dc                __swrite
 .text.__sseek  0x00006a18       0x20 c:/nxp/lpcxpresso_8.2.2_650/lpcxpresso/tools/bin/../lib/gcc/arm-none-eabi/5.4.1/../../../../arm-none-eabi/lib/armv7-m\libc.a(lib_a-stdio.o)
                0x00006a18                __sseek
 .text.__sclose
                0x00006a38        0x8 c:/nxp/lpcxpresso_8.2.2_650/lpcxpresso/tools/bin/../lib/gcc/arm-none-eabi/5.4.1/../../../../arm-none-eabi/lib/armv7-m\libc.a(lib_a-stdio.o)
                0x00006a38                __sclose
 .text          0x00006a40      0x1bc c:/nxp/lpcxpresso_8.2.2_650/lpcxpresso/tools/bin/../lib/gcc/arm-none-eabi/5.4.1/../../../../arm-none-eabi/lib/armv7-m\libc.a(lib_a-strcmp.o)
                0x00006a40                strcmp
 .text.strlen   0x00006bfc       0x5c c:/nxp/lpcxpresso_8.2.2_650/lpcxpresso/tools/bin/../lib/gcc/arm-none-eabi/5.4.1/../../../../arm-none-eabi/lib/armv7-m\libc.a(lib_a-strlen-stub.o)
                0x00006bfc                strlen
 .text.strncmp  0x00006c58       0x9c c:/nxp/lpcxpresso_8.2.2_650/lpcxpresso/tools/bin/../lib/gcc/arm-none-eabi/5.4.1/../../../../arm-none-eabi/lib/armv7-m\libc.a(lib_a-strncmp.o)
                0x00006c58                strncmp
 .text._svfprintf_r
                0x00006cf4     0x175c c:/nxp/lpcxpresso_8.2.2_650/lpcxpresso/tools/bin/../lib/gcc/arm-none-eabi/5.4.1/../../../../arm-none-eabi/lib/armv7-m\libc.a(lib_a-svfprintf.o)
                0x00006cf4                _svfprintf_r
 .text.__ssvfscanf_r
                0x00008450      0xeac c:/nxp/lpcxpresso_8.2.2_650/lpcxpresso/tools/bin/../lib/gcc/arm-none-eabi/5.4.1/../../../../arm-none-eabi/lib/armv7-m\libc.a(lib_a-svfscanf.o)
                0x00008450                __ssvfscanf_r
 .text._vfprintf_r
                0x000092fc     0x1788 c:/nxp/lpcxpresso_8.2.2_650/lpcxpresso/tools/bin/../lib/gcc/arm-none-eabi/5.4.1/../../../../arm-none-eabi/lib/armv7-m\libc.a(lib_a-vfprintf.o)
                0x000092fc                _vfprintf_r
 .text.vfprintf
                0x0000aa84       0x18 c:/nxp/lpcxpresso_8.2.2_650/lpcxpresso/tools/bin/../lib/gcc/arm-none-eabi/5.4.1/../../../../arm-none-eabi/lib/armv7-m\libc.a(lib_a-vfprintf.o)
                0x0000aa84                vfprintf
 .text.__sbprintf
                0x0000aa9c       0x6c c:/nxp/lpcxpresso_8.2.2_650/lpcxpresso/tools/bin/../lib/gcc/arm-none-eabi/5.4.1/../../../../arm-none-eabi/lib/armv7-m\libc.a(lib_a-vfprintf.o)
 .text.__swbuf_r
                0x0000ab08       0xac c:/nxp/lpcxpresso_8.2.2_650/lpcxpresso/tools/bin/../lib/gcc/arm-none-eabi/5.4.1/../../../../arm-none-eabi/lib/armv7-m\libc.a(lib_a-wbuf.o)
                0x0000ab08                __swbuf_r
 .text._write_r
                0x0000abb4       0x2c c:/nxp/lpcxpresso_8.2.2_650/lpcxpresso/tools/bin/../lib/gcc/arm-none-eabi/5.4.1/../../../../arm-none-eabi/lib/armv7-m\libc.a(lib_a-writer.o)
                0x0000abb4                _write_r
 .text.__swsetup_r
                0x0000abe0       0xc8 c:/nxp/lpcxpresso_8.2.2_650/lpcxpresso/tools/bin/../lib/gcc/arm-none-eabi/5.4.1/../../../../arm-none-eabi/lib/armv7-m\libc.a(lib_a-wsetup.o)
                0x0000abe0                __swsetup_r
 .text._close_r
                0x0000aca8       0x24 c:/nxp/lpcxpresso_8.2.2_650/lpcxpresso/tools/bin/../lib/gcc/arm-none-eabi/5.4.1/../../../../arm-none-eabi/lib/armv7-m\libc.a(lib_a-closer.o)
                0x0000aca8                _close_r
 .text.quorem   0x0000accc      0x12c c:/nxp/lpcxpresso_8.2.2_650/lpcxpresso/tools/bin/../lib/gcc/arm-none-eabi/5.4.1/../../../../arm-none-eabi/lib/armv7-m\libc.a(lib_a-dtoa.o)
 .text._dtoa_r  0x0000adf8      0xe4c c:/nxp/lpcxpresso_8.2.2_650/lpcxpresso/tools/bin/../lib/gcc/arm-none-eabi/5.4.1/../../../../arm-none-eabi/lib/armv7-m\libc.a(lib_a-dtoa.o)
                0x0000adf8                _dtoa_r
 .text.__sflags
                0x0000bc44       0x74 c:/nxp/lpcxpresso_8.2.2_650/lpcxpresso/tools/bin/../lib/gcc/arm-none-eabi/5.4.1/../../../../arm-none-eabi/lib/armv7-m\libc.a(lib_a-flags.o)
                0x0000bc44                __sflags
 .text._isatty_r
                0x0000bcb8       0x24 c:/nxp/lpcxpresso_8.2.2_650/lpcxpresso/tools/bin/../lib/gcc/arm-none-eabi/5.4.1/../../../../arm-none-eabi/lib/armv7-m\libc.a(lib_a-isattyr.o)
                0x0000bcb8                _isatty_r
 .text.iswspace
                0x0000bcdc       0x1c c:/nxp/lpcxpresso_8.2.2_650/lpcxpresso/tools/bin/../lib/gcc/arm-none-eabi/5.4.1/../../../../arm-none-eabi/lib/armv7-m\libc.a(lib_a-iswspace.o)
                0x0000bcdc                iswspace
 .text.__locale_charset
                0x0000bcf8        0x8 c:/nxp/lpcxpresso_8.2.2_650/lpcxpresso/tools/bin/../lib/gcc/arm-none-eabi/5.4.1/../../../../arm-none-eabi/lib/armv7-m\libc.a(lib_a-locale.o)
                0x0000bcf8                __locale_charset
 .text.__locale_mb_cur_max
                0x0000bd00        0xc c:/nxp/lpcxpresso_8.2.2_650/lpcxpresso/tools/bin/../lib/gcc/arm-none-eabi/5.4.1/../../../../arm-none-eabi/lib/armv7-m\libc.a(lib_a-locale.o)
                0x0000bd00                __locale_mb_cur_max
 .text._localeconv_r
                0x0000bd0c        0x8 c:/nxp/lpcxpresso_8.2.2_650/lpcxpresso/tools/bin/../lib/gcc/arm-none-eabi/5.4.1/../../../../arm-none-eabi/lib/armv7-m\libc.a(lib_a-locale.o)
                0x0000bd0c                _localeconv_r
 .text._lseek_r
                0x0000bd14       0x2c c:/nxp/lpcxpresso_8.2.2_650/lpcxpresso/tools/bin/../lib/gcc/arm-none-eabi/5.4.1/../../../../arm-none-eabi/lib/armv7-m\libc.a(lib_a-lseekr.o)
                0x0000bd14                _lseek_r
 .text._mbrtowc_r
                0x0000bd40       0x5c c:/nxp/lpcxpresso_8.2.2_650/lpcxpresso/tools/bin/../lib/gcc/arm-none-eabi/5.4.1/../../../../arm-none-eabi/lib/armv7-m\libc.a(lib_a-mbrtowc.o)
                0x0000bd40                _mbrtowc_r
 .text.__ascii_mbtowc
                0x0000bd9c       0x2c c:/nxp/lpcxpresso_8.2.2_650/lpcxpresso/tools/bin/../lib/gcc/arm-none-eabi/5.4.1/../../../../arm-none-eabi/lib/armv7-m\libc.a(lib_a-mbtowc_r.o)
                0x0000bd9c                __ascii_mbtowc
 .text._Balloc  0x0000bdc8       0x50 c:/nxp/lpcxpresso_8.2.2_650/lpcxpresso/tools/bin/../lib/gcc/arm-none-eabi/5.4.1/../../../../arm-none-eabi/lib/armv7-m\libc.a(lib_a-mprec.o)
                0x0000bdc8                _Balloc
 .text._Bfree   0x0000be18       0x14 c:/nxp/lpcxpresso_8.2.2_650/lpcxpresso/tools/bin/../lib/gcc/arm-none-eabi/5.4.1/../../../../arm-none-eabi/lib/armv7-m\libc.a(lib_a-mprec.o)
                0x0000be18                _Bfree
 .text.__multadd
                0x0000be2c       0x80 c:/nxp/lpcxpresso_8.2.2_650/lpcxpresso/tools/bin/../lib/gcc/arm-none-eabi/5.4.1/../../../../arm-none-eabi/lib/armv7-m\libc.a(lib_a-mprec.o)
                0x0000be2c                __multadd
 .text.__s2b    0x0000beac       0x98 c:/nxp/lpcxpresso_8.2.2_650/lpcxpresso/tools/bin/../lib/gcc/arm-none-eabi/5.4.1/../../../../arm-none-eabi/lib/armv7-m\libc.a(lib_a-mprec.o)
                0x0000beac                __s2b
 .text.__hi0bits
                0x0000bf44       0x40 c:/nxp/lpcxpresso_8.2.2_650/lpcxpresso/tools/bin/../lib/gcc/arm-none-eabi/5.4.1/../../../../arm-none-eabi/lib/armv7-m\libc.a(lib_a-mprec.o)
                0x0000bf44                __hi0bits
 .text.__lo0bits
                0x0000bf84       0x5c c:/nxp/lpcxpresso_8.2.2_650/lpcxpresso/tools/bin/../lib/gcc/arm-none-eabi/5.4.1/../../../../arm-none-eabi/lib/armv7-m\libc.a(lib_a-mprec.o)
                0x0000bf84                __lo0bits
 .text.__i2b    0x0000bfe0       0x14 c:/nxp/lpcxpresso_8.2.2_650/lpcxpresso/tools/bin/../lib/gcc/arm-none-eabi/5.4.1/../../../../arm-none-eabi/lib/armv7-m\libc.a(lib_a-mprec.o)
                0x0000bfe0                __i2b
 .text.__multiply
                0x0000bff4      0x13c c:/nxp/lpcxpresso_8.2.2_650/lpcxpresso/tools/bin/../lib/gcc/arm-none-eabi/5.4.1/../../../../arm-none-eabi/lib/armv7-m\libc.a(lib_a-mprec.o)
                0x0000bff4                __multiply
 .text.__pow5mult
                0x0000c130       0xa0 c:/nxp/lpcxpresso_8.2.2_650/lpcxpresso/tools/bin/../lib/gcc/arm-none-eabi/5.4.1/../../../../arm-none-eabi/lib/armv7-m\libc.a(lib_a-mprec.o)
                0x0000c130                __pow5mult
 .text.__lshift
                0x0000c1d0       0xac c:/nxp/lpcxpresso_8.2.2_650/lpcxpresso/tools/bin/../lib/gcc/arm-none-eabi/5.4.1/../../../../arm-none-eabi/lib/armv7-m\libc.a(lib_a-mprec.o)
                0x0000c1d0                __lshift
 .text.__mcmp   0x0000c27c       0x40 c:/nxp/lpcxpresso_8.2.2_650/lpcxpresso/tools/bin/../lib/gcc/arm-none-eabi/5.4.1/../../../../arm-none-eabi/lib/armv7-m\libc.a(lib_a-mprec.o)
                0x0000c27c                __mcmp
 .text.__mdiff  0x0000c2bc      0x128 c:/nxp/lpcxpresso_8.2.2_650/lpcxpresso/tools/bin/../lib/gcc/arm-none-eabi/5.4.1/../../../../arm-none-eabi/lib/armv7-m\libc.a(lib_a-mprec.o)
                0x0000c2bc                __mdiff
 .text.__ulp    0x0000c3e4       0x44 c:/nxp/lpcxpresso_8.2.2_650/lpcxpresso/tools/bin/../lib/gcc/arm-none-eabi/5.4.1/../../../../arm-none-eabi/lib/armv7-m\libc.a(lib_a-mprec.o)
                0x0000c3e4                __ulp
 .text.__b2d    0x0000c428       0xd4 c:/nxp/lpcxpresso_8.2.2_650/lpcxpresso/tools/bin/../lib/gcc/arm-none-eabi/5.4.1/../../../../arm-none-eabi/lib/armv7-m\libc.a(lib_a-mprec.o)
                0x0000c428                __b2d
 .text.__d2b    0x0000c4fc       0xa8 c:/nxp/lpcxpresso_8.2.2_650/lpcxpresso/tools/bin/../lib/gcc/arm-none-eabi/5.4.1/../../../../arm-none-eabi/lib/armv7-m\libc.a(lib_a-mprec.o)
                0x0000c4fc                __d2b
 .text.__ratio  0x0000c5a4       0x54 c:/nxp/lpcxpresso_8.2.2_650/lpcxpresso/tools/bin/../lib/gcc/arm-none-eabi/5.4.1/../../../../arm-none-eabi/lib/armv7-m\libc.a(lib_a-mprec.o)
                0x0000c5a4                __ratio
 .text.__copybits
                0x0000c5f8       0x48 c:/nxp/lpcxpresso_8.2.2_650/lpcxpresso/tools/bin/../lib/gcc/arm-none-eabi/5.4.1/../../../../arm-none-eabi/lib/armv7-m\libc.a(lib_a-mprec.o)
                0x0000c5f8                __copybits
 .text.__any_on
                0x0000c640       0x5c c:/nxp/lpcxpresso_8.2.2_650/lpcxpresso/tools/bin/../lib/gcc/arm-none-eabi/5.4.1/../../../../arm-none-eabi/lib/armv7-m\libc.a(lib_a-mprec.o)
                0x0000c640                __any_on
 .text._read_r  0x0000c69c       0x2c c:/nxp/lpcxpresso_8.2.2_650/lpcxpresso/tools/bin/../lib/gcc/arm-none-eabi/5.4.1/../../../../arm-none-eabi/lib/armv7-m\libc.a(lib_a-readr.o)
                0x0000c69c                _read_r
 .text.__sccl   0x0000c6c8       0x74 c:/nxp/lpcxpresso_8.2.2_650/lpcxpresso/tools/bin/../lib/gcc/arm-none-eabi/5.4.1/../../../../arm-none-eabi/lib/armv7-m\libc.a(lib_a-sccl.o)
                0x0000c6c8                __sccl
 .text.nanf     0x0000c73c        0x8 c:/nxp/lpcxpresso_8.2.2_650/lpcxpresso/tools/bin/../lib/gcc/arm-none-eabi/5.4.1/../../../../arm-none-eabi/lib/armv7-m\libc.a(lib_a-sf_nan.o)
                0x0000c73c                nanf
 .text.sulp     0x0000c744       0x44 c:/nxp/lpcxpresso_8.2.2_650/lpcxpresso/tools/bin/../lib/gcc/arm-none-eabi/5.4.1/../../../../arm-none-eabi/lib/armv7-m\libc.a(lib_a-strtod.o)
 .text._strtod_r
                0x0000c788      0xecc c:/nxp/lpcxpresso_8.2.2_650/lpcxpresso/tools/bin/../lib/gcc/arm-none-eabi/5.4.1/../../../../arm-none-eabi/lib/armv7-m\libc.a(lib_a-strtod.o)
                0x0000c788                _strtod_r
 .text._strtol_r
                0x0000d654      0x128 c:/nxp/lpcxpresso_8.2.2_650/lpcxpresso/tools/bin/../lib/gcc/arm-none-eabi/5.4.1/../../../../arm-none-eabi/lib/armv7-m\libc.a(lib_a-strtol.o)
                0x0000d654                _strtol_r
 .text._strtoll_r
                0x0000d77c      0x1b4 c:/nxp/lpcxpresso_8.2.2_650/lpcxpresso/tools/bin/../lib/gcc/arm-none-eabi/5.4.1/../../../../arm-none-eabi/lib/armv7-m\libc.a(lib_a-strtoll_r.o)
                0x0000d77c                _strtoll_r
 .text._strtoul_r
                0x0000d930      0x134 c:/nxp/lpcxpresso_8.2.2_650/lpcxpresso/tools/bin/../lib/gcc/arm-none-eabi/5.4.1/../../../../arm-none-eabi/lib/armv7-m\libc.a(lib_a-strtoul.o)
                0x0000d930                _strtoul_r
 .text._strtoull_r
                0x0000da64      0x1c8 c:/nxp/lpcxpresso_8.2.2_650/lpcxpresso/tools/bin/../lib/gcc/arm-none-eabi/5.4.1/../../../../arm-none-eabi/lib/armv7-m\libc.a(lib_a-strtoull_r.o)
                0x0000da64                _strtoull_r
 .text.__ssprint_r
                0x0000dc2c      0x100 c:/nxp/lpcxpresso_8.2.2_650/lpcxpresso/tools/bin/../lib/gcc/arm-none-eabi/5.4.1/../../../../arm-none-eabi/lib/armv7-m\libc.a(lib_a-svfiprintf.o)
                0x0000dc2c                __ssprint_r
 .text._sungetc_r
                0x0000dd2c       0x8c c:/nxp/lpcxpresso_8.2.2_650/lpcxpresso/tools/bin/../lib/gcc/arm-none-eabi/5.4.1/../../../../arm-none-eabi/lib/armv7-m\libc.a(lib_a-svfiscanf.o)
                0x0000dd2c                _sungetc_r
 .text.__ssrefill_r
                0x0000ddb8       0x3c c:/nxp/lpcxpresso_8.2.2_650/lpcxpresso/tools/bin/../lib/gcc/arm-none-eabi/5.4.1/../../../../arm-none-eabi/lib/armv7-m\libc.a(lib_a-svfiscanf.o)
                0x0000ddb8                __ssrefill_r
 .text._sfread_r
                0x0000ddf4       0x84 c:/nxp/lpcxpresso_8.2.2_650/lpcxpresso/tools/bin/../lib/gcc/arm-none-eabi/5.4.1/../../../../arm-none-eabi/lib/armv7-m\libc.a(lib_a-svfiscanf.o)
                0x0000ddf4                _sfread_r
 .text.__submore
                0x0000de78       0x7c c:/nxp/lpcxpresso_8.2.2_650/lpcxpresso/tools/bin/../lib/gcc/arm-none-eabi/5.4.1/../../../../arm-none-eabi/lib/armv7-m\libc.a(lib_a-ungetc.o)
                0x0000de78                __submore
 .text.__sprint_r.part.0
                0x0000def4       0x78 c:/nxp/lpcxpresso_8.2.2_650/lpcxpresso/tools/bin/../lib/gcc/arm-none-eabi/5.4.1/../../../../arm-none-eabi/lib/armv7-m\libc.a(lib_a-vfiprintf.o)
 .text.__sprint_r
                0x0000df6c       0x14 c:/nxp/lpcxpresso_8.2.2_650/lpcxpresso/tools/bin/../lib/gcc/arm-none-eabi/5.4.1/../../../../arm-none-eabi/lib/armv7-m\libc.a(lib_a-vfiprintf.o)
                0x0000df6c                __sprint_r
 .text._calloc_r
                0x0000df80       0x60 c:/nxp/lpcxpresso_8.2.2_650/lpcxpresso/tools/bin/../lib/gcc/arm-none-eabi/5.4.1/../../../../arm-none-eabi/lib/armv7-m\libc.a(lib_a-callocr.o)
                0x0000df80                _calloc_r
 .text.__fputwc
                0x0000dfe0       0x94 c:/nxp/lpcxpresso_8.2.2_650/lpcxpresso/tools/bin/../lib/gcc/arm-none-eabi/5.4.1/../../../../arm-none-eabi/lib/armv7-m\libc.a(lib_a-fputwc.o)
                0x0000dfe0                __fputwc
 .text._fputwc_r
                0x0000e074       0x24 c:/nxp/lpcxpresso_8.2.2_650/lpcxpresso/tools/bin/../lib/gcc/arm-none-eabi/5.4.1/../../../../arm-none-eabi/lib/armv7-m\libc.a(lib_a-fputwc.o)
                0x0000e074                _fputwc_r
 .text.rshift   0x0000e098       0xa8 c:/nxp/lpcxpresso_8.2.2_650/lpcxpresso/tools/bin/../lib/gcc/arm-none-eabi/5.4.1/../../../../arm-none-eabi/lib/armv7-m\libc.a(lib_a-gdtoa-gethex.o)
 .text.__gethex
                0x0000e140      0x50c c:/nxp/lpcxpresso_8.2.2_650/lpcxpresso/tools/bin/../lib/gcc/arm-none-eabi/5.4.1/../../../../arm-none-eabi/lib/armv7-m\libc.a(lib_a-gdtoa-gethex.o)
                0x0000e140                __gethex
 .text.__match  0x0000e64c       0x30 c:/nxp/lpcxpresso_8.2.2_650/lpcxpresso/tools/bin/../lib/gcc/arm-none-eabi/5.4.1/../../../../arm-none-eabi/lib/armv7-m\libc.a(lib_a-gdtoa-hexnan.o)
                0x0000e64c                __match
 .text.__hexnan
                0x0000e67c      0x180 c:/nxp/lpcxpresso_8.2.2_650/lpcxpresso/tools/bin/../lib/gcc/arm-none-eabi/5.4.1/../../../../arm-none-eabi/lib/armv7-m\libc.a(lib_a-gdtoa-hexnan.o)
                0x0000e67c                __hexnan
 .text._wcrtomb_r
                0x0000e7fc       0x54 c:/nxp/lpcxpresso_8.2.2_650/lpcxpresso/tools/bin/../lib/gcc/arm-none-eabi/5.4.1/../../../../arm-none-eabi/lib/armv7-m\libc.a(lib_a-wcrtomb.o)
                0x0000e7fc                _wcrtomb_r
 .text.__ascii_wctomb
                0x0000e850       0x1c c:/nxp/lpcxpresso_8.2.2_650/lpcxpresso/tools/bin/../lib/gcc/arm-none-eabi/5.4.1/../../../../arm-none-eabi/lib/armv7-m\libc.a(lib_a-wctomb_r.o)
                0x0000e850                __ascii_wctomb
 .text._ZN10__cxxabiv120__si_class_type_infoD2Ev
                0x0000e86c       0x14 c:/nxp/lpcxpresso_8.2.2_650/lpcxpresso/tools/bin/../lib/gcc/arm-none-eabi/5.4.1/../../../../arm-none-eabi/lib/armv7-m\libstdc++.a(si_class_type_info.o)
                0x0000e86c                __cxxabiv1::__si_class_type_info::~__si_class_type_info()
                0x0000e86c                __cxxabiv1::__si_class_type_info::~__si_class_type_info()
 .text._ZN10__cxxabiv120__si_class_type_infoD0Ev
                0x0000e880       0x1c c:/nxp/lpcxpresso_8.2.2_650/lpcxpresso/tools/bin/../lib/gcc/arm-none-eabi/5.4.1/../../../../arm-none-eabi/lib/armv7-m\libstdc++.a(si_class_type_info.o)
                0x0000e880                __cxxabiv1::__si_class_type_info::~__si_class_type_info()
 .text._ZNK10__cxxabiv120__si_class_type_info12__do_dyncastEiNS_17__class_type_info10__sub_kindEPKS1_PKvS4_S6_RNS1_16__dyncast_resultE
                0x0000e89c       0x98 c:/nxp/lpcxpresso_8.2.2_650/lpcxpresso/tools/bin/../lib/gcc/arm-none-eabi/5.4.1/../../../../arm-none-eabi/lib/armv7-m\libstdc++.a(si_class_type_info.o)
                0x0000e89c                __cxxabiv1::__si_class_type_info::__do_dyncast(int, __cxxabiv1::__class_type_info::__sub_kind, __cxxabiv1::__class_type_info const*, void const*, __cxxabiv1::__class_type_info const*, void const*, __cxxabiv1::__class_type_info::__dyncast_result&) const
 .text._ZNK10__cxxabiv120__si_class_type_info20__do_find_public_srcEiPKvPKNS_17__class_type_infoES2_
                0x0000e934       0x3c c:/nxp/lpcxpresso_8.2.2_650/lpcxpresso/tools/bin/../lib/gcc/arm-none-eabi/5.4.1/../../../../arm-none-eabi/lib/armv7-m\libstdc++.a(si_class_type_info.o)
                0x0000e934                __cxxabiv1::__si_class_type_info::__do_find_public_src(int, void const*, __cxxabiv1::__class_type_info const*, void const*) const
 .text._ZNK10__cxxabiv120__si_class_type_info11__do_upcastEPKNS_17__class_type_infoEPKvRNS1_15__upcast_resultE
                0x0000e970       0x2c c:/nxp/lpcxpresso_8.2.2_650/lpcxpresso/tools/bin/../lib/gcc/arm-none-eabi/5.4.1/../../../../arm-none-eabi/lib/armv7-m\libstdc++.a(si_class_type_info.o)
                0x0000e970                __cxxabiv1::__si_class_type_info::__do_upcast(__cxxabiv1::__class_type_info const*, void const*, __cxxabiv1::__class_type_info::__upcast_result&) const
 .text._ZN10__cxxabiv121__vmi_class_type_infoD2Ev
                0x0000e99c       0x14 c:/nxp/lpcxpresso_8.2.2_650/lpcxpresso/tools/bin/../lib/gcc/arm-none-eabi/5.4.1/../../../../arm-none-eabi/lib/armv7-m\libstdc++.a(vmi_class_type_info.o)
                0x0000e99c                __cxxabiv1::__vmi_class_type_info::~__vmi_class_type_info()
                0x0000e99c                __cxxabiv1::__vmi_class_type_info::~__vmi_class_type_info()
 .text._ZN10__cxxabiv121__vmi_class_type_infoD0Ev
                0x0000e9b0       0x1c c:/nxp/lpcxpresso_8.2.2_650/lpcxpresso/tools/bin/../lib/gcc/arm-none-eabi/5.4.1/../../../../arm-none-eabi/lib/armv7-m\libstdc++.a(vmi_class_type_info.o)
                0x0000e9b0                __cxxabiv1::__vmi_class_type_info::~__vmi_class_type_info()
 .text._ZNK10__cxxabiv121__vmi_class_type_info20__do_find_public_srcEiPKvPKNS_17__class_type_infoES2_
                0x0000e9cc       0x7c c:/nxp/lpcxpresso_8.2.2_650/lpcxpresso/tools/bin/../lib/gcc/arm-none-eabi/5.4.1/../../../../arm-none-eabi/lib/armv7-m\libstdc++.a(vmi_class_type_info.o)
                0x0000e9cc                __cxxabiv1::__vmi_class_type_info::__do_find_public_src(int, void const*, __cxxabiv1::__class_type_info const*, void const*) const
 .text._ZNK10__cxxabiv121__vmi_class_type_info12__do_dyncastEiNS_17__class_type_info10__sub_kindEPKS1_PKvS4_S6_RNS1_16__dyncast_resultE
                0x0000ea48      0x398 c:/nxp/lpcxpresso_8.2.2_650/lpcxpresso/tools/bin/../lib/gcc/arm-none-eabi/5.4.1/../../../../arm-none-eabi/lib/armv7-m\libstdc++.a(vmi_class_type_info.o)
                0x0000ea48                __cxxabiv1::__vmi_class_type_info::__do_dyncast(int, __cxxabiv1::__class_type_info::__sub_kind, __cxxabiv1::__class_type_info const*, void const*, __cxxabiv1::__class_type_info const*, void const*, __cxxabiv1::__class_type_info::__dyncast_result&) const
 .text._ZNK10__cxxabiv121__vmi_class_type_info11__do_upcastEPKNS_17__class_type_infoEPKvRNS1_15__upcast_resultE
                0x0000ede0      0x150 c:/nxp/lpcxpresso_8.2.2_650/lpcxpresso/tools/bin/../lib/gcc/arm-none-eabi/5.4.1/../../../../arm-none-eabi/lib/armv7-m\libstdc++.a(vmi_class_type_info.o)
                0x0000ede0                __cxxabiv1::__vmi_class_type_info::__do_upcast(__cxxabiv1::__class_type_info const*, void const*, __cxxabiv1::__class_type_info::__upcast_result&) const
 .text._ZNSt9type_infoD2Ev
                0x0000ef30        0x4 c:/nxp/lpcxpresso_8.2.2_650/lpcxpresso/tools/bin/../lib/gcc/arm-none-eabi/5.4.1/../../../../arm-none-eabi/lib/armv7-m\libstdc++.a(tinfo.o)
                0x0000ef30                std::type_info::~type_info()
                0x0000ef30                std::type_info::~type_info()
 .text._ZNKSt9type_info15__is_function_pEv
                0x0000ef34        0x4 c:/nxp/lpcxpresso_8.2.2_650/lpcxpresso/tools/bin/../lib/gcc/arm-none-eabi/5.4.1/../../../../arm-none-eabi/lib/armv7-m\libstdc++.a(tinfo.o)
                0x0000ef34                std::type_info::__is_pointer_p() const
                0x0000ef34                std::type_info::__is_function_p() const
 .text._ZNKSt9type_infoeqERKS_
                0x0000ef38       0x2c c:/nxp/lpcxpresso_8.2.2_650/lpcxpresso/tools/bin/../lib/gcc/arm-none-eabi/5.4.1/../../../../arm-none-eabi/lib/armv7-m\libstdc++.a(tinfo.o)
                0x0000ef38                std::type_info::operator==(std::type_info const&) const
 .text._ZNK10__cxxabiv117__class_type_info11__do_upcastEPKS0_PPv
                0x0000ef64       0x38 c:/nxp/lpcxpresso_8.2.2_650/lpcxpresso/tools/bin/../lib/gcc/arm-none-eabi/5.4.1/../../../../arm-none-eabi/lib/armv7-m\libstdc++.a(class_type_info.o)
                0x0000ef64                __cxxabiv1::__class_type_info::__do_upcast(__cxxabiv1::__class_type_info const*, void**) const
 .text._ZNK10__cxxabiv117__class_type_info20__do_find_public_srcEiPKvPKS0_S2_
                0x0000ef9c        0xc c:/nxp/lpcxpresso_8.2.2_650/lpcxpresso/tools/bin/../lib/gcc/arm-none-eabi/5.4.1/../../../../arm-none-eabi/lib/armv7-m\libstdc++.a(class_type_info.o)
                0x0000ef9c                __cxxabiv1::__class_type_info::__do_find_public_src(int, void const*, __cxxabiv1::__class_type_info const*, void const*) const
 .text._ZN10__cxxabiv117__class_type_infoD2Ev
                0x0000efa8       0x14 c:/nxp/lpcxpresso_8.2.2_650/lpcxpresso/tools/bin/../lib/gcc/arm-none-eabi/5.4.1/../../../../arm-none-eabi/lib/armv7-m\libstdc++.a(class_type_info.o)
                0x0000efa8                __cxxabiv1::__class_type_info::~__class_type_info()
                0x0000efa8                __cxxabiv1::__class_type_info::~__class_type_info()
 .text._ZN10__cxxabiv117__class_type_infoD0Ev
                0x0000efbc       0x1c c:/nxp/lpcxpresso_8.2.2_650/lpcxpresso/tools/bin/../lib/gcc/arm-none-eabi/5.4.1/../../../../arm-none-eabi/lib/armv7-m\libstdc++.a(class_type_info.o)
                0x0000efbc                __cxxabiv1::__class_type_info::~__class_type_info()
 .text._ZNK10__cxxabiv117__class_type_info11__do_upcastEPKS0_PKvRNS0_15__upcast_resultE
                0x0000efd8       0x18 c:/nxp/lpcxpresso_8.2.2_650/lpcxpresso/tools/bin/../lib/gcc/arm-none-eabi/5.4.1/../../../../arm-none-eabi/lib/armv7-m\libstdc++.a(class_type_info.o)
                0x0000efd8                __cxxabiv1::__class_type_info::__do_upcast(__cxxabiv1::__class_type_info const*, void const*, __cxxabiv1::__class_type_info::__upcast_result&) const
 .text._ZNK10__cxxabiv117__class_type_info12__do_dyncastEiNS0_10__sub_kindEPKS0_PKvS3_S5_RNS0_16__dyncast_resultE
                0x0000eff0       0x40 c:/nxp/lpcxpresso_8.2.2_650/lpcxpresso/tools/bin/../lib/gcc/arm-none-eabi/5.4.1/../../../../arm-none-eabi/lib/armv7-m\libstdc++.a(class_type_info.o)
                0x0000eff0                __cxxabiv1::__class_type_info::__do_dyncast(int, __cxxabiv1::__class_type_info::__sub_kind, __cxxabiv1::__class_type_info const*, void const*, __cxxabiv1::__class_type_info const*, void const*, __cxxabiv1::__class_type_info::__dyncast_result&) const
 .text._ZNK10__cxxabiv117__class_type_info10__do_catchEPKSt9type_infoPPvj
                0x0000f030       0x2c c:/nxp/lpcxpresso_8.2.2_650/lpcxpresso/tools/bin/../lib/gcc/arm-none-eabi/5.4.1/../../../../arm-none-eabi/lib/armv7-m\libstdc++.a(class_type_info.o)
                0x0000f030                __cxxabiv1::__class_type_info::__do_catch(std::type_info const*, void**, unsigned int) const
 .text.cos      0x0000f05c       0x90 c:/nxp/lpcxpresso_8.2.2_650/lpcxpresso/tools/bin/../lib/gcc/arm-none-eabi/5.4.1/../../../../arm-none-eabi/lib/armv7-m\libm.a(lib_a-s_cos.o)
                0x0000f05c                cos
 .text.fabs     0x0000f0ec        0x8 c:/nxp/lpcxpresso_8.2.2_650/lpcxpresso/tools/bin/../lib/gcc/arm-none-eabi/5.4.1/../../../../arm-none-eabi/lib/armv7-m\libm.a(lib_a-s_fabs.o)
                0x0000f0ec                fabs
 *fill*         0x0000f0f4        0x4 ff
 .text.floor    0x0000f0f8      0x110 c:/nxp/lpcxpresso_8.2.2_650/lpcxpresso/tools/bin/../lib/gcc/arm-none-eabi/5.4.1/../../../../arm-none-eabi/lib/armv7-m\libm.a(lib_a-s_floor.o)
                0x0000f0f8                floor
 .text.sin      0x0000f208       0x90 c:/nxp/lpcxpresso_8.2.2_650/lpcxpresso/tools/bin/../lib/gcc/arm-none-eabi/5.4.1/../../../../arm-none-eabi/lib/armv7-m\libm.a(lib_a-s_sin.o)
                0x0000f208                sin
 .text.atan2    0x0000f298        0x4 c:/nxp/lpcxpresso_8.2.2_650/lpcxpresso/tools/bin/../lib/gcc/arm-none-eabi/5.4.1/../../../../arm-none-eabi/lib/armv7-m\libm.a(lib_a-w_atan2.o)
                0x0000f298                atan2
 .text.pow      0x0000f29c      0x330 c:/nxp/lpcxpresso_8.2.2_650/lpcxpresso/tools/bin/../lib/gcc/arm-none-eabi/5.4.1/../../../../arm-none-eabi/lib/armv7-m\libm.a(lib_a-w_pow.o)
                0x0000f29c                pow
 .text.sqrt     0x0000f5cc       0xb8 c:/nxp/lpcxpresso_8.2.2_650/lpcxpresso/tools/bin/../lib/gcc/arm-none-eabi/5.4.1/../../../../arm-none-eabi/lib/armv7-m\libm.a(lib_a-w_sqrt.o)
                0x0000f5cc                sqrt
 *fill*         0x0000f684        0x4 ff
 .text.__ieee754_atan2
                0x0000f688      0x194 c:/nxp/lpcxpresso_8.2.2_650/lpcxpresso/tools/bin/../lib/gcc/arm-none-eabi/5.4.1/../../../../arm-none-eabi/lib/armv7-m\libm.a(lib_a-e_atan2.o)
                0x0000f688                __ieee754_atan2
 *fill*         0x0000f81c        0x4 ff
 .text.__ieee754_pow
                0x0000f820      0xac4 c:/nxp/lpcxpresso_8.2.2_650/lpcxpresso/tools/bin/../lib/gcc/arm-none-eabi/5.4.1/../../../../arm-none-eabi/lib/armv7-m\libm.a(lib_a-e_pow.o)
                0x0000f820                __ieee754_pow
 *fill*         0x000102e4        0x4 ff
 .text.__ieee754_rem_pio2
                0x000102e8      0x42c c:/nxp/lpcxpresso_8.2.2_650/lpcxpresso/tools/bin/../lib/gcc/arm-none-eabi/5.4.1/../../../../arm-none-eabi/lib/armv7-m\libm.a(lib_a-e_rem_pio2.o)
                0x000102e8                __ieee754_rem_pio2
 .text.__ieee754_sqrt
                0x00010714      0x188 c:/nxp/lpcxpresso_8.2.2_650/lpcxpresso/tools/bin/../lib/gcc/arm-none-eabi/5.4.1/../../../../arm-none-eabi/lib/armv7-m\libm.a(lib_a-e_sqrt.o)
                0x00010714                __ieee754_sqrt
 *fill*         0x0001089c        0x4 ff
 .text.__kernel_cos
                0x000108a0      0x248 c:/nxp/lpcxpresso_8.2.2_650/lpcxpresso/tools/bin/../lib/gcc/arm-none-eabi/5.4.1/../../../../arm-none-eabi/lib/armv7-m\libm.a(lib_a-k_cos.o)
                0x000108a0                __kernel_cos
 .text.__kernel_rem_pio2
                0x00010ae8      0x7f0 c:/nxp/lpcxpresso_8.2.2_650/lpcxpresso/tools/bin/../lib/gcc/arm-none-eabi/5.4.1/../../../../arm-none-eabi/lib/armv7-m\libm.a(lib_a-k_rem_pio2.o)
                0x00010ae8                __kernel_rem_pio2
 .text.__kernel_sin
                0x000112d8      0x16c c:/nxp/lpcxpresso_8.2.2_650/lpcxpresso/tools/bin/../lib/gcc/arm-none-eabi/5.4.1/../../../../arm-none-eabi/lib/armv7-m\libm.a(lib_a-k_sin.o)
                0x000112d8                __kernel_sin
 *fill*         0x00011444        0x4 ff
 .text.atan     0x00011448      0x33c c:/nxp/lpcxpresso_8.2.2_650/lpcxpresso/tools/bin/../lib/gcc/arm-none-eabi/5.4.1/../../../../arm-none-eabi/lib/armv7-m\libm.a(lib_a-s_atan.o)
                0x00011448                atan
 .text.finite   0x00011784        0xc c:/nxp/lpcxpresso_8.2.2_650/lpcxpresso/tools/bin/../lib/gcc/arm-none-eabi/5.4.1/../../../../arm-none-eabi/lib/armv7-m\libm.a(lib_a-s_finite.o)
                0x00011784                finite
 .text.matherr  0x00011790        0x4 c:/nxp/lpcxpresso_8.2.2_650/lpcxpresso/tools/bin/../lib/gcc/arm-none-eabi/5.4.1/../../../../arm-none-eabi/lib/armv7-m\libm.a(lib_a-s_matherr.o)
                0x00011790                matherr
 .text.nan      0x00011794        0xc c:/nxp/lpcxpresso_8.2.2_650/lpcxpresso/tools/bin/../lib/gcc/arm-none-eabi/5.4.1/../../../../arm-none-eabi/lib/armv7-m\libm.a(lib_a-s_nan.o)
                0x00011794                nan
 .text.rint     0x000117a0      0x120 c:/nxp/lpcxpresso_8.2.2_650/lpcxpresso/tools/bin/../lib/gcc/arm-none-eabi/5.4.1/../../../../arm-none-eabi/lib/armv7-m\libm.a(lib_a-s_rint.o)
                0x000117a0                rint
 .text.scalbn   0x000118c0       0xe4 c:/nxp/lpcxpresso_8.2.2_650/lpcxpresso/tools/bin/../lib/gcc/arm-none-eabi/5.4.1/../../../../arm-none-eabi/lib/armv7-m\libm.a(lib_a-s_scalbn.o)
                0x000118c0                scalbn
 .text.copysign
                0x000119a4       0x10 c:/nxp/lpcxpresso_8.2.2_650/lpcxpresso/tools/bin/../lib/gcc/arm-none-eabi/5.4.1/../../../../arm-none-eabi/lib/armv7-m\libm.a(lib_a-s_copysign.o)
                0x000119a4                copysign
 .text._sbrk    0x000119b4       0x3c c:/nxp/lpcxpresso_8.2.2_650/lpcxpresso/tools/bin/../lib/gcc/arm-none-eabi/5.4.1/../../../../arm-none-eabi/lib/armv7-m\libcr_newlib_nohost.a(_cr_sbrk.o)
                0x000119b4                _sbrk
 .text.__check_heap_overflow
                0x000119f0       0x18 c:/nxp/lpcxpresso_8.2.2_650/lpcxpresso/tools/bin/../lib/gcc/arm-none-eabi/5.4.1/../../../../arm-none-eabi/lib/armv7-m\libcr_newlib_nohost.a(_cr_check_heap.o)
                0x000119f0                __check_heap_overflow
 .text          0x00011a08       0x5c c:/nxp/lpcxpresso_8.2.2_650/lpcxpresso/tools/bin/../lib/gcc/arm-none-eabi/5.4.1/armv7-m\crtbegin.o
 .text          0x00011a64       0x2c c:/nxp/lpcxpresso_8.2.2_650/lpcxpresso/tools/bin/../lib/gcc/arm-none-eabi/5.4.1/armv7-m\libgcc.a(_arm_unorddf2.o)
                0x00011a64                __unorddf2
                0x00011a64                __aeabi_dcmpun
 .text          0x00011a90       0x40 c:/nxp/lpcxpresso_8.2.2_650/lpcxpresso/tools/bin/../lib/gcc/arm-none-eabi/5.4.1/armv7-m\libgcc.a(_arm_fixunsdfsi.o)
                0x00011a90                __aeabi_d2uiz
                0x00011a90                __fixunsdfsi
 .text          0x00011ad0      0x9e4 c:/nxp/lpcxpresso_8.2.2_650/lpcxpresso/tools/bin/../lib/gcc/arm-none-eabi/5.4.1/armv7-m\libgcc.a(unwind-arm.o)
                0x00011d90                _Unwind_GetCFA
                0x00011d94                __gnu_Unwind_RaiseException
                0x00011df4                __gnu_Unwind_ForcedUnwind
                0x00011e08                __gnu_Unwind_Resume
                0x00011e4c                __gnu_Unwind_Resume_or_Rethrow
                0x00011e60                _Unwind_Complete
                0x00011e64                _Unwind_DeleteException
                0x00011e70                _Unwind_VRS_Get
                0x00011ebc                _Unwind_VRS_Set
                0x00011f0c                __gnu_Unwind_Backtrace
                0x00012258                __aeabi_unwind_cpp_pr0
                0x0001225c                __aeabi_unwind_cpp_pr1
                0x00012260                __aeabi_unwind_cpp_pr2
                0x00012264                _Unwind_VRS_Pop
 .text          0x000124b4      0x1ac c:/nxp/lpcxpresso_8.2.2_650/lpcxpresso/tools/bin/../lib/gcc/arm-none-eabi/5.4.1/armv7-m\libgcc.a(libunwind.o)
                0x000124b4                __restore_core_regs
                0x000124b4                restore_core_regs
                0x000124cc                __gnu_Unwind_Restore_VFP
                0x000124d4                __gnu_Unwind_Save_VFP
                0x000124dc                __gnu_Unwind_Restore_VFP_D
                0x000124e4                __gnu_Unwind_Save_VFP_D
                0x000124ec                __gnu_Unwind_Restore_VFP_D_16_to_31
                0x000124f4                __gnu_Unwind_Save_VFP_D_16_to_31
                0x000124fc                __gnu_Unwind_Restore_WMMXD
                0x00012540                __gnu_Unwind_Save_WMMXD
                0x00012584                __gnu_Unwind_Restore_WMMXC
                0x00012598                __gnu_Unwind_Save_WMMXC
                0x000125ac                ___Unwind_RaiseException
                0x000125ac                _Unwind_RaiseException
                0x000125d0                _Unwind_Resume
                0x000125d0                ___Unwind_Resume
                0x000125f4                _Unwind_Resume_or_Rethrow
                0x000125f4                ___Unwind_Resume_or_Rethrow
                0x00012618                _Unwind_ForcedUnwind
                0x00012618                ___Unwind_ForcedUnwind
                0x0001263c                ___Unwind_Backtrace
                0x0001263c                _Unwind_Backtrace
 .text          0x00012660      0x354 c:/nxp/lpcxpresso_8.2.2_650/lpcxpresso/tools/bin/../lib/gcc/arm-none-eabi/5.4.1/armv7-m\libgcc.a(pr-support.o)
                0x000126b8                __gnu_unwind_execute
                0x0001295c                __gnu_unwind_frame
                0x00012984                _Unwind_GetRegionStart
                0x00012990                _Unwind_GetLanguageSpecificData
                0x000129a4                _Unwind_GetTextRelBase
                0x000129ac                _Unwind_GetDataRelBase
 .text.abort    0x000129b4       0x10 c:/nxp/lpcxpresso_8.2.2_650/lpcxpresso/tools/bin/../lib/gcc/arm-none-eabi/5.4.1/../../../../arm-none-eabi/lib/armv7-m\libc.a(lib_a-abort.o)
                0x000129b4                abort
 .text._raise_r
                0x000129c4       0x58 c:/nxp/lpcxpresso_8.2.2_650/lpcxpresso/tools/bin/../lib/gcc/arm-none-eabi/5.4.1/../../../../arm-none-eabi/lib/armv7-m\libc.a(lib_a-signal.o)
                0x000129c4                _raise_r
 .text.raise    0x00012a1c       0x10 c:/nxp/lpcxpresso_8.2.2_650/lpcxpresso/tools/bin/../lib/gcc/arm-none-eabi/5.4.1/../../../../arm-none-eabi/lib/armv7-m\libc.a(lib_a-signal.o)
                0x00012a1c                raise
 .text._kill_r  0x00012a2c       0x28 c:/nxp/lpcxpresso_8.2.2_650/lpcxpresso/tools/bin/../lib/gcc/arm-none-eabi/5.4.1/../../../../arm-none-eabi/lib/armv7-m\libc.a(lib_a-signalr.o)
                0x00012a2c                _kill_r
 .text._getpid_r
                0x00012a54        0x4 c:/nxp/lpcxpresso_8.2.2_650/lpcxpresso/tools/bin/../lib/gcc/arm-none-eabi/5.4.1/../../../../arm-none-eabi/lib/armv7-m\libc.a(lib_a-signalr.o)
                0x00012a54                _getpid_r
 .text._exit    0x00012a58        0x2 c:/nxp/lpcxpresso_8.2.2_650/lpcxpresso/tools/bin/../lib/gcc/arm-none-eabi/5.4.1/../../../../arm-none-eabi/lib/armv7-m\libcr_newlib_nohost.a(_exit.o)
                0x00012a58                _exit
 *fill*         0x00012a5a        0x2 ff
 .text._getpid  0x00012a5c       0x10 c:/nxp/lpcxpresso_8.2.2_650/lpcxpresso/tools/bin/../lib/gcc/arm-none-eabi/5.4.1/../../../../arm-none-eabi/lib/armv7-m\libcr_newlib_nohost.a(getpid.o)
                0x00012a5c                _getpid
 .text._kill    0x00012a6c       0x10 c:/nxp/lpcxpresso_8.2.2_650/lpcxpresso/tools/bin/../lib/gcc/arm-none-eabi/5.4.1/../../../../arm-none-eabi/lib/armv7-m\libcr_newlib_nohost.a(kill.o)
                0x00012a6c                _kill
 *(.rodata .rodata.*)
 .rodata.PinMap_CAN_RD
                0x00012a7c       0x3c ./mbed-src/targets/hal/TARGET_NXP/TARGET_LPC176X/can_api.o
 .rodata.PinMap_CAN_TD
                0x00012ab8       0x3c ./mbed-src/targets/hal/TARGET_NXP/TARGET_LPC176X/can_api.o
 .rodata.timing_pts
                0x00012af4       0xb8 ./mbed-src/targets/hal/TARGET_NXP/TARGET_LPC176X/can_api.o
 .rodata        0x00012bac       0x17 ./mbed-src/targets/hal/TARGET_NXP/TARGET_LPC176X/can_api.o
 *fill*         0x00012bc3        0x1 ff
 .rodata.PinMap_PWM
                0x00012bc4       0xb4 ./mbed-src/targets/hal/TARGET_NXP/TARGET_LPC176X/pwmout_api.o
 .rodata        0x00012c78       0x1a ./mbed-src/targets/hal/TARGET_NXP/TARGET_LPC176X/pwmout_api.o
 *fill*         0x00012c92        0x2 ff
 .rodata.PinMap_UART_TX
                0x00012c94       0x6c ./mbed-src/targets/hal/TARGET_NXP/TARGET_LPC176X/serial_api.o
 .rodata.PinMap_UART_RX
                0x00012d00       0x6c ./mbed-src/targets/hal/TARGET_NXP/TARGET_LPC176X/serial_api.o
 .rodata        0x00012d6c       0xa6 ./mbed-src/targets/hal/TARGET_NXP/TARGET_LPC176X/serial_api.o
 *fill*         0x00012e12        0x2 ff
 .rodata._ZTVN4mbed3CANE
                0x00012e14       0x10 ./mbed-src/common/CAN.o
                0x00012e14                vtable for mbed::CAN
 .rodata._ZTIN4mbed3CANE
                0x00012e24        0x8 ./mbed-src/common/CAN.o
                0x00012e24                typeinfo for mbed::CAN
 .rodata._ZTSN4mbed3CANE
                0x00012e2c        0xc ./mbed-src/common/CAN.o
                0x00012e2c                typeinfo name for mbed::CAN
 .rodata._ZTVN4mbed8FileBaseE
                0x00012e38       0x10 ./mbed-src/common/FileBase.o
                0x00012e38                vtable for mbed::FileBase
 .rodata._ZTIN4mbed8FileBaseE
                0x00012e48        0x8 ./mbed-src/common/FileBase.o
                0x00012e48                typeinfo for mbed::FileBase
 .rodata._ZTSN4mbed8FileBaseE
                0x00012e50       0x11 ./mbed-src/common/FileBase.o
                0x00012e50                typeinfo name for mbed::FileBase
 *fill*         0x00012e61        0x3 ff
 .rodata._ZTVN4mbed8FileLikeE
                0x00012e64       0x3c ./mbed-src/common/FileLike.o
                0x00012e64                vtable for mbed::FileLike
 .rodata._ZTIN4mbed8FileLikeE
                0x00012ea0       0x20 ./mbed-src/common/FileLike.o
                0x00012ea0                typeinfo for mbed::FileLike
 .rodata._ZTSN4mbed8FileLikeE
                0x00012ec0       0x11 ./mbed-src/common/FileLike.o
                0x00012ec0                typeinfo name for mbed::FileLike
 *fill*         0x00012ed1        0x3 ff
 .rodata._ZTVN4mbed6SerialE
                0x00012ed4       0x44 ./mbed-src/common/Serial.o
                0x00012ed4                vtable for mbed::Serial
 .rodata._ZTIN4mbed6SerialE
                0x00012f18       0x20 ./mbed-src/common/Serial.o
                0x00012f18                typeinfo for mbed::Serial
 .rodata._ZTSN4mbed6SerialE
                0x00012f38        0xf ./mbed-src/common/Serial.o
                0x00012f38                typeinfo name for mbed::Serial
 *fill*         0x00012f47        0x1 ff
 .rodata._ZTIN4mbed10SerialBaseE
                0x00012f48        0x8 ./mbed-src/common/Serial.o
                0x00012f48                typeinfo for mbed::SerialBase
 .rodata._ZTSN4mbed10SerialBaseE
                0x00012f50       0x14 ./mbed-src/common/Serial.o
                0x00012f50                typeinfo name for mbed::SerialBase
 .rodata        0x00012f64        0x7 ./mbed-src/common/Stream.o
 *fill*         0x00012f6b        0x1 ff
 .rodata._ZTVN4mbed6StreamE
                0x00012f6c       0x44 ./mbed-src/common/Stream.o
                0x00012f6c                vtable for mbed::Stream
 .rodata._ZTIN4mbed6StreamE
                0x00012fb0        0xc ./mbed-src/common/Stream.o
                0x00012fb0                typeinfo for mbed::Stream
 .rodata._ZTSN4mbed6StreamE
                0x00012fbc        0xf ./mbed-src/common/Stream.o
                0x00012fbc                typeinfo name for mbed::Stream
 *fill*         0x00012fcb        0x1 ff